###############################################################################
#                                                                             #
# IAR ELF Linker V5.41.0.51741/W32 for ARM              04/Jun/2014  07:55:43 #
# Copyright (C) 2007-2009 IAR Systems AB.                                     #
#                                                                             #
#    Output file  =  E:\Workshops\renovate\lamps\build\exe\vehicle.out        #
#    Map file     =  E:\Workshops\renovate\lamps\build\list\vehicle.map       #
#    Command line =  E:\Workshops\renovate\lamps\build\obj\adc.o              #
#                    E:\Workshops\renovate\lamps\build\obj\callback.o         #
#                    E:\Workshops\renovate\lamps\build\obj\command.o          #
#                    E:\Workshops\renovate\lamps\build\obj\common.o           #
#                    E:\Workshops\renovate\lamps\build\obj\exception.o        #
#                    E:\Workshops\renovate\lamps\build\obj\incoming.o         #
#                    E:\Workshops\renovate\lamps\build\obj\ledlamp.o          #
#                    E:\Workshops\renovate\lamps\build\obj\micro.o            #
#                    E:\Workshops\renovate\lamps\build\obj\mobile.o           #
#                    E:\Workshops\renovate\lamps\build\obj\network.o          #
#                    E:\Workshops\renovate\lamps\build\obj\pwm.o              #
#                    E:\Workshops\renovate\lamps\build\obj\sensor.o           #
#                    E:\Workshops\renovate\lamps\build\obj\sink.o             #
#                    E:\Workshops\renovate\lamps\build\obj\sysinfo.o          #
#                    E:\Workshops\renovate\lamps\build\obj\timevent.o         #
#                    E:\Workshops\renovate\lamps\build\obj\vehicle.o          #
#                    E:\Workshops\renovate\lamps\lib\alarm-library.a          #
#                    E:\Workshops\renovate\lamps\lib\binding-table-library.a  #
#                    E:\Workshops\renovate\lamps\lib\cbke-stub-library.a      #
#                    E:\Workshops\renovate\lamps\lib\end-device-bind-stub-lib #
#                    rary.a E:\Workshops\renovate\lamps\lib\hal-library.a     #
#                    E:\Workshops\renovate\lamps\lib\sealib.a                 #
#                    E:\Workshops\renovate\lamps\lib\security-library-core.a  #
#                    E:\Workshops\renovate\lamps\lib\security-library-link-ke #
#                    ys.a E:\Workshops\renovate\lamps\lib\zigbee-pro-stack.a  #
#                    -o E:\Workshops\renovate\lamps\build\exe\vehicle.out     #
#                    --config_def NULL_BTL=1 --map                            #
#                    E:\Workshops\renovate\lamps\build\list\vehicle.map       #
#                    --log initialization,modules,sections,veneers            #
#                    --log_file E:\Workshops\renovate\lamps\build\list\vehicl #
#                    e.log --config E:\Workshops\renovate\lamps\build/icf/iar #
#                    -cfg.icf --diag_suppress Lp012 --entry halEntryPoint     #
#                                                                             #
#                                                                             #
###############################################################################

*******************************************************************************
*** RUNTIME MODEL ATTRIBUTES
***

__endian      = little
__thumb_aware = enabled


*******************************************************************************
*** PLACEMENT SUMMARY
***

"HEADERS":
       place at start of [0x08000000-0x080000ff] { block HEADER_block };
"APP ro":
       place at start of [0x08000100-0x0801ffff] { block APPRO_block };
"SIMEE":
       place at end of [0x08000100-0x0801ffff] { zi section SIMEE };
"FAT": place at 0x08040000 { section FAT };
"DEBUGCHAN":
       place at start of [0x20001fe0-0x20001fff] { rw section DEBUG_CHANNEL };
"APP rw":
       place at start of [0x20000000-0x20001fdf] { block APPRW_block };

  Section                Kind        Address     Size  Object
  -------                ----        -------     ----  ------
"HEADERS":                                       0xd8
  HEADER_block                    0x08000000     0xd8  <Block>
    BAT                  const    0x08000000     0x3c  cstartup-iar-common.o [10]
    AAT                  const    0x0800003c     0x9c  cstartup-iar-common.o [10]
                                - 0x080000d8     0xd8

"APP ro":                                     0x197c9
  APPRO_block                     0x08000100  0x197c9  <Block>
    .intvec              const    0x08000100     0x84  cstartup-iar-common.o [10]
    .text                         0x08000184  0x17bfe  <Block>
      .text              ro code  0x08000184    0x2c0  adc.o [1]
      .text              ro code  0x08000444    0x142  callback.o [1]
      .text              ro code  0x08000588    0x978  command.o [1]
      .text              ro code  0x08000f00    0x14c  common.o [1]
      .text              ro code  0x0800104c    0x178  exception.o [1]
      .text              ro code  0x080011c4    0x670  incoming.o [1]
      .text              ro code  0x08001834    0x1cc  ledlamp.o [1]
      .text              ro code  0x08001a00    0x228  micro.o [1]
      .text              ro code  0x08001c28     0x10  mobile.o [1]
      .text              ro code  0x08001c38    0x21c  network.o [1]
      .text              ro code  0x08001e54    0x114  pwm.o [1]
      .text              ro code  0x08001f68    0x7b4  sensor.o [1]
      .text              ro code  0x0800271c    0x818  sysinfo.o [1]
      .text              ro code  0x08002f34   0x11ec  vehicle.o [1]
      .text              ro code  0x08004120    0x154  cstartup-iar.o [8]
      .text              ro code  0x08004274      0x6  spmr.o [8]
      .text              ro code  0x0800427c      0xc  spmr.o [8]
      .text              ro code  0x08004288      0xe  spmr.o [8]
      .text              ro code  0x08004298      0x8  spmr.o [8]
      .text              ro code  0x080042a0    0x9fc  analogue.o [13]
      .text              ro code  0x08004c9c    0x228  diagnostic.o [10]
      .text              ro code  0x08004ec4    0x310  fragment.o [10]
      .text              ro code  0x080051d4    0x672  packet-buffer.o [13]
      .text              ro code  0x08005848   0x1098  association.o [13]
      .text              ro code  0x080068e0    0x172  mem.o [10]
      .text              ro code  0x08006a54    0x2dc  table.o [10]
      .text              ro code  0x08006d30     0xfc  console.o [10]
      .text              ro code  0x08006e2c    0x128  serial.o [10]
      .text              ro code  0x08006f54     0x9c  msg.o [10]
      .text              ro code  0x08006ff0    0x150  lamp.o [10]
      .text              ro code  0x08007140     0x28  eui64.o [13]
      .text              ro code  0x08007168    0x110  ember-configuration.o [10]
      .text              ro code  0x08007278    0x6c8  child.o [13]
      .text              ro code  0x08007940     0x40  child-table.o [13]
      .text              ro code  0x08007980    0x248  jit.o [13]
      .text              ro code  0x08007bc8    0x3dc  aps-keys.o [11]
      .text              ro code  0x08007fa4    0x10c  ember-stack-common.o [13]
      .text              ro code  0x080080b0    0x8c0  application-support.o [13]
      .text              ro code  0x08008970    0x2da  leave.o [13]
      .text              ro code  0x08008c4c     0xac  zigbee-dispatch.o [13]
      .text              ro code  0x08008cf8     0xe8  ticker.o [10]
      .text              ro code  0x08008de0    0x1c0  zigbee-stack.o [13]
      .text              ro code  0x08008fa0    0x204  mac-header.o [13]
      .text              ro code  0x080091a4    0x174  token.o [10]
      .text              ro code  0x08009318    0x2bc  micro-internal.o [8]
      .text              ro code  0x080095d4     0x64  cstartup-iar-common.o [10]
      .text              ro code  0x08009638    0x12e  button.o [10]
      .text              ro code  0x08009768     0xe6  uart.o [10]
      .text              ro code  0x08009850    0x3c2  form-and-join.o [10]
      .text              ro code  0x08009c14     0x44  form-and-join-node-adapter.o [10]
      .text              ro code  0x08009c58    0x3a0  mac-arbiter.o [13]
      .text              ro code  0x08009ff8    0x26c  frame.o [10]
      .text              ro code  0x0800a264     0x84  flash.o [10]
      .text              ro code  0x0800a2e8     0x1c  nodeid.o [13]
      .text              ro code  0x0800a304     0x28  trust-center.o [10]
      .text              ro code  0x0800a32c     0x48  random.o [10]
      .text              ro code  0x0800a374     0x40  mpu.o [10]
      .text              ro code  0x0800a3b4     0x38  context-switch.o [8]
      .text              ro code  0x0800a3ec     0x10  context-switch.o [8]
      .text              ro code  0x0800a3fc    0x4c0  phy.o [13]
      .text              ro code  0x0800a8bc    0x264  analogue-cell-bias.o [13]
      .text              ro code  0x0800ab20    0x154  analogue-mod-dac.o [13]
      .text              ro code  0x0800ac74    0x4a8  phy-common.o [13]
      .text              ro code  0x0800b11c    0x5e0  neighbor.o [13]
      .text              ro code  0x0800b6fc    0x798  aps-retry.o [13]
      .text              ro code  0x0800be94   0x116c  network.o [13]
      .text              ro code  0x0800d000    0x478  trust-center-util.o [11]
      .text              ro code  0x0800d478    0x564  zigbee-packet-header.o [13]
      .text              ro code  0x0800d9dc    0x324  management.o [13]
      .text              ro code  0x0800dd00    0x21e  retry.o [13]
      .text              ro code  0x0800df20    0x21c  packet-header.o [13]
      .text              ro code  0x0800e13c    0x2d8  random-id.o [13]
      .text              ro code  0x0800e414    0xa44  aps-security.o [11]
      .text              ro code  0x0800ee58    0x344  command.o [13]
      .text              ro code  0x0800f19c    0x360  mac.o [13]
      .text              ro code  0x0800f4fc    0x348  scan.o [13]
      .text              ro code  0x0800f844    0x54c  mac-indirect.o [13]
      .text              ro code  0x0800fd90    0x144  child-aging.o [13]
      .text              ro code  0x0800fed4    0x488  zigbee-device-util.o [13]
      .text              ro code  0x0801035c    0x350  zdo-channel.o [13]
      .text              ro code  0x080106ac    0xaa0  sim-eeprom-internal.o [8]
      .text              ro code  0x0801114c    0x210  alarm.o [3]
      .text              ro code  0x0801135c    0x33c  address-table.o [13]
      .text              ro code  0x08011698    0x15c  route-error.o [13]
      .text              ro code  0x080117f4    0x5c4  crypto.o [13]
      .text              ro code  0x08011db8    0x2a4  aps-keys-full.o [12]
      .text              ro code  0x0801205c    0x1d8  mac-receive.o [13]
      .text              ro code  0x08012234    0x344  neighbor-exchange.o [13]
      .text              ro code  0x08012578    0x20c  aps-encryption.o [11]
      .text              ro code  0x08012784    0x350  binding-table.o [4]
      .text              ro code  0x08012ad4    0x154  broadcast.o [13]
      .text              ro code  0x08012c28    0x38e  route-table.o [13]
      .text              ro code  0x08012fb8     0x18  cal-pads.o [13]
      .text              ro code  0x08012fd0    0x150  mac-em250.o [13]
      .text              ro code  0x08013120    0x294  debug-jtag.o [13]
      .text              ro code  0x080133b4    0x224  debug.o [13]
      .text              ro code  0x080135d8    0x1ec  zigbee-neighbor.o [13]
      .text              ro code  0x080137c4     0x40  system-timer.o [8]
      .text              ro code  0x08013804    0x344  flash.o [8]
      .text              ro code  0x08013b48      0x0  isr-stubs.o [10]
      .text              ro code  0x08013b48      0x0  isr-stubs.o [10]
      .text              ro code  0x08013b48      0x0  isr-stubs.o [10]
      .text              ro code  0x08013b48      0x0  isr-stubs.o [10]
      .text              ro code  0x08013b48      0x0  isr-stubs.o [10]
      .text              ro code  0x08013b48      0x0  isr-stubs.o [10]
      .text              ro code  0x08013b48      0x0  isr-stubs.o [10]
      .text              ro code  0x08013b48      0x0  isr-stubs.o [10]
      .text              ro code  0x08013b48      0x0  isr-stubs.o [10]
      .text              ro code  0x08013b48      0x0  isr-stubs.o [10]
      .text              ro code  0x08013b48      0x0  isr-stubs.o [10]
      .text              ro code  0x08013b48      0x0  isr-stubs.o [10]
      .text              ro code  0x08013b48      0x0  isr-stubs.o [10]
      .text              ro code  0x08013b48      0x0  isr-stubs.o [10]
      .text              ro code  0x08013b48     0x60  symbol-timer.o [13]
      .text              ro code  0x08013ba8     0xec  aes.o [13]
      .text              ro code  0x08013c94     0x64  unicast-table.o [13]
      .text              ro code  0x08013cf8    0x77e  route-discovery.o [13]
      .text              ro code  0x08014478     0xf4  source-route.o [10]
      .text              ro code  0x0801456c     0x48  led.o [10]
      .text              ro code  0x080145b4    0x714  zigbee-device.o [13]
      .text              ro code  0x08014cc8     0x24  crc.o [10]
      .text              ro code  0x08014cec     0x80  faults.o [10]
      .text              ro code  0x08014d6c     0x70  security-address-cache.o [10]
      .text              ro code  0x08014ddc     0xb4  source-route-common.o [10]
      .text              ro code  0x08014e90    0x1bc  zdo-binding-table.o [4]
      .text              ro code  0x0801504c     0x20  sscanf.o [6]
      .text              ro code  0x0801506c     0x36  strlen.o [9]
      .text              ro code  0x080150a4     0x16  strchr.o [9]
      .text              ro code  0x080150bc      0x6  ABImemclr4.o [9]
      .text              ro code  0x080150c4     0x28  vsprintf.o [6]
      .text              ro code  0x080150ec     0x70  ABImemcpy.o [9]
      .text              ro code  0x0801515c    0x9e0  xscanffull.o [6]
      .text              ro code  0x08015b3c     0x38  ABImemset48.o [9]
      .text              ro code  0x08015b74    0xcc2  xprintffull.o [6]
      .text              ro code  0x08016838     0x90  DblToFlt.o [9]
      .text              ro code  0x080168c8    0x108  xdscale.o [6]
      .text              ro code  0x080169d0     0x58  memchr.o [9]
      .text              ro code  0x08016a28     0xbc  xstold.o [6]
      .text              ro code  0x08016ae4    0x164  xstoull.o [6]
      .text              ro code  0x08016c48     0x2e  DblCmpLe.o [9]
      .text              ro code  0x08016c78     0x2e  DblCmpGe.o [9]
      .text              ro code  0x08016ca8     0x56  DblToI32.o [9]
      .text              ro code  0x08016d00    0x246  DblDiv.o [9]
      .text              ro code  0x08016f48    0x1a2  DblMul.o [9]
      .text              ro code  0x080170ec    0x17e  DblSub.o [9]
      .text              ro code  0x0801726c     0x2e  I32ToDbl.o [9]
      .text              ro code  0x0801729c    0x12e  I64DivMod.o [9]
      .text              ro code  0x080173cc    0x1b0  xstoflt.o [6]
      .text              ro code  0x0801757c     0xe6  DblAdd.o [9]
      .text              ro code  0x08017664    0x160  xdtento.o [6]
      .text              ro code  0x080177c4     0x14  errno.o [6]
      .text              ro code  0x080177d8      0x2  I64DivZer.o [9]
      .text              ro code  0x080177dc     0x20  DblCmpEq.o [9]
      .text              ro code  0x080177fc     0x3c  node.o [10]
      .text              ro code  0x08017838     0x80  event-control.o [13]
      .text              ro code  0x080178b8      0x8  high-security-stub.o [11]
      .text              ro code  0x080178c0      0x8  aps-skke-stub.o [11]
      .text              ro code  0x080178c8     0x2c  form-and-join-node-callbacks.o [10]
      .text              ro code  0x080178f4      0xe  sim-eeprom.o [10]
      .text              ro code  0x08017902     0xf6  hashing.o [11]
      .text              ro code  0x080179f8     0x14  cbke-crypto-engine-stub.o [5]
      .text              ro code  0x08017a0c     0x12  phy-util.o [13]
      .text              ro code  0x08017a1e      0x8  end-device-bind-stub.o [7]
      .text              ro code  0x08017a26     0x44  misc.o [13]
      .text              ro code  0x08017a6a     0x2a  strncmp.o [6]
      .text              ro code  0x08017a94      0x8  abs.o [6]
      .text              ro code  0x08017a9c     0x20  xsscin.o [6]
      .text              ro code  0x08017abc      0xa  xsprout.o [6]
      .text              ro code  0x08017ac6     0x8e  xstoll.o [6]
      .text              ro code  0x08017b54     0xc6  xdnorm.o [6]
      .text              ro code  0x08017c1a      0xe  div.o [6]
      .text              ro code  0x08017c28     0xf6  xstopfx.o [6]
      .text              ro code  0x08017d1e     0x64  xdtento.o [6]
    .rodata              const    0x08017d88     0x10  xstold.o [6]
    .rodata              const    0x08017d98     0x48  xdtento.o [6]
    .rodata              const    0x08017de0      0x8  command.o [1]
    .rodata              const    0x08017de8     0x18  command.o [1]
    .rodata              const    0x08017e00     0x2c  command.o [1]
    .rodata              const    0x08017e2c     0x24  command.o [1]
    .rodata              const    0x08017e50     0x24  command.o [1]
    .rodata              const    0x08017e74     0x24  command.o [1]
    .rodata              const    0x08017e98     0x30  command.o [1]
    .rodata              const    0x08017ec8     0x2c  command.o [1]
    .rodata              const    0x08017ef4     0x38  command.o [1]
    .rodata              const    0x08017f2c     0x20  command.o [1]
    .rodata              const    0x08017f4c     0x24  command.o [1]
    .rodata              const    0x08017f70     0x40  command.o [1]
    .rodata              const    0x08017fb0      0x8  command.o [1]
    .rodata              const    0x08017fb8      0x8  command.o [1]
    .rodata              const    0x08017fc0      0x8  command.o [1]
    .rodata              const    0x08017fc8      0xc  command.o [1]
    .rodata              const    0x08017fd4      0xc  command.o [1]
    .rodata              const    0x08017fe0     0x10  command.o [1]
    .rodata              const    0x08017ff0     0x20  command.o [1]
    .rodata              const    0x08018010     0x28  command.o [1]
    .rodata              const    0x08018038     0x18  command.o [1]
    .rodata              const    0x08018050     0x14  command.o [1]
    .rodata              const    0x08018064     0x18  command.o [1]
    .rodata              const    0x0801807c     0x1c  command.o [1]
    .rodata              const    0x08018098      0x8  command.o [1]
    .rodata              const    0x080180a0     0x14  command.o [1]
    .rodata              const    0x080180b4     0x34  command.o [1]
    .rodata              const    0x080180e8     0x14  command.o [1]
    .rodata              const    0x080180fc     0x4c  command.o [1]
    .rodata              const    0x08018148     0x18  command.o [1]
    .rodata              const    0x08018160      0xc  command.o [1]
    .rodata              const    0x0801816c     0x18  command.o [1]
    .rodata              const    0x08018184      0x8  common.o [1]
    .rodata              const    0x0801818c     0x1c  exception.o [1]
    .rodata              const    0x080181a8     0x20  exception.o [1]
    .rodata              const    0x080181c8     0x20  exception.o [1]
    .rodata              const    0x080181e8     0x20  exception.o [1]
    .rodata              const    0x08018208     0x3c  incoming.o [1]
    .rodata              const    0x08018244     0x2c  incoming.o [1]
    .rodata              const    0x08018270     0x24  incoming.o [1]
    .rodata              const    0x08018294     0x24  incoming.o [1]
    .rodata              const    0x080182b8     0x28  incoming.o [1]
    .rodata              const    0x080182e0     0x20  incoming.o [1]
    .rodata              const    0x08018300     0x30  incoming.o [1]
    .rodata              const    0x08018330     0x34  incoming.o [1]
    .rodata              const    0x08018364     0x34  incoming.o [1]
    .rodata              const    0x08018398     0x3c  incoming.o [1]
    .rodata              const    0x080183d4     0x40  incoming.o [1]
    .rodata              const    0x08018414     0x2c  incoming.o [1]
    .rodata              const    0x08018440     0x10  ledlamp.o [1]
    .rodata              const    0x08018450      0x8  ledlamp.o [1]
    .rodata              const    0x08018458     0x10  ledlamp.o [1]
    .rodata              const    0x08018468      0xc  ledlamp.o [1]
    .rodata              const    0x08018474      0x8  ledlamp.o [1]
    .rodata              const    0x0801847c     0x18  ledlamp.o [1]
    .rodata              const    0x08018494     0x18  micro.o [1]
    .rodata              const    0x080184ac     0x30  sensor.o [1]
    .rodata              const    0x080184dc     0x40  sensor.o [1]
    .rodata              const    0x0801851c     0x18  sensor.o [1]
    .rodata              const    0x08018534     0x2c  sensor.o [1]
    .rodata              const    0x08018560     0x20  sensor.o [1]
    .rodata              const    0x08018580     0x28  sensor.o [1]
    .rodata              const    0x080185a8     0x20  sensor.o [1]
    .rodata              const    0x080185c8     0x18  sensor.o [1]
    .rodata              const    0x080185e0     0x28  sensor.o [1]
    .rodata              const    0x08018608     0x20  sensor.o [1]
    .rodata              const    0x08018628     0x3c  sensor.o [1]
    .rodata              const    0x08018664     0x2c  sensor.o [1]
    .rodata              const    0x08018690     0x2c  sensor.o [1]
    .rodata              const    0x080186bc     0x2c  sensor.o [1]
    .rodata              const    0x080186e8      0x8  sensor.o [1]
    .rodata              const    0x080186f0     0x28  sysinfo.o [1]
    .rodata              const    0x08018718     0x10  sysinfo.o [1]
    .rodata              const    0x08018728     0x14  sysinfo.o [1]
    .rodata              const    0x0801873c     0x14  sysinfo.o [1]
    .rodata              const    0x08018750     0x14  sysinfo.o [1]
    .rodata              const    0x08018764     0x18  sysinfo.o [1]
    .rodata              const    0x0801877c     0x18  sysinfo.o [1]
    .rodata              const    0x08018794     0x18  sysinfo.o [1]
    .rodata              const    0x080187ac     0x14  sysinfo.o [1]
    .rodata              const    0x080187c0     0x18  sysinfo.o [1]
    .rodata              const    0x080187d8     0x18  sysinfo.o [1]
    .rodata              const    0x080187f0     0x14  sysinfo.o [1]
    .rodata              const    0x08018804     0x20  sysinfo.o [1]
    .rodata              const    0x08018824      0x8  sysinfo.o [1]
    .rodata              const    0x0801882c      0x8  sysinfo.o [1]
    .rodata              const    0x08018834     0x2c  sysinfo.o [1]
    .rodata              const    0x08018860     0x2c  sysinfo.o [1]
    .rodata              const    0x0801888c     0x34  sysinfo.o [1]
    .rodata              const    0x080188c0     0x20  sysinfo.o [1]
    .rodata              const    0x080188e0     0x18  sysinfo.o [1]
    .rodata              const    0x080188f8     0x20  sysinfo.o [1]
    .rodata              const    0x08018918     0x18  sysinfo.o [1]
    .rodata              const    0x08018930     0x18  sysinfo.o [1]
    .rodata              const    0x08018948     0x20  sysinfo.o [1]
    .rodata              const    0x08018968     0x20  sysinfo.o [1]
    .rodata              const    0x08018988     0x20  sysinfo.o [1]
    .rodata              const    0x080189a8     0x18  sysinfo.o [1]
    .rodata              const    0x080189c0     0x1c  sysinfo.o [1]
    .rodata              const    0x080189dc     0x30  sysinfo.o [1]
    .rodata              const    0x08018a0c     0x10  sysinfo.o [1]
    .rodata              const    0x08018a1c     0x14  sysinfo.o [1]
    .rodata              const    0x08018a30     0x14  sysinfo.o [1]
    .rodata              const    0x08018a44      0x8  sysinfo.o [1]
    .rodata              const    0x08018a4c      0x8  sysinfo.o [1]
    .rodata              const    0x08018a54     0x24  sysinfo.o [1]
    .rodata              const    0x08018a78      0x8  sysinfo.o [1]
    .rodata              const    0x08018a80     0x18  sysinfo.o [1]
    .rodata              const    0x08018a98     0x14  sysinfo.o [1]
    .rodata              const    0x08018aac     0x1c  sysinfo.o [1]
    .rodata              const    0x08018ac8     0x20  sysinfo.o [1]
    .rodata              const    0x08018ae8     0x20  sysinfo.o [1]
    .rodata              const    0x08018b08     0x14  sysinfo.o [1]
    .rodata              const    0x08018b1c     0x18  sysinfo.o [1]
    .rodata              const    0x08018b34     0x14  sysinfo.o [1]
    .rodata              const    0x08018b48     0x14  sysinfo.o [1]
    .rodata              const    0x08018b5c     0x14  sysinfo.o [1]
    .rodata              const    0x08018b70     0x14  sysinfo.o [1]
    .rodata              const    0x08018b84     0x40  sysinfo.o [1]
    .rodata              const    0x08018bc4     0x38  sysinfo.o [1]
    .rodata              const    0x08018bfc     0x10  vehicle.o [1]
    .rodata              const    0x08018c0c     0x10  vehicle.o [1]
    .rodata              const    0x08018c1c     0x14  vehicle.o [1]
    .rodata              const    0x08018c30     0x10  vehicle.o [1]
    .rodata              const    0x08018c40     0x18  vehicle.o [1]
    .rodata              const    0x08018c58     0x18  vehicle.o [1]
    .rodata              const    0x08018c70     0x10  vehicle.o [1]
    .rodata              const    0x08018c80     0x18  vehicle.o [1]
    .rodata              const    0x08018c98     0x18  vehicle.o [1]
    .rodata              const    0x08018cb0     0x28  vehicle.o [1]
    .rodata              const    0x08018cd8     0x14  vehicle.o [1]
    .rodata              const    0x08018cec     0x24  vehicle.o [1]
    .rodata              const    0x08018d10     0x28  vehicle.o [1]
    .rodata              const    0x08018d38     0x30  vehicle.o [1]
    .rodata              const    0x08018d68     0x24  vehicle.o [1]
    .rodata              const    0x08018d8c     0x20  vehicle.o [1]
    .rodata              const    0x08018dac     0x28  vehicle.o [1]
    .rodata              const    0x08018dd4     0x28  vehicle.o [1]
    .rodata              const    0x08018dfc      0xc  vehicle.o [1]
    .rodata              const    0x08018e08     0x20  vehicle.o [1]
    .rodata              const    0x08018e28     0x10  cstartup-iar.o [8]
    .rodata              const    0x08018e38     0x4c  analogue.o [13]
    .rodata              const    0x08018e84     0x20  analogue.o [13]
    .rodata              const    0x08018ea4      0x8  analogue.o [13]
    .rodata              const    0x08018eac     0x14  diagnostic.o [10]
    .rodata              const    0x08018ec0     0x10  fragment.o [10]
    .rodata              const    0x08018ed0     0x10  packet-buffer.o [13]
    .rodata              const    0x08018ee0     0x10  association.o [13]
    .rodata              const    0x08018ef0      0x8  association.o [13]
    .rodata              const    0x08018ef8     0x78  table.o [10]
    .rodata              const    0x08018f70      0xc  lamp.o [10]
    .rodata              const    0x08018f7c     0x10  ember-configuration.o [10]
    .rodata              const    0x08018f8c      0x8  child.o [13]
    .rodata              const    0x08018f94     0xa8  zigbee-stack.o [13]
    .rodata              const    0x0801903c     0x10  token.o [10]
    .rodata              const    0x0801904c     0x10  cstartup-iar-common.o [10]
    .rodata              const    0x0801905c     0x4c  uart.o [10]
    .rodata              const    0x080190a8      0x8  form-and-join.o [10]
    .rodata              const    0x080190b0     0x18  form-and-join-node-adapter.o [10]
    .rodata              const    0x080190c8     0x10  mac-arbiter.o [13]
    .rodata              const    0x080190d8     0x40  mpu.o [10]
    .rodata              const    0x08019118      0x8  phy.o [13]
    .rodata              const    0x08019120     0x9c  analogue-cell-bias.o [13]
    .rodata              const    0x080191bc     0x58  analogue-cell-bias.o [13]
    .rodata              const    0x08019214     0x10  phy-common.o [13]
    .rodata              const    0x08019224      0x8  phy-common.o [13]
    .rodata              const    0x0801922c      0xc  neighbor.o [13]
    .rodata              const    0x08019238      0x8  network.o [13]
    .rodata              const    0x08019240     0x10  packet-header.o [13]
    .rodata              const    0x08019250     0x10  packet-header.o [13]
    .rodata              const    0x08019260      0x8  aps-security.o [11]
    .rodata              const    0x08019268      0x8  mac.o [13]
    .rodata              const    0x08019270      0x8  scan.o [13]
    .rodata              const    0x08019278      0x4  mac-indirect.o [13]
    .rodata              const    0x0801927c      0x8  zigbee-device-util.o [13]
    .rodata              const    0x08019284      0x8  zdo-channel.o [13]
    .rodata              const    0x0801928c      0x8  zdo-channel.o [13]
    .rodata              const    0x08019294     0x10  sim-eeprom.o [10]
    .rodata              const    0x080192a4     0x18  sim-eeprom-internal.o [8]
    .rodata              const    0x080192bc     0x10  route-table.o [13]
    .rodata              const    0x080192cc      0xc  mac-em250.o [13]
    .rodata              const    0x080192d8      0xc  debug.o [13]
    .rodata              const    0x080192e4      0xc  debug.o [13]
    .rodata              const    0x080192f0      0x8  flash.o [8]
    .rodata              const    0x080192f8     0x14  route-discovery.o [13]
    .rodata              const    0x0801930c      0xc  led.o [10]
    .rodata              const    0x08019318      0xc  led.o [10]
    .rodata              const    0x08019324     0x24  zigbee-device.o [13]
    .rodata              const    0x08019348     0x20  token-def.o [10]
    .rodata              const    0x08019368     0x10  token-def.o [10]
    .rodata              const    0x08019378     0x10  token-def.o [10]
    .rodata              const    0x08019388     0x10  token-def.o [10]
    .rodata              const    0x08019398      0x4  token-def.o [10]
    .rodata              const    0x0801939c      0x4  token-def.o [10]
    .rodata              const    0x080193a0     0x14  token-def.o [10]
    .rodata              const    0x080193b4      0x4  token-def.o [10]
    .rodata              const    0x080193b8     0x14  token-def.o [10]
    .rodata              const    0x080193cc     0x10  token-def.o [10]
    .rodata              const    0x080193dc     0x1c  token-def.o [10]
    .rodata              const    0x080193f8     0x1c  token-def.o [10]
    .rodata              const    0x08019414      0x8  token-def.o [10]
    .rodata              const    0x0801941c     0x10  token-def.o [10]
    .rodata              const    0x0801942c      0xc  token-def.o [10]
    .rodata              const    0x08019438     0x1c  token-def.o [10]
    .rodata              const    0x08019454     0x5c  token-def.o [10]
    .rodata              const    0x080194b0      0x8  zdo-binding-table.o [4]
    .rodata              const    0x080194b8     0x10  xscanffull.o [6]
    .rodata              const    0x080194c8      0x8  xprintffull.o [6]
    .rodata              const    0x080194d0     0x50  xstoull.o [6]
    .rodata              const    0x08019520     0x20  xstoflt.o [6]
    .rodata              const    0x08019540      0x2  association.o [13]
    .rodata              const    0x08019542      0x2  token.o [10]
    .rodata              const    0x08019544      0x2  token.o [10]
    .rodata              const    0x08019546      0x2  token.o [10]
    .rodata              const    0x08019548      0x2  token.o [10]
    .rodata              const    0x0801954a      0x2  token.o [10]
    .rodata              const    0x0801954c      0x2  token.o [10]
    .rodata              const    0x0801954e      0x2  token.o [10]
    .rodata              const    0x08019550      0x2  token.o [10]
    .rodata              const    0x08019552      0x2  sim-eeprom.o [10]
    .rodata              const    0x08019554      0x2  sim-eeprom.o [10]
    .rodata              const    0x08019556      0x2  sim-eeprom.o [10]
    .rodata              const    0x08019558      0x2  sim-eeprom.o [10]
    .rodata              const    0x0801955a      0x2  sim-eeprom.o [10]
    .rodata              const    0x0801955c      0x2  sim-eeprom.o [10]
    .rodata              const    0x0801955e      0x2  sim-eeprom.o [10]
    .rodata              const    0x08019560      0x2  token-def.o [10]
    .rodata              const    0x08019562      0x2  token-def.o [10]
    .rodata              const    0x08019564      0x2  token-def.o [10]
    .rodata              const    0x08019566      0x1  aps-skke-stub.o [11]
    .rodata              const    0x08019567      0x1  sim-eeprom.o [10]
    .data_init                    0x08019568    0x361  <Block>
      Initializer bytes  ro data  0x08019568    0x361  <for .data-1>
                                - 0x080198c9  0x197c9

"SIMEE":                                       0x2000
  SIMEE                           0x0801e000   0x2000  <Block>
    SIMEE                uninit   0x0801e000   0x2000  sim-eeprom.o [10]
                                - 0x08020000   0x2000

"FAT":                                           0x2c
  FAT                    uninit   0x08040000     0x2c  cstartup-iar-common.o [10]
                                - 0x0804002c     0x2c

"APP rw":                                      0x1ec4
  APPRW_block                     0x20000000   0x1ec4  <Block>
    CSTACK_overlay                0x20000000    0x758  <Overlay>
      part 1:
        CSTACK                    0x20000000    0x758  <Block>
          CSTACK         uninit   0x20000000    0x758  cstartup-iar-common.o [10]
          CSTACK         const    0x20000758      0x0  spmr.o [8]
          CSTACK         const    0x20000758      0x0  context-switch.o [8]
          CSTACK         const    0x20000758      0x0  isr-stubs.o [10]
          CSTACK         const    0x20000758      0x0  faults.o [10]
      part 2:
        RESETINFO                 0x20000000     0x94  <Block>
          RESETINFO      uninit   0x20000000     0x94  cstartup-iar-common.o [10]
          RESETINFO      const    0x20000094      0x0  spmr.o [8]
          RESETINFO      const    0x20000094      0x0  context-switch.o [8]
          RESETINFO      const    0x20000094      0x0  isr-stubs.o [10]
          RESETINFO      const    0x20000094      0x0  faults.o [10]
    .data                         0x20000758    0x364  <Block>
      .data-1                     0x20000758    0x361  <Init block>
        .data            inited   0x20000758    0x130  command.o [1]
        .data            inited   0x20000888     0x10  ledlamp.o [1]
        .data            inited   0x20000898      0xe  analogue.o [13]
        .data            inited   0x200008a8     0x1a  fragment.o [10]
        .data            inited   0x200008c4     0x1e  fragment.o [10]
        .data            inited   0x200008e4     0x30  association.o [13]
        .data            inited   0x20000914      0x4  ember-configuration.o [10]
        .data            inited   0x20000918      0x4  ember-configuration.o [10]
        .data            inited   0x2000091c      0x4  ember-configuration.o [10]
        .data            inited   0x20000920      0x4  ember-configuration.o [10]
        .data            inited   0x20000924      0x4  ember-configuration.o [10]
        .data            inited   0x20000928      0x4  ember-configuration.o [10]
        .data            inited   0x2000092c      0x4  ember-configuration.o [10]
        .data            inited   0x20000930      0x4  ember-configuration.o [10]
        .data            inited   0x20000934      0x4  ember-configuration.o [10]
        .data            inited   0x20000938      0x4  ember-configuration.o [10]
        .data            inited   0x2000093c      0x4  ember-configuration.o [10]
        .data            inited   0x20000940      0x4  ember-configuration.o [10]
        .data            inited   0x20000944      0x4  ember-configuration.o [10]
        .data            inited   0x20000948      0x4  ember-configuration.o [10]
        .data            inited   0x2000094c      0x4  ember-configuration.o [10]
        .data            inited   0x20000950      0x4  ember-configuration.o [10]
        .data            inited   0x20000954      0x4  ember-configuration.o [10]
        .data            inited   0x20000958      0x4  ember-configuration.o [10]
        .data            inited   0x2000095c      0x4  ember-configuration.o [10]
        .data            inited   0x20000960      0x4  ember-configuration.o [10]
        .data            inited   0x20000964      0xa  jit.o [13]
        .data            inited   0x20000970      0x8  zigbee-stack.o [13]
        .data            inited   0x20000978     0x30  form-and-join.o [10]
        .data            inited   0x200009a8     0x14  mac-arbiter.o [13]
        .data            inited   0x200009bc      0x4  mac-arbiter.o [13]
        .data            inited   0x200009c0      0x4  network.o [13]
        .data            inited   0x200009c4      0xa  management.o [13]
        .data            inited   0x200009d0     0x20  scan.o [13]
        .data            inited   0x200009f0      0xe  mac-indirect.o [13]
        .data            inited   0x20000a00     0x10  zdo-channel.o [13]
        .data            inited   0x20000a10      0x8  mac-receive.o [13]
        .data            inited   0x20000a18      0x4  cal-pads.o [13]
        .data            inited   0x20000a1c      0x4  mac-em250.o [13]
        .data            inited   0x20000a20      0x4  debug-jtag.o [13]
        .data            inited   0x20000a24      0x4  source-route.o [10]
        .data            inited   0x20000a28     0x40  token-def.o [10]
        .data            inited   0x20000a68      0xa  analogue.o [13]
        .data            inited   0x20000a72      0x2  ember-configuration.o [10]
        .data            inited   0x20000a74      0x2  ember-configuration.o [10]
        .data            inited   0x20000a76      0x6  child.o [13]
        .data            inited   0x20000a7c      0x2  application-support.o [13]
        .data            inited   0x20000a7e      0x2  micro-internal.o [8]
        .data            inited   0x20000a80      0x4  nodeid.o [13]
        .data            inited   0x20000a84      0x4  random.o [10]
        .data            inited   0x20000a88      0x4  zigbee-device.o [13]
        .data            inited   0x20000a8c      0x1  common.o [1]
        .data            inited   0x20000a8d      0x1  exception.o [1]
        .data            inited   0x20000a8e      0x1  ledlamp.o [1]
        .data            inited   0x20000a8f      0x1  sensor.o [1]
        .data            inited   0x20000a90      0x1  packet-buffer.o [13]
        .data            inited   0x20000a91      0x1  ember-configuration.o [10]
        .data            inited   0x20000a92      0x1  ember-configuration.o [10]
        .data            inited   0x20000a93      0x1  ember-configuration.o [10]
        .data            inited   0x20000a94      0x1  ember-configuration.o [10]
        .data            inited   0x20000a95      0x1  ember-configuration.o [10]
        .data            inited   0x20000a96      0x1  ember-configuration.o [10]
        .data            inited   0x20000a97      0x1  ember-configuration.o [10]
        .data            inited   0x20000a98      0x1  ember-configuration.o [10]
        .data            inited   0x20000a99      0x1  ember-configuration.o [10]
        .data            inited   0x20000a9a      0x1  ember-configuration.o [10]
        .data            inited   0x20000a9b      0x1  ember-configuration.o [10]
        .data            inited   0x20000a9c      0x1  ember-configuration.o [10]
        .data            inited   0x20000a9d      0x1  ember-configuration.o [10]
        .data            inited   0x20000a9e      0x1  ember-configuration.o [10]
        .data            inited   0x20000a9f      0x1  ember-configuration.o [10]
        .data            inited   0x20000aa0      0x1  ember-configuration.o [10]
        .data            inited   0x20000aa1      0x1  ember-configuration.o [10]
        .data            inited   0x20000aa2      0x1  ember-configuration.o [10]
        .data            inited   0x20000aa3      0x1  ember-configuration.o [10]
        .data            inited   0x20000aa4      0x1  ember-configuration.o [10]
        .data            inited   0x20000aa5      0x1  ember-configuration.o [10]
        .data            inited   0x20000aa6      0x1  application-support.o [13]
        .data            inited   0x20000aa7      0x1  zigbee-stack.o [13]
        .data            inited   0x20000aa8      0x2  trust-center.o [10]
        .data            inited   0x20000aaa      0x1  phy-common.o [13]
        .data            inited   0x20000aab      0x6  phy-common.o [13]
        .data            inited   0x20000ab1      0x2  trust-center-util.o [11]
        .data            inited   0x20000ab3      0x2  random-id.o [13]
        .data            inited   0x20000ab5      0x1  zigbee-device-util.o [13]
        .data            inited   0x20000ab6      0x1  source-route.o [10]
        .data            inited   0x20000ab7      0x2  source-route-common.o [10]
    .bss                          0x20000abc    0xa11  <Block>
      .bss               uninit   0x20000abc      0x4  adc.o [1]
      .bss               uninit   0x20000ac0      0x4  adc.o [1]
      .bss               uninit   0x20000ac4    0x1b4  command.o [1]
      .bss               uninit   0x20000c78      0xc  common.o [1]
      .bss               uninit   0x20000c84      0x8  incoming.o [1]
      .bss               uninit   0x20000c8c      0x4  ledlamp.o [1]
      .bss               uninit   0x20000c90      0x4  ledlamp.o [1]
      .bss               uninit   0x20000c94     0x54  ledlamp.o [1]
      .bss               uninit   0x20000ce8      0x4  mobile.o [1]
      .bss               uninit   0x20000cec     0xa4  network.o [1]
      .bss               uninit   0x20000d90     0x58  network.o [1]
      .bss               uninit   0x20000de8     0x70  network.o [1]
      .bss               uninit   0x20000e58     0xe8  vehicle.o [1]
      .bss               uninit   0x20000f40     0xc4  vehicle.o [1]
      .bss               uninit   0x20001004      0xc  vehicle.o [1]
      .bss               uninit   0x20001010     0x20  vehicle.o [1]
      .bss               uninit   0x20001030     0x44  vehicle.o [1]
      .bss               uninit   0x20001074      0x8  vehicle.o [1]
      .bss               uninit   0x2000107c      0x4  vehicle.o [1]
      .bss               uninit   0x20001080      0x4  association.o [13]
      .bss               uninit   0x20001084     0x1c  table.o [10]
      .bss               uninit   0x200010a0     0x44  lamp.o [10]
      .bss               uninit   0x200010e4      0x8  eui64.o [13]
      .bss               uninit   0x200010ec      0x4  aps-keys.o [11]
      .bss               uninit   0x200010f0      0x4  aps-keys.o [11]
      .bss               uninit   0x200010f4      0xc  zigbee-dispatch.o [13]
      .bss               uninit   0x20001100      0x4  ticker.o [10]
      .bss               uninit   0x20001104     0x30  form-and-join.o [10]
      .bss               uninit   0x20001134      0x4  form-and-join-node-adapter.o [10]
      .bss               uninit   0x20001138      0x4  form-and-join-node-adapter.o [10]
      .bss               uninit   0x2000113c      0x8  context-switch.o [8]
      .bss               uninit   0x20001144    0x118  phy.o [13]
      .bss               uninit   0x2000125c      0x8  phy-common.o [13]
      .bss               uninit   0x20001264      0x8  neighbor.o [13]
      .bss               uninit   0x2000126c      0xa  aps-retry.o [13]
      .bss               uninit   0x20001278      0x4  high-security-stub.o [11]
      .bss               uninit   0x2000127c      0xa  retry.o [13]
      .bss               uninit   0x20001288     0x30  retry.o [13]
      .bss               uninit   0x200012b8      0x4  aps-skke-stub.o [11]
      .bss               uninit   0x200012bc      0x4  aps-security.o [11]
      .bss               uninit   0x200012c0      0x8  mac.o [13]
      .bss               uninit   0x200012c8     0x80  mac.o [13]
      .bss               uninit   0x20001348      0x8  mac-indirect.o [13]
      .bss               uninit   0x20001350     0x10  child-aging.o [13]
      .bss               uninit   0x20001360      0x8  zigbee-device-util.o [13]
      .bss               uninit   0x20001368     0x4c  sim-eeprom.o [10]
      .bss               uninit   0x200013b4      0x8  crypto.o [13]
      .bss               uninit   0x200013bc      0x4  neighbor-exchange.o [13]
      .bss               uninit   0x200013c0     0x64  broadcast.o [13]
      .bss               uninit   0x20001424      0x4  end-device-bind-stub.o [7]
      .bss               uninit   0x20001428     0x14  unicast-table.o [13]
      .bss               uninit   0x2000143c     0x3c  source-route.o [10]
      .bss               uninit   0x20001478      0x8  errno.o [6]
      .bss               uninit   0x20001480      0x2  adc.o [1]
      .bss               uninit   0x20001482      0x2  adc.o [1]
      .bss               uninit   0x20001484      0x2  common.o [1]
      .bss               uninit   0x20001486      0x2  vehicle.o [1]
      .bss               uninit   0x20001488      0x2  mac-header.o [13]
      .bss               uninit   0x2000148a      0x2  cstartup-iar-common.o [10]
      .bss               uninit   0x2000148c      0x2  phy.o [13]
      .bss               uninit   0x2000148e      0x2  analogue-mod-dac.o [13]
      .bss               uninit   0x20001490      0x4  network.o [13]
      .bss               uninit   0x20001494      0x4  sim-eeprom-internal.o [8]
      .bss               uninit   0x20001498      0x4  route-table.o [13]
      .bss               uninit   0x2000149c      0x1  adc.o [1]
      .bss               uninit   0x2000149d      0x1  adc.o [1]
      .bss               uninit   0x2000149e      0x1  adc.o [1]
      .bss               uninit   0x2000149f      0x1  adc.o [1]
      .bss               uninit   0x200014a0      0x1  common.o [1]
      .bss               uninit   0x200014a1      0x1  common.o [1]
      .bss               uninit   0x200014a2      0x1  sensor.o [1]
      .bss               uninit   0x200014a3      0x1  sensor.o [1]
      .bss               uninit   0x200014a4      0x1  vehicle.o [1]
      .bss               uninit   0x200014a5      0x1  association.o [13]
      .bss               uninit   0x200014a6      0x1  ember-configuration.o [10]
      .bss               uninit   0x200014a7      0x1  ember-configuration.o [10]
      .bss               uninit   0x200014a8      0x1  ember-configuration.o [10]
      .bss               uninit   0x200014a9      0x1  ember-configuration.o [10]
      .bss               uninit   0x200014aa      0x1  ember-configuration.o [10]
      .bss               uninit   0x200014ab      0x1  ember-configuration.o [10]
      .bss               uninit   0x200014ac      0x1  ember-configuration.o [10]
      .bss               uninit   0x200014ad      0x1  ember-configuration.o [10]
      .bss               uninit   0x200014ae      0x1  ember-configuration.o [10]
      .bss               uninit   0x200014af      0x1  ember-configuration.o [10]
      .bss               uninit   0x200014b0      0x1  ember-configuration.o [10]
      .bss               uninit   0x200014b1      0x1  application-support.o [13]
      .bss               uninit   0x200014b2      0x1  zigbee-dispatch.o [13]
      .bss               uninit   0x200014b3      0x1  mac-header.o [13]
      .bss               uninit   0x200014b4      0x2  token.o [10]
      .bss               uninit   0x200014b6      0x2  button.o [10]
      .bss               uninit   0x200014b8      0x1  frame.o [10]
      .bss               uninit   0x200014b9      0x1  phy.o [13]
      .bss               uninit   0x200014ba      0x2  network.o [13]
      .bss               uninit   0x200014bc      0x1  high-security-stub.o [11]
      .bss               uninit   0x200014bd      0x1  zigbee-packet-header.o [13]
      .bss               uninit   0x200014be      0x1  zigbee-packet-header.o [13]
      .bss               uninit   0x200014bf      0x1  random-id.o [13]
      .bss               uninit   0x200014c0      0x1  command.o [13]
      .bss               uninit   0x200014c1      0x1  mac.o [13]
      .bss               uninit   0x200014c2      0x1  alarm.o [3]
      .bss               uninit   0x200014c3      0x1  crypto.o [13]
      .bss               uninit   0x200014c4      0x2  mac-em250.o [13]
      .bss               uninit   0x200014c6      0x1  debug-jtag.o [13]
      .bss               uninit   0x200014c7      0x1  system-timer.o [8]
      .bss               uninit   0x200014c8      0x1  flash.o [8]
      .bss               uninit   0x200014c9      0x1  route-discovery.o [13]
      .bss               uninit   0x200014ca      0x3  security-address-cache.o [10]
    APP_RAM                       0x200014d0    0x9f4  <Block>
      APP_RAM            uninit   0x200014d0    0x9f4  ember-configuration.o [10]
                                - 0x20001ec4   0x1ec4

"DEBUGCHAN":                                     0x10
  DEBUG_CHANNEL                   0x20001fe0     0x10  <Block>
    DEBUG_CHANNEL        uninit   0x20001fe0     0x10  debug-jtag.o [13]
                                - 0x20001ff0     0x10


*******************************************************************************
*** MODULE SUMMARY
***

    Module                          ro code  ro data  rw data
    ------                          -------  -------  -------
E:\Workshops\renovate\lamps\build\obj: [1]
    adc.o                               704                16
    callback.o                          322
    command.o                         2 424    1 236      740
    common.o                            332        9       17
    exception.o                         376      125        1
    incoming.o                        1 648      568        8
    ledlamp.o                           460      101      109
    micro.o                             552       24
    mobile.o                             16                 4
    network.o                           540               364
    pwm.o                               276
    sensor.o                          1 972      581        3
    sysinfo.o                         2 072    1 292
    vehicle.o                         4 588      556      555
    ---------------------------------------------------------
    Total:                           16 282    4 492    1 817

command line: [2]
    ---------------------------------------------------------
    Total:

alarm-library.a: [3]
    alarm.o                             528                 1
    ---------------------------------------------------------
    Total:                              528                 1

binding-table-library.a: [4]
    binding-table.o                     848
    zdo-binding-table.o                 444        8
    ---------------------------------------------------------
    Total:                            1 292        8

cbke-stub-library.a: [5]
    cbke-crypto-engine-stub.o            20
    ---------------------------------------------------------
    Total:                               20

dl7M_tl_in.a: [6]
    abs.o                                 8
    div.o                                14
    errno.o                              20                 8
    sscanf.o                             32
    strncmp.o                            42
    vsprintf.o                           40
    xdnorm.o                            198
    xdscale.o                           264
    xdtento.o                           452       72
    xprintffull.o                     3 266        8
    xscanffull.o                      2 528       16
    xsprout.o                            10
    xsscin.o                             32
    xstoflt.o                           432       32
    xstold.o                            188       16
    xstoll.o                            142
    xstopfx.o                           246
    xstoull.o                           356       80
    ---------------------------------------------------------
    Total:                            8 270      224        8

end-device-bind-stub-library.a: [7]
    end-device-bind-stub.o                8                 4
    ---------------------------------------------------------
    Total:                                8                 4

hal-library.a: [8]
    context-switch.o                     72                 8
    cstartup-iar.o                      340       16
    flash.o                             836        8        1
    micro-internal.o                    700        2        2
    sim-eeprom-internal.o             2 720       24        4
    spmr.o                               40
    system-timer.o                       64                 1
    ---------------------------------------------------------
    Total:                            4 772       50       16

rt7M_tl.a: [9]
    ABImemclr4.o                          6
    ABImemcpy.o                         112
    ABImemset48.o                        56
    DblAdd.o                            230
    DblCmpEq.o                           32
    DblCmpGe.o                           46
    DblCmpLe.o                           46
    DblDiv.o                            582
    DblMul.o                            418
    DblSub.o                            382
    DblToFlt.o                          144
    DblToI32.o                           86
    I32ToDbl.o                           46
    I64DivMod.o                         302
    I64DivZer.o                           2
    memchr.o                             88
    strchr.o                             22
    strlen.o                             54
    ---------------------------------------------------------
    Total:                            2 654

sealib.a: [10]
    button.o                            302                 2
    console.o                           252
    crc.o                                36
    cstartup-iar-common.o               100      364       46
    diagnostic.o                        552       20
    ember-configuration.o               272      121    2 664
    faults.o                            128
    flash.o                             132
    form-and-join-node-adapter.o         68       24        8
    form-and-join-node-callbacks.o       44
    form-and-join.o                     962       56       96
    fragment.o                          784       76       56
    frame.o                             620                 1
    isr-stubs.o
    lamp.o                              336       12       68
    led.o                                72       24
    mem.o                               370
    mpu.o                                64       64
    msg.o                               156
    node.o                               60
    random.o                             72        4        4
    security-address-cache.o            112                 3
    serial.o                            296
    sim-eeprom.o                         14       31    8 268
    source-route-common.o               180        2        2
    source-route.o                      244        5       65
    table.o                             732      120       28
    ticker.o                            232                 4
    token-def.o                                  430       64
    token.o                             372       32        2
    trust-center.o                       40        2        2
    uart.o                              230       76
    ---------------------------------------------------------
    Total:                            7 834    1 463   11 383

security-library-core.a: [11]
    aps-encryption.o                    524
    aps-keys.o                          988                 8
    aps-security.o                    2 628        8        4
    aps-skke-stub.o                       8        1        4
    hashing.o                           246
    high-security-stub.o                  8                 5
    trust-center-util.o               1 144        2        2
    ---------------------------------------------------------
    Total:                            5 546       11       23

security-library-link-keys.a: [12]
    aps-keys-full.o                     676
    ---------------------------------------------------------
    Total:                              676

zigbee-pro-stack.a: [13]
    address-table.o                     828
    aes.o                               236
    analogue-cell-bias.o                612      244
    analogue-mod-dac.o                  340                 2
    analogue.o                        2 556      140       24
    application-support.o             2 240        3        4
    aps-retry.o                       1 944                10
    association.o                     4 248       76       53
    broadcast.o                         340               100
    cal-pads.o                           24        4        4
    child-aging.o                       324                16
    child-table.o                        64
    child.o                           1 736       14        6
    command.o                           836                 1
    crypto.o                          1 476                 9
    debug-jtag.o                        660        4       21
    debug.o                             548       24
    ember-stack-common.o                268
    eui64.o                              40                 8
    event-control.o                     128
    jit.o                               584       10       10
    leave.o                             730
    mac-arbiter.o                       928       40       24
    mac-em250.o                         336       16        6
    mac-header.o                        516                 3
    mac-indirect.o                    1 356       18       22
    mac-receive.o                       472        8        8
    mac.o                               864        8      137
    management.o                        804       10       10
    misc.o                               68
    neighbor-exchange.o                 836                 4
    neighbor.o                        1 504       12        8
    network.o                         4 460       12       10
    nodeid.o                             28        4        4
    packet-buffer.o                   1 650       17        1
    packet-header.o                     540       32
    phy-common.o                      1 192       31       15
    phy-util.o                           18
    phy.o                             1 216        8      283
    random-id.o                         728        2        3
    retry.o                             542                58
    route-discovery.o                 1 918       20        1
    route-error.o                       348
    route-table.o                       910       16        4
    scan.o                              840       42       32
    symbol-timer.o                       96
    unicast-table.o                     100                20
    zdo-channel.o                       848       34       16
    zigbee-device-util.o              1 160        9        9
    zigbee-device.o                   1 812       40        4
    zigbee-dispatch.o                   172                13
    zigbee-neighbor.o                   492
    zigbee-packet-header.o            1 380                 2
    zigbee-stack.o                      448      179        9
    ---------------------------------------------------------
    Total:                           49 344    1 077      974

    Gaps                                 52        6       22
    Linker created                                      1 880
-------------------------------------------------------------
    Grand Total:                     97 278    7 331   16 128


*******************************************************************************
*** ENTRY LIST
***

Entry                      Address    Size  Type      Object
-----                      -------    ----  ----      ------
.bss$$Base              0x20000abc           --   Gb  - Linker created -
.bss$$Limit             0x200014cd           --   Gb  - Linker created -
.data$$Base             0x20000758           --   Gb  - Linker created -
.data$$Limit            0x20000abc           --   Gb  - Linker created -
.data_init$$Base        0x08019568           --   Gb  - Linker created -
.data_init$$Limit       0x080198c9           --   Gb  - Linker created -
.noinit$$Base           0x00000000           --   Gb  - Linker created -
.text$$Base             0x08000184           --   Gb  - Linker created -
.text$$Limit            0x08017d82           --   Gb  - Linker created -
.textrw$$Base           0x00000000           --   Gb  - Linker created -
.textrw$$Limit          0x00000000           --   Gb  - Linker created -
.textrw_init$$Base      0x00000000           --   Gb  - Linker created -
ADC_Configuration       0x080003e1    0x20  Code  Gb  adc.o [1]
APPRO_block$$Base       0x08000100           --   Gb  - Linker created -
APPRO_block$$Limit      0x080198c9           --   Gb  - Linker created -
APPRW_block$$Base       0x20000000           --   Gb  - Linker created -
APPRW_block$$Limit      0x20001ec4           --   Gb  - Linker created -
APP_RAM$$Base           0x200014d0           --   Gb  - Linker created -
APP_RAM$$Limit          0x20001ec4           --   Gb  - Linker created -
ApplicationHandler      0x080018e3    0x24  Code  Gb  ledlamp.o [1]
Bootloader_Configuration
                        0x0800196f     0x2  Code  Gb  ledlamp.o [1]
CSTACK$$Base            0x20000000           --   Gb  - Linker created -
CSTACK$$Limit           0x20000758           --   Gb  - Linker created -
CSTACK_overlay$$Base    0x20000000           --   Gb  - Linker created -
CSTACK_overlay$$Limit   0x20000758           --   Gb  - Linker created -
DEBUG_CHANNEL$$Base     0x20001fe0           --   Gb  - Linker created -
DEBUG_CHANNEL$$Limit    0x20001ff0           --   Gb  - Linker created -
DEV_Configuration       0x08001959    0x14  Code  Gb  ledlamp.o [1]
ERASE_CRITICAL_THRESHOLD
                        0x0801955a     0x2  Data  Gb  sim-eeprom.o [10]
EZSP_Configuration      0x08001835    0x54  Code  Gb  ledlamp.o [1]
HAL_Configuration       0x08001adf    0xa0  Code  Gb  micro.o [1]
HEADER_block$$Base      0x08000000           --   Gb  - Linker created -
HEADER_block$$Limit     0x080000d8           --   Gb  - Linker created -
ID_COUNT                0x0801955c     0x2  Data  Gb  sim-eeprom.o [10]
LED_Configuration       0x08001927     0x2  Code  Gb  ledlamp.o [1]
LEFT_BASE               0x08019552     0x2  Data  Gb  sim-eeprom.o [10]
LEFT_TOP                0x08019554     0x2  Data  Gb  sim-eeprom.o [10]
MiscellaneaHandler      0x080018d5     0xe  Code  Gb  ledlamp.o [1]
NET_Configuration       0x08001c39    0xb0  Code  Gb  network.o [1]
PAM_Configuration       0x08001add     0x2  Code  Gb  micro.o [1]
PTR_CACHE_SIZE          0x0801955e     0x2  Data  Gb  sim-eeprom.o [10]
PWM_Configuration       0x08001e55    0x70  Code  Gb  pwm.o [1]
PowerSupply_SW_on       0x08001f1d    0x1a  Code  Gb  pwm.o [1]
PowerSupply_SW_port_init
                        0x08001f09    0x14  Code  Gb  pwm.o [1]
RESETINFO$$Base         0x20000000           --   Gb  - Linker created -
RESETINFO$$Limit        0x20000094           --   Gb  - Linker created -
RIGHT_BASE              0x08019556     0x2  Data  Gb  sim-eeprom.o [10]
RIGHT_TOP               0x08019558     0x2  Data  Gb  sim-eeprom.o [10]
Region$$Table$$Base     0x00000000           --   Gb  - Linker created -
Region$$Table$$Limit    0x00000000           --   Gb  - Linker created -
SIMEE$$Base             0x0801e000           --   Gb  - Linker created -
SIMEE$$Limit            0x08020000           --   Gb  - Linker created -
SYS_Configuration       0x0800275d    0x76  Code  Gb  sysinfo.o [1]
Security_Configuration  0x0800196d     0x2  Code  Gb  ledlamp.o [1]
SerialInit              0x08006ef5    0x40  Code  Gb  serial.o [10]
ShowCopyrights          0x08001929    0x30  Code  Lc  ledlamp.o [1]
SysTickIsr              0x08013b48          Code  Wk  isr-stubs.o [10]
TICK_Configuration      0x08008cf9    0x20  Code  Gb  ticker.o [10]
TOKEN_MFG_1V8_REG_VOLTAGE
                        0x0801954a     0x2  Data  Gb  token.o [10]
TOKEN_MFG_ANALOG_TRIM_BOOST
                        0x08019544     0x2  Data  Gb  token.o [10]
TOKEN_MFG_ANALOG_TRIM_BOTH
                        0x08019546     0x2  Data  Gb  token.o [10]
TOKEN_MFG_ANALOG_TRIM_NORMAL
                        0x08019542     0x2  Data  Gb  token.o [10]
TOKEN_MFG_EUI_64        0x08019550     0x2  Data  Gb  token.o [10]
TOKEN_MFG_OSC24M_BIAS_TRIM
                        0x0801954e     0x2  Data  Gb  token.o [10]
TOKEN_MFG_PHY_CONFIG    0x0801954c     0x2  Data  Gb  token.o [10]
TOKEN_MFG_REG_TRIM      0x08019548     0x2  Data  Gb  token.o [10]
TOKEN_STACK_ALTERNATE_KEY_DEFAULTS
                        0x080193a0    0x14  Data  Gb  token-def.o [10]
TOKEN_STACK_ANALYSIS_REBOOT_DEFAULTS
                        0x08019564     0x2  Data  Gb  token-def.o [10]
TOKEN_STACK_APS_FRAME_COUNTER_DEFAULTS
                        0x0801939c     0x4  Data  Gb  token-def.o [10]
TOKEN_STACK_BINDING_TABLE_DEFAULTS
                        0x0801941c    0x10  Data  Gb  token-def.o [10]
TOKEN_STACK_BOOT_COUNTER_DEFAULTS
                        0x08019562     0x2  Data  Gb  token-def.o [10]
TOKEN_STACK_CAL_DATA_DEFAULTS
                        0x08019398     0x4  Data  Gb  token-def.o [10]
TOKEN_STACK_CERTIFICATE_TABLE_DEFAULTS
                        0x08019454    0x5c  Data  Gb  token-def.o [10]
TOKEN_STACK_CHILD_TABLE_DEFAULTS
                        0x0801942c     0xc  Data  Gb  token-def.o [10]
TOKEN_STACK_CLASSIC_DATA_DEFAULTS
                        0x080193dc    0x1c  Data  Gb  token-def.o [10]
TOKEN_STACK_KEYS_DEFAULTS
                        0x080193b8    0x14  Data  Gb  token-def.o [10]
TOKEN_STACK_KEY_TABLE_DEFAULTS
                        0x08019438    0x1c  Data  Gb  token-def.o [10]
TOKEN_STACK_NETWORK_MANAGEMENT_DEFAULTS
                        0x08019414     0x8  Data  Gb  token-def.o [10]
TOKEN_STACK_NODE_DATA_DEFAULTS
                        0x080193cc    0x10  Data  Gb  token-def.o [10]
TOKEN_STACK_NONCE_COUNTER_DEFAULTS
                        0x080193b4     0x4  Data  Gb  token-def.o [10]
TOKEN_STACK_NVDATA_VERSION_DEFAULTS
                        0x08019560     0x2  Data  Gb  token-def.o [10]
TOKEN_STACK_TRUST_CENTER_DEFAULTS
                        0x080193f8    0x1c  Data  Gb  token-def.o [10]
UART_Configuration      0x08001907    0x20  Code  Gb  ledlamp.o [1]
VIRTUAL_PAGES           0x08019567     0x1  Data  Gb  sim-eeprom.o [10]
_GenldDefault           0x0801659d   0x24e  Code  Lc  xprintffull.o [6]
_GetN                   0x0801515d    0x22  Code  Lc  xscanffull.o [6]
_GetfldDefault          0x080152fd   0x106  Code  Lc  xscanffull.o [6]
_GetfloatDefault        0x08015777   0x3c6  Code  Lc  xscanffull.o [6]
_GetintDefault          0x080155ad   0x1c4  Code  Lc  xscanffull.o [6]
_GetstrDefault          0x08015403   0x1aa  Code  Lc  xscanffull.o [6]
_LdtobDefault           0x08016189   0x40e  Code  Lc  xprintffull.o [6]
_LitobDefault           0x0801607b   0x10e  Code  Lc  xprintffull.o [6]
_Printf                 0x08015b75   0x506  Code  Gb  xprintffull.o [6]
_PutcharsDefault        0x08016805    0x32  Code  Lc  xprintffull.o [6]
_SProut                 0x08017abd     0xa  Code  Gb  xsprout.o [6]
_SScin                  0x08017a9d    0x20  Code  Gb  xsscin.o [6]
_Scanf                  0x0801517f   0x17a  Code  Gb  xscanffull.o [6]
_Stoflt                 0x080173cd   0x1b0  Code  Gb  xstoflt.o [6]
_Stopfx                 0x08017c29    0xf6  Code  Gb  xstopfx.o [6]
__aeabi_cdcmpeq         0x080177dd          Code  Gb  DblCmpEq.o [9]
__aeabi_cdcmple         0x08016c49          Code  Gb  DblCmpLe.o [9]
__aeabi_cdrcmple        0x08016c79          Code  Gb  DblCmpGe.o [9]
__aeabi_d2f             0x08016839          Code  Gb  DblToFlt.o [9]
__aeabi_d2iz            0x08016ca9          Code  Gb  DblToI32.o [9]
__aeabi_d2uiz           0x08016cd5          Code  Gb  DblToI32.o [9]
__aeabi_dadd            0x0801757d          Code  Gb  DblAdd.o [9]
__aeabi_ddiv            0x08016d01          Code  Gb  DblDiv.o [9]
__aeabi_dmul            0x08016f49          Code  Gb  DblMul.o [9]
__aeabi_dsub            0x080170ed          Code  Gb  DblSub.o [9]
__aeabi_errno_addr      0x080177c5    0x14  Code  Gb  errno.o [6]
__aeabi_i2d             0x0801726d          Code  Gb  I32ToDbl.o [9]
__aeabi_ldiv0           0x080177d9          Code  Gb  I64DivZer.o [9]
__aeabi_ldivmod         0x0801729d          Code  Gb  I64DivMod.o [9]
__aeabi_memclr4         0x080150bd          Code  Gb  ABImemclr4.o [9]
__aeabi_memcpy          0x080150ed          Code  Gb  ABImemcpy.o [9]
__aeabi_memcpy4         0x08015107          Code  Gb  ABImemcpy.o [9]
__aeabi_memcpy8         0x08015107          Code  Gb  ABImemcpy.o [9]
__aeabi_memset4         0x08015b3d          Code  Gb  ABImemset48.o [9]
__aeabi_memset8         0x08015b3d          Code  Gb  ABImemset48.o [9]
__aeabi_ui2d            0x08017281          Code  Gb  I32ToDbl.o [9]
__aeabi_uldivmod        0x080172b1          Code  Gb  I64DivMod.o [9]
__iar_Dnorm             0x08017b55    0xc6  Code  Gb  xdnorm.o [6]
__iar_Dscale            0x080168c9   0x108  Code  Gb  xdscale.o [6]
__iar_Dtento            0x08017665   0x160  Code  Gb  xdtento.o [6]
__iar_Dunscale          0x08017d1f    0x64  Code  Gb  xdtento.o [6]
__iar_Errno             0x2000147c     0x4  Data  Gb  errno.o [6]
__iar_Memchr            0x080169d1          Code  Gb  memchr.o [9]
__iar_Memset4_word      0x08015b45          Code  Gb  ABImemset48.o [9]
__iar_Memset8_word      0x08015b45          Code  Gb  ABImemset48.o [9]
__iar_Stold             0x08016a29    0xbc  Code  Gb  xstold.o [6]
__iar_Stoll             0x08017ac7    0x8e  Code  Gb  xstoll.o [6]
__iar_Stoull            0x08016ae5   0x164  Code  Gb  xstoull.o [6]
__iar_Strchr            0x080150a5          Code  Gb  strchr.o [9]
__iar_Tls_setup___iar_Errno
                        0x20001478     0x4  Data  Gb  errno.o [6]
__iar_d2uiz             0x08016cdf          Code  Gb  DblToI32.o [9]
__iar_dadd              0x0801758f          Code  Gb  DblAdd.o [9]
__iar_dsub              0x080170ff          Code  Gb  DblSub.o [9]
__iar_dsubStart         0x08017111          Code  Gb  DblSub.o [9]
__iar_ui2d              0x08017283          Code  Gb  I32ToDbl.o [9]
__vector_table          0x08000100    0x84  Data  Gb  cstartup-iar-common.o [10]
_basePriIsDisabled      0x08004289          Code  Gb  spmr.o [8]
_disableBasePri         0x0800427d          Code  Gb  spmr.o [8]
_enableBasePri          0x08004299          Code  Gb  spmr.o [8]
_macTransmitBuffer      0x200012c8    0x80  Data  Gb  mac.o [13]
_writeBasePri           0x08004275          Code  Gb  spmr.o [8]
abortReception          0x08005197    0x1e  Code  Lc  fragment.o [10]
abortReceptionEvent     0x200008bc     0x4  Data  Lc  fragment.o [10]
abortTransmission       0x08004f8f    0x20  Code  Lc  fragment.o [10]
abs                     0x08017a95     0x8  Code  Gb  abs.o [6]
adcCalibrated           0x2000149f     0x1  Data  Lc  adc.o [1]
adcConfig               0x20000ac0     0x4  Data  Lc  adc.o [1]
adcData                 0x20001480     0x2  Data  Lc  adc.o [1]
adcPendingConversion    0x2000149d     0x1  Data  Lc  adc.o [1]
adcPendingRequests      0x2000149c     0x1  Data  Lc  adc.o [1]
adcReadingValid         0x2000149e     0x1  Data  Lc  adc.o [1]
adcReadings             0x20000abc     0x4  Data  Lc  adc.o [1]
adcStaticConfig         0x20001482     0x2  Data  Lc  adc.o [1]
addMobileChild          0x080077ad    0x8e  Code  Lc  child.o [13]
addToApplicationQueue   0x0800cfd1    0x30  Code  Lc  network.o [13]
addressCacheSize        0x200014ca     0x1  Data  Gb  security-address-cache.o [10]
addressCacheStartIndex  0x200014cb     0x1  Data  Lc  security-address-cache.o [10]
addressIndexIsActive    0x0800be5d    0x2c  Code  Lc  aps-retry.o [13]
addressMatchingEnabled  0x20000aad     0x1  Data  Lc  phy-common.o [13]
adjustChannelFilter     0x080043a5    0x1e  Code  Lc  analogue.o [13]
adjustLna               0x080044cd     0xa  Code  Lc  analogue.o [13]
adjustModulationDac     0x0800ab21     0xe  Code  Gb  analogue-mod-dac.o [13]
adjustPWM               0x08001ec5    0x16  Code  Gb  pwm.o [1]
adjustVco               0x080042f1    0x24  Code  Lc  analogue.o [13]
aesHashNextBlock        0x08017903    0x2e  Code  Lc  hashing.o [11]
age                     0x200013c1     0x1  Data  Lc  broadcast.o [13]
appSendJitToChild       0x08000f75    0x60  Code  Gb  common.o [1]
applicationProcessIncomingData
                        0x08008611   0x184  Code  Lc  application-support.o [13]
arePageCountersOkay     0x080107a7    0x3c  Code  Lc  sim-eeprom-internal.o [8]
autoAckEnabled          0x20000aae     0x1  Data  Lc  phy-common.o [13]
baseHeaderLength        0x08019250    0x10  Data  Lc  packet-header.o [13]
baudSettings            0x0801905c    0x4c  Data  Gb  uart.o [10]
biasTrim                0x20000a7e     0x2  Data  Gb  micro-internal.o [8]
blacklistedIdBytes      0x20000ab3     0x1  Data  Lc  random-id.o [13]
blacklistedIds          0x20000ab4     0x1  Data  Lc  random-id.o [13]
blockMask               0x200008ab     0x1  Data  Lc  fragment.o [10]
blocksInTransit         0x200008c7     0x1  Data  Lc  fragment.o [10]
blocksReceived          0x200008ad     0x1  Data  Lc  fragment.o [10]
boostTxPowerMax         0x2000089c     0x8  Data  Gb  analogue.o [13]
broadcastMessageSent    0x0800bda9    0xac  Code  Lc  aps-retry.o [13]
button0State            0x200014b6     0x1  Data  Gb  button.o [10]
button1State            0x200014b7     0x1  Data  Gb  button.o [10]
buttonOnePress          0x200014a1     0x1  Data  Gb  common.o [1]
buttonZeroPress         0x200014a0     0x1  Data  Gb  common.o [1]
calDisableAdc           0x0800a7e9     0xc  Code  Gb  phy.o [13]
calReadAdcBlocking      0x0800a7c9    0x16  Code  Gb  phy.o [13]
calStartAdcConversion   0x0800a795    0x34  Code  Gb  phy.o [13]
calculateModDacTuneValue
                        0x0800ab89    0xb4  Code  Lc  analogue-mod-dac.o [13]
carClearRouteTable      0x0800370d    0x68  Code  Gb  vehicle.o [1]
carFindCardInTable      0x08003597    0x34  Code  Lc  vehicle.o [1]
carInfo                 0x20000e58    0xe8  Data  Gb  vehicle.o [1]
carReportHandler        0x080035cb   0x142  Code  Lc  vehicle.o [1]
carRouteEventHandler    0x08003775   0x2e8  Code  Gb  vehicle.o [1]
carScanKey              0x08003d4f    0x50  Code  Lc  vehicle.o [1]
card_state              0x20001010    0x20  Data  Lc  vehicle.o [1]
ccaAttempt              0x2000125f     0x1  Data  Lc  phy-common.o [13]
cellBiasRegI            0x080191bc    0x58  Data  Gb  analogue-cell-bias.o [13]
cellBiasRegV            0x08019120    0x30  Data  Gb  analogue-cell-bias.o [13]
changeToChannel         0x20000a00     0x1  Data  Lc  zdo-channel.o [13]
channelCache            0x20000982     0x1  Data  Lc  form-and-join.o [10]
channelIn               0x20000980     0x1  Data  Lc  form-and-join.o [10]
channelOut              0x2000097f     0x1  Data  Lc  form-and-join.o [10]
checkForMovedChild      0x0800c975    0x1c  Code  Lc  network.o [13]
childIsExpectingMessageBitField
                        0x2000134c     0x4  Data  Lc  mac-indirect.o [13]
childJitMessage         0x08007a8d    0xb4  Code  Lc  jit.o [13]
childPolledBitField     0x20001348     0x4  Data  Lc  mac-indirect.o [13]
cleanupEvent            0x20001134     0x4  Data  Lc  form-and-join-node-adapter.o [10]
cleanupEventHandler     0x08009c2b     0xc  Code  Lc  form-and-join-node-adapter.o [10]
clearNetworkSecurityFromMessage
                        0x08005b71    0x28  Code  Lc  association.o [13]
cmdhd1                  0x20000758   0x130  Data  Gb  command.o [1]
continueScanRequest     0x080104a5    0x5c  Code  Lc  zdo-channel.o [13]
copyPayload             0x08011211    0x44  Code  Lc  alarm.o [3]
copyTokensToOtherPage   0x08010c45   0x1c8  Code  Lc  sim-eeprom-internal.o [8]
countIncremarks         0x08010fa9    0x3e  Code  Lc  sim-eeprom-internal.o [8]
cstackMemory            0x20000000   0x758  Data  Gb  cstartup-iar-common.o [10]
curDeviceInfoListIndex  0x20000ce8     0x4  Data  Lc  mobile.o [1]
currentBroadcastLength  0x200014c2     0x1  Data  Lc  alarm.o [3]
currentChannel          0x2000097c     0x1  Data  Lc  form-and-join.o [10]
currentJitFlag          0x2000096c     0x2  Data  Lc  jit.o [13]
currentReceiveChannel   0x20001144     0x1  Data  Lc  phy.o [13]
dataContents            0x2000099c     0x4  Data  Lc  form-and-join.o [10]
debugChannel            0x20001fe0    0x10  Data  Lc  debug-jtag.o [13]
decodeShortDestination  0x08008fa1    0x46  Code  Lc  mac-header.o [13]
def_time                0x08018f70     0xc  Data  Gb  lamp.o [10]
deferredPanChange       0x0800dc73    0x32  Code  Lc  management.o [13]
delayCount              0x2000127c     0x1  Data  Lc  retry.o [13]
deviceIsCoordinator     0x20000aac     0x1  Data  Lc  phy-common.o [13]
digits                  0x080194f8    0x28  Data  Lc  xstoull.o [6]
disableFlitf            0x08013841    0x18  Code  Lc  flash.o [8]
[...]
mobileInit              0x08001c29     0xa  Code  Gb  mobile.o [1]
mobileJoinApsFrame      0x08019238     0x8  Data  Lc  network.o [13]
modDacForceReCal        0x2000148e     0x2  Data  Gb  analogue-mod-dac.o [13]
mpuConfig               0x080190d8    0x40  Data  Lc  mpu.o [10]
msSinceLastPoll         0x2000135c     0x4  Data  Lc  child-aging.o [13]
msTimeEventHandler      0x080018b3    0x12  Code  Gb  ledlamp.o [1]
mtorFlags               0x08019324     0x8  Data  Lc  zigbee-device.o [13]
ndigs                   0x080194d0    0x28  Data  Lc  xstoull.o [6]
networkCount            0x20000984     0x1  Data  Gb  form-and-join.o [10]
networkDecrypt          0x0800c1d5   0x158  Code  Lc  network.o [13]
networkInfo2            0x20001104    0x30  Data  Gb  form-and-join.o [10]
networkSubmitUnicast    0x0800c0fd    0x6c  Code  Lc  network.o [13]
network_info            0x20000de8    0x70  Data  Gb  network.o [1]
newChannel              0x200014a5     0x1  Data  Lc  association.o [13]
newNwkUpdateId          0x20000a01     0x1  Data  Lc  zdo-channel.o [13]
newPanId                0x200009cc     0x2  Data  Lc  management.o [13]
newestIndex             0x20000ab8     0x1  Data  Lc  source-route-common.o [10]
nextApsFrameCounter     0x200013b8     0x4  Data  Lc  crypto.o [13]
nextChannel             0x200009d1     0x1  Data  Lc  scan.o [13]
nextIncomingRssi        0x200009ec     0x4  Data  Lc  scan.o [13]
nextIndex               0x200014cc     0x1  Data  Lc  security-address-cache.o [10]
nextNwkFrameCounter     0x200013b4     0x4  Data  Lc  crypto.o [13]
nextOutgoingRssi        0x200009e8     0x4  Data  Lc  scan.o [13]
nodeSecurityInit        0x080177fd    0x3c  Code  Gb  node.o [10]
noteDiscoveryTimeout    0x08012c8d    0x6c  Code  Lc  route-table.o [13]
notePreconfiguredKeyType
                        0x0800ee31    0x22  Code  Lc  aps-security.o [11]
notifyTrustCenter       0x08008b4d    0x28  Code  Lc  leave.o [13]
oneScanDone             0x20000a08     0x1  Data  Lc  zdo-channel.o [13]
originalChannel         0x200009d4     0x1  Data  Lc  scan.o [13]
originalPanId           0x200009dc     0x2  Data  Lc  scan.o [13]
paPresent               0x2000089a     0x1  Data  Lc  analogue.o [13]
panConflictMeter        0x200009c4     0x1  Data  Lc  management.o [13]
panid_info              0x08018ef8    0x50  Data  Gb  table.o [10]
pendingAckedCount       0x2000126c     0x1  Data  Lc  aps-retry.o [13]
permitJoining           0x200008fc     0x1  Data  Lc  association.o [13]
phyHalEvents            0x08019024    0x18  Data  Gb  zigbee-stack.o [13]
plc                     0x20001004     0xc  Data  Lc  vehicle.o [1]
pollState               0x200009ae     0x1  Data  Lc  mac-arbiter.o [13]
powerLevelSettings      0x08018ea4     0x8  Data  Gb  analogue.o [13]
pows                    0x08017d98    0x48  Data  Lc  xdtento.o [6]
previousTemperature     0x2000148c     0x2  Data  Lc  phy.o [13]
printEUI64              0x08000f43    0x32  Code  Gb  common.o [1]
printLampHelp           0x08000589   0x11c  Code  Lc  command.o [1]
processDeviceAnnounceAndFindIdConflict
                        0x0800c8e1    0x94  Code  Lc  network.o [13]
processKeyCommand       0x0800eb65   0x218  Code  Lc  aps-security.o [11]
processRxAddressReceiveCompleteIsr
                        0x0800a501    0xec  Code  Lc  phy.o [13]
processRxPacketCompleteIsr
                        0x0800a5ed    0xe4  Code  Lc  phy.o [13]
processScanRequest      0x0801053d    0xc4  Code  Lc  zdo-channel.o [13]
processZigbeePacket     0x0800c45d   0x354  Code  Lc  network.o [13]
ptiEnabled              0x20000aab     0x1  Data  Lc  phy-common.o [13]
ptrCache                0x20001368    0x4c  Data  Gb  sim-eeprom.o [10]
ptrCacheLoc             0x0801078b    0x1c  Code  Lc  sim-eeprom-internal.o [8]
pushInt16u              0x0800d57d     0xc  Code  Lc  zigbee-packet-header.o [13]
quietlyEraseChild       0x080076b7    0x36  Code  Lc  child.o [13]
radioCheckCrc           0x20000aaa     0x1  Data  Gb  phy-common.o [13]
radioCurrentPowerStatus
                        0x20000ab0     0x1  Data  Gb  phy-common.o [13]
radioPowerOnIdleMode    0x200014c1     0x1  Data  Lc  mac.o [13]
readAdcTemperatureChannel
                        0x0800a861    0x22  Code  Lc  phy.o [13]
readArray               0x08009911    0x2a  Code  Gb  form-and-join.o [10]
readCounterValue        0x08010fe7    0x28  Code  Lc  sim-eeprom-internal.o [8]
readError               0x20000981     0x1  Data  Lc  form-and-join.o [10]
readNetworkTokens       0x080067d9    0x1e  Code  Lc  association.o [13]
readNodeData            0x080067f7     0xa  Code  Lc  association.o [13]
readTokenData           0x0801071f    0x42  Code  Gb  sim-eeprom-internal.o [8]
recalculateMacDataPendingBitField
                        0x0800fc63    0x32  Code  Lc  mac-indirect.o [13]
receiveQueue            0x20000a20     0x4  Data  Lc  debug-jtag.o [13]
recvPlcStateFrm         0x08003ffd    0xb0  Code  Gb  vehicle.o [1]
recyclePendingAckedMessages
                        0x0800b6fd    0x48  Code  Lc  aps-retry.o [13]
reenqueueSubmitHead     0x0800dea3    0x6e  Code  Lc  retry.o [13]
rejoinUpdateDeviceStatusValues
                        0x08018ef0     0x8  Data  Lc  association.o [13]
releaseFragments        0x08004f73    0x1c  Code  Lc  fragment.o [10]
removeDevice            0x0800d0b5    0x78  Code  Lc  trust-center-util.o [11]
requestKeyBuffer        0x20000ab2     0x1  Data  Lc  trust-center-util.o [11]
retryEntries            0x20001288    0x30  Data  Lc  retry.o [13]
routeRequestId          0x200014c9     0x1  Data  Lc  route-discovery.o [13]
routeTableTimer         0x20001498     0x1  Data  Lc  route-table.o [13]
routerExceptionHandler  0x0800104d   0x150  Code  Gb  exception.o [1]
rs485Init               0x08002f35    0x12  Code  Lc  vehicle.o [1]
rs485_cmd               0x20000f40    0xc4  Data  Lc  vehicle.o [1]
runEventHandler         0x0800b8df    0xf6  Code  Lc  aps-retry.o [13]
rxBuffer                0x20001148   0x114  Data  Lc  phy.o [13]
rxFragments             0x200008b0     0xc  Data  Lc  fragment.o [10]
rxWindowBase            0x200008aa     0x1  Data  Lc  fragment.o [10]
sample                  0x20001030    0x44  Data  Lc  vehicle.o [1]
saveNetwork             0x08009b73    0x70  Code  Lc  form-and-join.o [10]
savedMSP                0x20001140          Code  Gb  context-switch.o [8]
savedResetCause         0x2000148a     0x2  Data  Lc  cstartup-iar-common.o [10]
scanAction              0x200014a2     0x1  Data  Gb  sensor.o [1]
scanChannel             0x20000988    0x14  Data  Lc  form-and-join.o [10]
scanChannelMask         0x200009e4     0x4  Data  Lc  scan.o [13]
scanCloseTimeOutEvent   0x08009c23     0x8  Code  Gb  form-and-join-node-adapter.o [10]
scanDual                0x080099ad    0x4c  Code  Gb  form-and-join.o [10]
scanDuration            0x200009d2     0x1  Data  Lc  scan.o [13]
scanErrorHandler        0x08009955     0xa  Code  Gb  form-and-join.o [10]
scanFail                0x2000097a     0x1  Data  Lc  form-and-join.o [10]
scanFrameCounter        0x200009e0     0x4  Data  Lc  scan.o [13]
scanInitial             0x0800995f    0x4e  Code  Gb  form-and-join.o [10]
scanModule              0x080024cb    0x2a  Code  Gb  sensor.o [1]
scanOpenTimeOutEvent    0x08009c1b     0x8  Code  Gb  form-and-join-node-adapter.o [10]
scanRequestHeader       0x20000a03     0x1  Data  Lc  zdo-channel.o [13]
scanResults             0x20000a04     0x1  Data  Lc  zdo-channel.o [13]
scanSet                 0x080099f9    0x12  Code  Gb  form-and-join.o [10]
scanSingnal             0x2000097e     0x1  Data  Lc  form-and-join.o [10]
scanStatus              0x20000979     0x1  Data  Lc  form-and-join.o [10]
scanTimeOutEvent        0x20001138     0x4  Data  Lc  form-and-join-node-adapter.o [10]
scanTimeOutEventHandler
                        0x08009c37     0xa  Code  Lc  form-and-join-node-adapter.o [10]
scanTransmitRetries     0x200009d3     0x1  Data  Lc  scan.o [13]
scanWait                0x2000097b     0x1  Data  Lc  form-and-join.o [10]
scaningStatus           0x08009a0b     0x6  Code  Gb  form-and-join.o [10]
scansRemaining          0x20000a05     0x1  Data  Lc  zdo-channel.o [13]
sea_addmultigroup       0x08001df3    0x14  Code  Gb  network.o [1]
sea_adjustchannel       0x08006b79    0x30  Code  Gb  table.o [10]
sea_carmagic            0x08003295    0x34  Code  Lc  vehicle.o [1]
sea_cleartable          0x08006c73    0x26  Code  Lc  table.o [10]
sea_closelamp           0x08007013    0x20  Code  Lc  lamp.o [10]
sea_configprint         0x080027d3    0x30  Code  Gb  sysinfo.o [1]
sea_defaultconfig       0x0800271d    0x40  Code  Gb  sysinfo.o [1]
sea_feedwatchdog        0x08001e4d     0x8  Code  Gb  network.o [1]
sea_findchannelindex    0x08006ba9    0x26  Code  Gb  table.o [10]
sea_firstable           0x08006c4d    0x1e  Code  Lc  table.o [10]
sea_flashread           0x0800a2d1     0x8  Code  Gb  flash.o [10]
sea_flashreadshort      0x0800a2df     0x6  Code  Gb  flash.o [10]
sea_flashwrite          0x0800a265    0x52  Code  Gb  flash.o [10]
sea_getcount            0x08006c99    0x2a  Code  Lc  table.o [10]
sea_getfail             0x08002513    0xa2  Code  Lc  sensor.o [1]
sea_getframe            0x08009ff9    0x36  Code  Lc  frame.o [10]
sea_getmsg              0x08006f69    0x2c  Code  Gb  msg.o [10]
sea_getnumber           0x080024f5     0xa  Code  Lc  sensor.o [1]
sea_getopt              0x08006d31    0x5e  Code  Gb  console.o [10]
sea_getrs485            0x08002fc7    0x4a  Code  Lc  vehicle.o [1]
sea_getstatus           0x080025b5    0x18  Code  Lc  sensor.o [1]
sea_getype              0x080024ff    0x14  Code  Lc  sensor.o [1]
sea_initframe           0x0800a20d    0x34  Code  Gb  frame.o [10]
sea_lampconfig          0x080009f5   0x45c  Code  Gb  command.o [1]
sea_lampkeyboardinput   0x080006a5   0x190  Code  Gb  command.o [1]
sea_lastable            0x08006c0b    0x32  Code  Lc  table.o [10]
sea_makemultiapsframe   0x08001d09    0x24  Code  Lc  network.o [1]
sea_makeuniapsframe     0x08001ce9    0x20  Code  Lc  network.o [1]
sea_memcomp             0x08006969    0x2a  Code  Gb  mem.o [10]
sea_memcpy              0x080068e1    0x86  Code  Gb  mem.o [10]
sea_memset              0x08006967     0x2  Code  Gb  mem.o [10]
sea_msgisempty          0x08006f55    0x14  Code  Gb  msg.o [10]
sea_nextable            0x08006bcf    0x3c  Code  Lc  table.o [10]
sea_openlamp            0x08006ff1    0x22  Code  Lc  lamp.o [10]
sea_parsecommand        0x08006d8f    0x9a  Code  Gb  console.o [10]
sea_parselampframe      0x08000835   0x1b8  Code  Gb  command.o [1]
sea_printf              0x08006eb3    0x42  Code  Gb  serial.o [10]
sea_printframe          0x0800a02f    0x34  Code  Lc  frame.o [10]
sea_printlamp           0x08002c5d   0x1f8  Code  Gb  sysinfo.o [1]
sea_printsysconfig      0x08002805   0x452  Code  Gb  sysinfo.o [1]
sea_putframe            0x0800a063    0x80  Code  Gb  frame.o [10]
sea_putframebyte        0x0800a0e9    0x10  Code  Lc  frame.o [10]
sea_putframelong        0x0800a10d    0x22  Code  Lc  frame.o [10]
sea_putframeshort       0x0800a0f9    0x14  Code  Lc  frame.o [10]
sea_putrs485            0x08002f47    0x80  Code  Lc  vehicle.o [1]
sea_recvbyte            0x0800a135    0xd8  Code  Lc  frame.o [10]
sea_sendmsg             0x08006f95    0x4e  Code  Gb  msg.o [10]
sea_sendmultimsg        0x08001d95    0x5e  Code  Gb  network.o [1]
sea_sendunimsg          0x08001d2d    0x68  Code  Gb  network.o [1]
sea_startcar            0x0800309b    0xa4  Code  Lc  vehicle.o [1]
sea_stopcar             0x0800313f    0x88  Code  Lc  vehicle.o [1]
sea_tableflasherase     0x0800a2b7    0x1a  Code  Gb  flash.o [10]
sea_togglelamp          0x08007033     0xc  Code  Lc  lamp.o [10]
sea_turncar             0x080031c7    0xce  Code  Lc  vehicle.o [1]
sea_uartclear           0x08006e7f     0xa  Code  Lc  serial.o [10]
sea_uartgetbyte         0x08006e2d    0x26  Code  Lc  serial.o [10]
sea_uartisempty         0x08006e53    0x14  Code  Lc  serial.o [10]
sea_uartputbyte         0x08006e67    0x18  Code  Lc  serial.o [10]
sea_uartsendbyte        0x08006e89    0x2a  Code  Gb  serial.o [10]
sea_updatepercent       0x08007061    0x28  Code  Gb  lamp.o [10]
sea_updatesysconfig     0x08006b31    0x3e  Code  Gb  table.o [10]
sea_updatetime          0x0800703f    0x22  Code  Gb  lamp.o [10]
sea_writedefaultconfig  0x08006a55    0xdc  Code  Gb  table.o [10]
secTickEvent            0x20000c90     0x4  Data  Gb  ledlamp.o [1]
secTickHook             0x08008dbf    0x12  Code  Gb  ticker.o [10]
secTimeEventHandler     0x080018c5    0x10  Code  Gb  ledlamp.o [1]
securityAddToAddressCache
                        0x08014d6d    0x6c  Code  Gb  security-address-cache.o [10]
seed0                   0x20000a84     0x2  Data  Lc  random.o [10]
seed1                   0x20000a86     0x2  Data  Lc  random.o [10]
send1                   0x20000cec    0xa4  Data  Gb  network.o [1]
sendAckedUnicast        0x0800b9d5    0xa8  Code  Lc  aps-retry.o [13]
sendApplicationKeys     0x0800d339    0xd4  Code  Lc  trust-center-util.o [11]
sendFromChild           0x20000a7c     0x2  Data  Lc  application-support.o [13]
sendLeaveCommand        0x08008bb1    0x78  Code  Lc  leave.o [13]
sendNeighborExchange    0x08012235    0xa6  Code  Lc  neighbor-exchange.o [13]
sendNextFragments       0x08004f1b    0x58  Code  Lc  fragment.o [10]
sendSpecialJoinRequest  0x08005b99    0xba  Code  Lc  association.o [13]
sensorCommandHandler    0x08002635    0x58  Code  Gb  sensor.o [1]
sensorCommonSetupSecurity
                        0x08000f27    0x1c  Code  Gb  common.o [1]
sensorInit              0x080025cd    0x68  Code  Gb  sensor.o [1]
sensorJoinNetwork       0x080022af   0x21c  Code  Gb  sensor.o [1]
sequenceNumber          0x200014c6     0x1  Data  Lc  debug-jtag.o [13]
serial_info             0x20000c94    0x54  Data  Gb  ledlamp.o [1]
setBlockMask            0x08004faf    0x28  Code  Lc  fragment.o [10]
setChildTokenData       0x08007897    0xa6  Code  Lc  child.o [13]
setNetworkParameters    0x080066ed    0x48  Code  Lc  association.o [13]
setNonvolatileBinding   0x08012799     0xc  Code  Lc  binding-table.o [4]
setRadioParameters      0x080066a5    0x48  Code  Lc  association.o [13]
setTxStepTime           0x08004719    0x38  Code  Lc  analogue.o [13]
shift                   0x0800a345    0x10  Code  Lc  random.o [10]
shortIndirectPool       0x200009f8     0x4  Data  Lc  mac-indirect.o [13]
simEeSetDataActiveSemaphore
                        0x200014b5     0x1  Data  Gb  token.o [10]
simulatedEepromStorage  0x0801e000  0x2000  Data  Gb  sim-eeprom.o [10]
single_info             0x200010a0    0x44  Data  Gb  lamp.o [10]
sizeCache               0x08019294    0x10  Data  Gb  sim-eeprom.o [10]
sleepTimerInterruptOccurred
                        0x200014c7     0x1  Data  Lc  system-timer.o [8]
sleepyBroadcastHeader   0x20000964     0x1  Data  Lc  jit.o [13]
sourceRouteAddEntry     0x08014dff    0x84  Code  Gb  source-route-common.o [10]
sourceRouteFindIndex    0x08014ddd    0x22  Code  Gb  source-route-common.o [10]
sourceRouteTable        0x20000a24     0x4  Data  Gb  source-route.o [10]
sourceRouteTableSize    0x20000ab6     0x1  Data  Gb  source-route.o [10]
spTransmitConfig        0x20000970     0x8  Data  Gb  zigbee-stack.o [13]
sscanf                  0x0801504d    0x20  Code  Gb  sscanf.o [6]
st_turn                 0x20001074     0x8  Data  Lc  vehicle.o [1]
stackEvents             0x08018f94    0x90  Data  Gb  zigbee-stack.o [13]
startChannelScan        0x0800f789    0x5c  Code  Lc  scan.o [13]
startNetworkOperation   0x0800590d    0x14  Code  Lc  association.o [13]
startNextConversion     0x08000191    0x86  Code  Gb  adc.o [1]
startPanIdScan          0x080098b7    0x36  Code  Lc  form-and-join.o [10]
strchr                  0x080150a5          Code  Gb  strchr.o [9]
strlen                  0x0801506d          Code  Gb  strlen.o [9]
strncmp                 0x08017a6b    0x2a  Code  Gb  strncmp.o [6]
submitCount             0x2000127d     0x1  Data  Lc  retry.o [13]
swoOutput               0x080131c5    0xd0  Code  Lc  debug-jtag.o [13]
sys_info                0x20000d90    0x58  Data  Gb  network.o [1]
systime                 0x20001100     0x4  Data  Lc  ticker.o [10]
table                   0x2000143c    0x3c  Data  Lc  source-route.o [10]
table_info              0x20001084    0x1c  Data  Gb  table.o [10]
terminateScanRequest    0x08010505    0x26  Code  Lc  zdo-channel.o [13]
ticksSinceLastPoll      0x20001350     0x1  Data  Lc  child-aging.o [13]
timeoutPools            0x0800fcb5    0xd4  Code  Lc  mac-indirect.o [13]
tokenArraySize          0x08019388    0x10  Data  Gb  token-def.o [10]
tokenCreators           0x08019348    0x20  Data  Gb  token-def.o [10]
tokenDefaults           0x20000a28    0x40  Data  Gb  token-def.o [10]
tokenIsCnt              0x08019368    0x10  Data  Gb  token-def.o [10]
tokenSize               0x08019378    0x10  Data  Gb  token-def.o [10]
tokensActive            0x200014b4     0x1  Data  Gb  token.o [10]
totalTxBlocks           0x200008c5     0x1  Data  Lc  fragment.o [10]
transmitQueue           0x200009b0     0x8  Data  Lc  mac-arbiter.o [13]
trustCenterAllowJoins   0x20000aa8     0x1  Data  Lc  trust-center.o [10]
trustCenterUsePreconfiguredKey
                        0x20000aa9     0x1  Data  Lc  trust-center.o [10]
txFragments             0x200008c8     0xc  Data  Lc  fragment.o [10]
txWindowBase            0x200008c6     0x1  Data  Lc  fragment.o [10]
uartfrm                 0x20000ac4   0x1b4  Data  Gb  command.o [1]
unicastHead             0x20001428     0x1  Data  Lc  unicast-table.o [13]
uninitializedIsr        0x08014cf9          Code  Gb  faults.o [10]
unsentMessageCount      0x200009ad     0x1  Data  Lc  mac-arbiter.o [13]
unsolicitedChannelReport
                        0x20000a02     0x1  Data  Lc  zdo-channel.o [13]
vcoLastTuneValueAvailable
                        0x20000a69     0x1  Data  Lc  analogue.o [13]
vcoTuneModDacError      0x0800ab31    0x48  Code  Lc  analogue-mod-dac.o [13]
vehicleAppHandler       0x08003c49   0x106  Code  Gb  vehicle.o [1]
vehicleInit             0x080032c9   0x28e  Code  Gb  vehicle.o [1]
vehicleMsEventHandler   0x08003db9   0x10e  Code  Gb  vehicle.o [1]
vehicleRouteTable       0x08003a69   0x1c8  Code  Gb  vehicle.o [1]
vehicleTimeEventHandler
                        0x08003ef5    0xb4  Code  Gb  vehicle.o [1]
vsprintf                0x080150c5    0x28  Code  Gb  vsprintf.o [6]
walkDelayQueue          0x0800dd01    0xc0  Code  Lc  retry.o [13]
writeArray              0x0800993b    0x1a  Code  Gb  form-and-join.o [10]
writeMessage            0x08005683    0x58  Code  Lc  packet-buffer.o [13]
writePageCounters       0x08010e11    0x6e  Code  Lc  sim-eeprom-internal.o [8]
writeTokenBlockData     0x080106cd    0x52  Code  Gb  sim-eeprom-internal.o [8]
xorBufferBytesIntoBlock
                        0x080118e9    0x80  Code  Lc  crypto.o [13]
zigDevApsStruct         0x20001364     0x4  Data  Lc  zigbee-device-util.o [13]
zigDevRequestSequence   0x20001360     0x1  Data  Lc  zigbee-device-util.o [13]


[1] = E:\Workshops\renovate\lamps\build\obj
[2] = command line
[3] = alarm-library.a
[4] = binding-table-library.a
[5] = cbke-stub-library.a
[6] = dl7M_tl_in.a
[7] = end-device-bind-stub-library.a
[8] = hal-library.a
[9] = rt7M_tl.a
[10] = sealib.a
[11] = security-library-core.a
[12] = security-library-link-keys.a
[13] = zigbee-pro-stack.a

  97 278 bytes of readonly  code memory
   7 331 bytes of readonly  data memory
  16 128 bytes of readwrite data memory

Errors: none
Warnings: none
