###############################################################################
#                                                                             #
# IAR ELF Linker V5.41.0.51741/W32 for ARM              03/Jun/2014  11:10:55 #
# Copyright (C) 2007-2009 IAR Systems AB.                                     #
#                                                                             #
#    Output file  =  E:\Workshops\renovate\lamps\build\exe\vehicle.out        #
#    Map file     =  E:\Workshops\renovate\lamps\build\list\vehicle.map       #
#    Command line =  E:\Workshops\renovate\lamps\build\obj\adc.o              #
#                    E:\Workshops\renovate\lamps\build\obj\callback.o         #
#                    E:\Workshops\renovate\lamps\build\obj\command.o          #
#                    E:\Workshops\renovate\lamps\build\obj\common.o           #
#                    E:\Workshops\renovate\lamps\build\obj\exception.o        #
#                    E:\Workshops\renovate\lamps\build\obj\incoming.o         #
#                    E:\Workshops\renovate\lamps\build\obj\ledlamp.o          #
#                    E:\Workshops\renovate\lamps\build\obj\micro.o            #
#                    E:\Workshops\renovate\lamps\build\obj\mobile.o           #
#                    E:\Workshops\renovate\lamps\build\obj\network.o          #
#                    E:\Workshops\renovate\lamps\build\obj\pwm.o              #
#                    E:\Workshops\renovate\lamps\build\obj\sensor.o           #
#                    E:\Workshops\renovate\lamps\build\obj\sink.o             #
#                    E:\Workshops\renovate\lamps\build\obj\sysinfo.o          #
#                    E:\Workshops\renovate\lamps\build\obj\timevent.o         #
#                    E:\Workshops\renovate\lamps\build\obj\vehicle.o          #
#                    E:\Workshops\renovate\lamps\lib\alarm-library.a          #
#                    E:\Workshops\renovate\lamps\lib\binding-table-library.a  #
#                    E:\Workshops\renovate\lamps\lib\cbke-stub-library.a      #
#                    E:\Workshops\renovate\lamps\lib\end-device-bind-stub-lib #
#                    rary.a E:\Workshops\renovate\lamps\lib\hal-library.a     #
#                    E:\Workshops\renovate\lamps\lib\sealib.a                 #
#                    E:\Workshops\renovate\lamps\lib\security-library-core.a  #
#                    E:\Workshops\renovate\lamps\lib\security-library-link-ke #
#                    ys.a E:\Workshops\renovate\lamps\lib\zigbee-pro-stack.a  #
#                    -o E:\Workshops\renovate\lamps\build\exe\vehicle.out     #
#                    --config_def NULL_BTL=1 --map                            #
#                    E:\Workshops\renovate\lamps\build\list\vehicle.map       #
#                    --log initialization,modules,sections,veneers            #
#                    --log_file E:\Workshops\renovate\lamps\build\list\vehicl #
#                    e.log --config E:\Workshops\renovate\lamps\build/icf/iar #
#                    -cfg.icf --diag_suppress Lp012 --entry halEntryPoint     #
#                                                                             #
#                                                                             #
###############################################################################

*******************************************************************************
*** RUNTIME MODEL ATTRIBUTES
***

__endian      = little
__thumb_aware = enabled


*******************************************************************************
*** PLACEMENT SUMMARY
***

"HEADERS":
       place at start of [0x08000000-0x080000ff] { block HEADER_block };
"APP ro":
       place at start of [0x08000100-0x0801ffff] { block APPRO_block };
"SIMEE":
       place at end of [0x08000100-0x0801ffff] { zi section SIMEE };
"FAT": place at 0x08040000 { section FAT };
"DEBUGCHAN":
       place at start of [0x20001fe0-0x20001fff] { rw section DEBUG_CHANNEL };
"APP rw":
       place at start of [0x20000000-0x20001fdf] { block APPRW_block };

  Section                Kind        Address     Size  Object
  -------                ----        -------     ----  ------
"HEADERS":                                       0xd8
  HEADER_block                    0x08000000     0xd8  <Block>
    BAT                  const    0x08000000     0x3c  cstartup-iar-common.o [10]
    AAT                  const    0x0800003c     0x9c  cstartup-iar-common.o [10]
                                - 0x080000d8     0xd8

"APP ro":                                     0x1742f
  APPRO_block                     0x08000100  0x1742f  <Block>
    .intvec              const    0x08000100     0x84  cstartup-iar-common.o [10]
    .text                         0x08000184  0x15fa0  <Block>
      .text              ro code  0x08000184    0x16e  callback.o [1]
      .text              ro code  0x080002f4    0xee4  command.o [1]
      .text              ro code  0x080011d8    0x150  common.o [1]
      .text              ro code  0x08001328     0x38  exception.o [1]
      .text              ro code  0x08001360    0x304  incoming.o [1]
      .text              ro code  0x08001664    0x1d8  ledlamp.o [1]
      .text              ro code  0x0800183c    0x234  micro.o [1]
      .text              ro code  0x08001a70    0x21c  network.o [1]
      .text              ro code  0x08001c8c    0x114  pwm.o [1]
      .text              ro code  0x08001da0    0x318  sink.o [1]
      .text              ro code  0x080020b8    0x5b0  sysinfo.o [1]
      .text              ro code  0x08002668     0xe8  timevent.o [1]
      .text              ro code  0x08002750    0x154  cstartup-iar.o [8]
      .text              ro code  0x080028a4   0x1040  association.o [13]
      .text              ro code  0x080038e4    0x310  fragment.o [10]
      .text              ro code  0x08003bf4    0x672  packet-buffer.o [13]
      .text              ro code  0x08004268    0x172  mem.o [10]
      .text              ro code  0x080043dc    0x2dc  table.o [10]
      .text              ro code  0x080046b8     0xfc  console.o [10]
      .text              ro code  0x080047b4    0x128  serial.o [10]
      .text              ro code  0x080048dc     0x9c  msg.o [10]
      .text              ro code  0x08004978    0x130  lamp.o [10]
      .text              ro code  0x08004aa8     0x28  eui64.o [13]
      .text              ro code  0x08004ad0    0x110  ember-configuration.o [10]
      .text              ro code  0x08004be0    0x6c8  child.o [13]
      .text              ro code  0x080052a8     0x40  child-table.o [13]
      .text              ro code  0x080052e8    0x248  jit.o [13]
      .text              ro code  0x08005530    0x3dc  aps-keys.o [11]
      .text              ro code  0x0800590c    0x10c  ember-stack-common.o [13]
      .text              ro code  0x08005a18    0x8c0  application-support.o [13]
      .text              ro code  0x080062d8    0x228  diagnostic.o [10]
      .text              ro code  0x08006500     0xb0  trust-center.o [10]
      .text              ro code  0x080065b0    0x2d6  leave.o [13]
      .text              ro code  0x08006888     0xac  zigbee-dispatch.o [13]
      .text              ro code  0x08006934     0xe8  ticker.o [10]
      .text              ro code  0x08006a1c    0x1c0  zigbee-stack.o [13]
      .text              ro code  0x08006bdc    0x204  mac-header.o [13]
      .text              ro code  0x08006de0     0x7c  security-address-cache.o [10]
      .text              ro code  0x08006e5c    0x174  token.o [10]
      .text              ro code  0x08006fd0      0x6  spmr.o [8]
      .text              ro code  0x08006fd8      0xc  spmr.o [8]
      .text              ro code  0x08006fe4      0x8  spmr.o [8]
      .text              ro code  0x08006fec    0x2bc  micro-internal.o [8]
      .text              ro code  0x080072a8    0x8cc  analogue.o [13]
      .text              ro code  0x08007b74     0x64  cstartup-iar-common.o [10]
      .text              ro code  0x08007bd8    0x12e  button.o [10]
      .text              ro code  0x08007d08     0xe6  uart.o [10]
      .text              ro code  0x08007df0     0x34  form-and-join-node-adapter.o [10]
      .text              ro code  0x08007e24    0x3a0  mac-arbiter.o [13]
      .text              ro code  0x080081c4    0x26c  frame.o [10]
      .text              ro code  0x08008430     0x84  flash.o [10]
      .text              ro code  0x080084b4     0x1c  nodeid.o [13]
      .text              ro code  0x080084d0     0x40  mpu.o [10]
      .text              ro code  0x08008510     0x38  context-switch.o [8]
      .text              ro code  0x08008548     0x10  context-switch.o [8]
      .text              ro code  0x08008558    0x5e0  neighbor.o [13]
      .text              ro code  0x08008b38    0x798  aps-retry.o [13]
      .text              ro code  0x080092d0   0x116c  network.o [13]
      .text              ro code  0x0800a43c    0x478  trust-center-util.o [11]
      .text              ro code  0x0800a8b4    0x564  zigbee-packet-header.o [13]
      .text              ro code  0x0800ae18    0x324  management.o [13]
      .text              ro code  0x0800b13c    0x21e  retry.o [13]
      .text              ro code  0x0800b35c    0x21c  packet-header.o [13]
      .text              ro code  0x0800b578    0x2d8  random-id.o [13]
      .text              ro code  0x0800b850    0xa44  aps-security.o [11]
      .text              ro code  0x0800c294    0x344  command.o [13]
      .text              ro code  0x0800c5d8    0x360  mac.o [13]
      .text              ro code  0x0800c938    0x348  scan.o [13]
      .text              ro code  0x0800cc80    0x54c  mac-indirect.o [13]
      .text              ro code  0x0800d1cc    0x144  child-aging.o [13]
      .text              ro code  0x0800d310    0x4a8  phy-common.o [13]
      .text              ro code  0x0800d7b8    0x488  zigbee-device-util.o [13]
      .text              ro code  0x0800dc40    0x350  zdo-channel.o [13]
      .text              ro code  0x0800df90     0x48  random.o [10]
      .text              ro code  0x0800dfd8    0xaa0  sim-eeprom-internal.o [8]
      .text              ro code  0x0800ea78    0x210  alarm.o [3]
      .text              ro code  0x0800ec88    0x33c  address-table.o [13]
      .text              ro code  0x0800efc4    0x15c  route-error.o [13]
      .text              ro code  0x0800f120    0x5c4  crypto.o [13]
      .text              ro code  0x0800f6e4    0x2a4  aps-keys-full.o [12]
      .text              ro code  0x0800f988    0x1d8  mac-receive.o [13]
      .text              ro code  0x0800fb60    0x344  neighbor-exchange.o [13]
      .text              ro code  0x0800fea4    0x4c0  phy.o [13]
      .text              ro code  0x08010364    0x20c  aps-encryption.o [11]
      .text              ro code  0x08010570    0x350  binding-table.o [4]
      .text              ro code  0x080108c0    0x154  broadcast.o [13]
      .text              ro code  0x08010a14    0x38e  route-table.o [13]
      .text              ro code  0x08010da4     0x18  cal-pads.o [13]
      .text              ro code  0x08010dbc    0x150  mac-em250.o [13]
      .text              ro code  0x08010f0c    0x294  debug-jtag.o [13]
      .text              ro code  0x080111a0    0x224  debug.o [13]
      .text              ro code  0x080113c4    0x1ec  zigbee-neighbor.o [13]
      .text              ro code  0x080115b0     0x40  system-timer.o [8]
      .text              ro code  0x080115f0    0x344  flash.o [8]
      .text              ro code  0x08011934    0x264  analogue-cell-bias.o [13]
      .text              ro code  0x08011b98    0x154  analogue-mod-dac.o [13]
      .text              ro code  0x08011cec      0x0  isr-stubs.o [10]
      .text              ro code  0x08011cec      0x0  isr-stubs.o [10]
      .text              ro code  0x08011cec      0x0  isr-stubs.o [10]
      .text              ro code  0x08011cec      0x0  isr-stubs.o [10]
      .text              ro code  0x08011cec      0x0  isr-stubs.o [10]
      .text              ro code  0x08011cec      0x0  isr-stubs.o [10]
      .text              ro code  0x08011cec      0x0  isr-stubs.o [10]
      .text              ro code  0x08011cec      0x0  isr-stubs.o [10]
      .text              ro code  0x08011cec      0x0  isr-stubs.o [10]
      .text              ro code  0x08011cec      0x0  isr-stubs.o [10]
      .text              ro code  0x08011cec      0x0  isr-stubs.o [10]
      .text              ro code  0x08011cec      0x0  isr-stubs.o [10]
      .text              ro code  0x08011cec      0x0  isr-stubs.o [10]
      .text              ro code  0x08011cec      0x0  isr-stubs.o [10]
      .text              ro code  0x08011cec      0x0  isr-stubs.o [10]
      .text              ro code  0x08011cec    0x2a6  form-and-join.o [10]
      .text              ro code  0x08011f94     0x60  symbol-timer.o [13]
      .text              ro code  0x08011ff4     0x64  unicast-table.o [13]
      .text              ro code  0x08012058    0x77e  route-discovery.o [13]
      .text              ro code  0x080127d8     0xf4  source-route.o [10]
      .text              ro code  0x080128cc     0x48  led.o [10]
      .text              ro code  0x08012914     0xec  aes.o [13]
      .text              ro code  0x08012a00    0x714  zigbee-device.o [13]
      .text              ro code  0x08013114     0x24  crc.o [10]
      .text              ro code  0x08013138     0x80  faults.o [10]
      .text              ro code  0x080131b8     0xb4  source-route-common.o [10]
      .text              ro code  0x0801326c    0x1bc  zdo-binding-table.o [4]
      .text              ro code  0x08013428     0x20  sscanf.o [6]
      .text              ro code  0x08013448     0x36  strlen.o [9]
      .text              ro code  0x08013480     0x16  strchr.o [9]
      .text              ro code  0x08013498      0x6  ABImemclr4.o [9]
      .text              ro code  0x080134a0     0x28  vsprintf.o [6]
      .text              ro code  0x080134c8     0x70  ABImemcpy.o [9]
      .text              ro code  0x08013538    0x9e0  xscanffull.o [6]
      .text              ro code  0x08013f18     0x38  ABImemset48.o [9]
      .text              ro code  0x08013f50    0xcc2  xprintffull.o [6]
      .text              ro code  0x08014c14     0x90  DblToFlt.o [9]
      .text              ro code  0x08014ca4    0x108  xdscale.o [6]
      .text              ro code  0x08014dac     0x58  memchr.o [9]
      .text              ro code  0x08014e04     0xbc  xstold.o [6]
      .text              ro code  0x08014ec0    0x164  xstoull.o [6]
      .text              ro code  0x08015024     0x2e  DblCmpLe.o [9]
      .text              ro code  0x08015054     0x2e  DblCmpGe.o [9]
      .text              ro code  0x08015084     0x56  DblToI32.o [9]
      .text              ro code  0x080150dc    0x246  DblDiv.o [9]
      .text              ro code  0x08015324    0x1a2  DblMul.o [9]
      .text              ro code  0x080154c8    0x17e  DblSub.o [9]
      .text              ro code  0x08015648     0x2e  I32ToDbl.o [9]
      .text              ro code  0x08015678    0x12e  I64DivMod.o [9]
      .text              ro code  0x080157a8    0x1b0  xstoflt.o [6]
      .text              ro code  0x08015958     0xe6  DblAdd.o [9]
      .text              ro code  0x08015a40    0x160  xdtento.o [6]
      .text              ro code  0x08015ba0     0x14  errno.o [6]
      .text              ro code  0x08015bb4      0x2  I64DivZer.o [9]
      .text              ro code  0x08015bb8     0x20  DblCmpEq.o [9]
      .text              ro code  0x08015bd8      0x2  adc.o [1]
      .text              ro code  0x08015bda     0x80  event-control.o [13]
      .text              ro code  0x08015c5a      0x8  high-security-stub.o [11]
      .text              ro code  0x08015c62      0x8  aps-skke-stub.o [11]
      .text              ro code  0x08015c6a     0x2c  form-and-join-node-callbacks.o [10]
      .text              ro code  0x08015c96      0xe  sim-eeprom.o [10]
      .text              ro code  0x08015ca4     0xf6  hashing.o [11]
      .text              ro code  0x08015d9a     0x14  cbke-crypto-engine-stub.o [5]
      .text              ro code  0x08015dae     0x12  phy-util.o [13]
      .text              ro code  0x08015dc0      0x8  end-device-bind-stub.o [7]
      .text              ro code  0x08015dc8     0x44  misc.o [13]
      .text              ro code  0x08015e0c     0x2a  strncmp.o [6]
      .text              ro code  0x08015e36      0x8  abs.o [6]
      .text              ro code  0x08015e3e     0x20  xsscin.o [6]
      .text              ro code  0x08015e5e      0xa  xsprout.o [6]
      .text              ro code  0x08015e68     0x8e  xstoll.o [6]
      .text              ro code  0x08015ef6     0xc6  xdnorm.o [6]
      .text              ro code  0x08015fbc      0xe  div.o [6]
      .text              ro code  0x08015fca     0xf6  xstopfx.o [6]
      .text              ro code  0x080160c0     0x64  xdtento.o [6]
    .rodata              const    0x08016128     0x10  xstold.o [6]
    .rodata              const    0x08016138     0x48  xdtento.o [6]
    .rodata              const    0x08016180      0x8  command.o [1]
    .rodata              const    0x08016188     0x18  command.o [1]
    .rodata              const    0x080161a0     0x1c  command.o [1]
    .rodata              const    0x080161bc     0x1c  command.o [1]
    .rodata              const    0x080161d8     0x18  command.o [1]
    .rodata              const    0x080161f0     0x1c  command.o [1]
    .rodata              const    0x0801620c     0x24  command.o [1]
    .rodata              const    0x08016230     0x20  command.o [1]
    .rodata              const    0x08016250     0x30  command.o [1]
    .rodata              const    0x08016280     0x30  command.o [1]
    .rodata              const    0x080162b0     0x20  command.o [1]
    .rodata              const    0x080162d0     0x2c  command.o [1]
    .rodata              const    0x080162fc     0x30  command.o [1]
    .rodata              const    0x0801632c     0x2c  command.o [1]
    .rodata              const    0x08016358     0x24  command.o [1]
    .rodata              const    0x0801637c     0x24  command.o [1]
    .rodata              const    0x080163a0     0x28  command.o [1]
    .rodata              const    0x080163c8     0x40  command.o [1]
    .rodata              const    0x08016408     0x40  command.o [1]
    .rodata              const    0x08016448     0x4c  command.o [1]
    .rodata              const    0x08016494     0x30  command.o [1]
    .rodata              const    0x080164c4     0x38  command.o [1]
    .rodata              const    0x080164fc     0x40  command.o [1]
    .rodata              const    0x0801653c     0x30  command.o [1]
    .rodata              const    0x0801656c     0x40  command.o [1]
    .rodata              const    0x080165ac     0x18  command.o [1]
    .rodata              const    0x080165c4     0x14  command.o [1]
    .rodata              const    0x080165d8      0xc  command.o [1]
    .rodata              const    0x080165e4      0x8  command.o [1]
    .rodata              const    0x080165ec      0x8  command.o [1]
    .rodata              const    0x080165f4      0x8  command.o [1]
    .rodata              const    0x080165fc     0x18  command.o [1]
    .rodata              const    0x08016614      0x8  common.o [1]
    .rodata              const    0x0801661c     0x34  incoming.o [1]
    .rodata              const    0x08016650     0x28  incoming.o [1]
    .rodata              const    0x08016678     0x38  incoming.o [1]
    .rodata              const    0x080166b0     0x20  incoming.o [1]
    .rodata              const    0x080166d0     0x30  incoming.o [1]
    .rodata              const    0x08016700     0x10  ledlamp.o [1]
    .rodata              const    0x08016710      0x8  ledlamp.o [1]
    .rodata              const    0x08016718     0x10  ledlamp.o [1]
    .rodata              const    0x08016728      0xc  ledlamp.o [1]
    .rodata              const    0x08016734      0x8  ledlamp.o [1]
    .rodata              const    0x0801673c     0x18  ledlamp.o [1]
    .rodata              const    0x08016754     0x18  micro.o [1]
    .rodata              const    0x0801676c     0x10  sink.o [1]
    .rodata              const    0x0801677c     0x28  sysinfo.o [1]
    .rodata              const    0x080167a4     0x10  sysinfo.o [1]
    .rodata              const    0x080167b4     0x14  sysinfo.o [1]
    .rodata              const    0x080167c8     0x14  sysinfo.o [1]
    .rodata              const    0x080167dc     0x14  sysinfo.o [1]
    .rodata              const    0x080167f0     0x18  sysinfo.o [1]
    .rodata              const    0x08016808     0x18  sysinfo.o [1]
    .rodata              const    0x08016820     0x18  sysinfo.o [1]
    .rodata              const    0x08016838     0x14  sysinfo.o [1]
    .rodata              const    0x0801684c     0x18  sysinfo.o [1]
    .rodata              const    0x08016864     0x18  sysinfo.o [1]
    .rodata              const    0x0801687c     0x14  sysinfo.o [1]
    .rodata              const    0x08016890     0x20  sysinfo.o [1]
    .rodata              const    0x080168b0      0x8  sysinfo.o [1]
    .rodata              const    0x080168b8      0x8  sysinfo.o [1]
    .rodata              const    0x080168c0     0x2c  sysinfo.o [1]
    .rodata              const    0x080168ec     0x2c  sysinfo.o [1]
    .rodata              const    0x08016918     0x34  sysinfo.o [1]
    .rodata              const    0x0801694c     0x20  sysinfo.o [1]
    .rodata              const    0x0801696c     0x18  sysinfo.o [1]
    .rodata              const    0x08016984     0x20  sysinfo.o [1]
    .rodata              const    0x080169a4     0x18  sysinfo.o [1]
    .rodata              const    0x080169bc     0x18  sysinfo.o [1]
    .rodata              const    0x080169d4     0x20  sysinfo.o [1]
    .rodata              const    0x080169f4     0x20  sysinfo.o [1]
    .rodata              const    0x08016a14     0x20  sysinfo.o [1]
    .rodata              const    0x08016a34     0x18  sysinfo.o [1]
    .rodata              const    0x08016a4c     0x1c  sysinfo.o [1]
    .rodata              const    0x08016a68     0x30  sysinfo.o [1]
    .rodata              const    0x08016a98     0x10  cstartup-iar.o [8]
    .rodata              const    0x08016aa8     0x10  association.o [13]
    .rodata              const    0x08016ab8      0x8  association.o [13]
    .rodata              const    0x08016ac0     0x10  fragment.o [10]
    .rodata              const    0x08016ad0     0x10  packet-buffer.o [13]
    .rodata              const    0x08016ae0     0x78  table.o [10]
    .rodata              const    0x08016b58      0xc  lamp.o [10]
    .rodata              const    0x08016b64     0x10  ember-configuration.o [10]
    .rodata              const    0x08016b74      0x8  child.o [13]
    .rodata              const    0x08016b7c     0x14  diagnostic.o [10]
    .rodata              const    0x08016b90     0xa8  zigbee-stack.o [13]
    .rodata              const    0x08016c38     0x10  token.o [10]
    .rodata              const    0x08016c48     0x4c  analogue.o [13]
    .rodata              const    0x08016c94     0x20  analogue.o [13]
    .rodata              const    0x08016cb4      0x8  analogue.o [13]
    .rodata              const    0x08016cbc     0x10  cstartup-iar-common.o [10]
    .rodata              const    0x08016ccc     0x4c  uart.o [10]
    .rodata              const    0x08016d18     0x18  form-and-join-node-adapter.o [10]
    .rodata              const    0x08016d30     0x10  mac-arbiter.o [13]
    .rodata              const    0x08016d40     0x40  mpu.o [10]
    .rodata              const    0x08016d80      0xc  neighbor.o [13]
    .rodata              const    0x08016d8c      0x8  network.o [13]
    .rodata              const    0x08016d94     0x10  packet-header.o [13]
    .rodata              const    0x08016da4     0x10  packet-header.o [13]
    .rodata              const    0x08016db4      0x8  aps-security.o [11]
    .rodata              const    0x08016dbc      0x8  mac.o [13]
    .rodata              const    0x08016dc4      0x8  scan.o [13]
    .rodata              const    0x08016dcc      0x4  mac-indirect.o [13]
    .rodata              const    0x08016dd0     0x10  phy-common.o [13]
    .rodata              const    0x08016de0      0x8  phy-common.o [13]
    .rodata              const    0x08016de8      0x8  zigbee-device-util.o [13]
    .rodata              const    0x08016df0      0x8  zdo-channel.o [13]
    .rodata              const    0x08016df8      0x8  zdo-channel.o [13]
    .rodata              const    0x08016e00     0x10  sim-eeprom.o [10]
    .rodata              const    0x08016e10     0x18  sim-eeprom-internal.o [8]
    .rodata              const    0x08016e28      0x8  phy.o [13]
    .rodata              const    0x08016e30     0x10  route-table.o [13]
    .rodata              const    0x08016e40      0xc  mac-em250.o [13]
    .rodata              const    0x08016e4c      0xc  debug.o [13]
    .rodata              const    0x08016e58      0xc  debug.o [13]
    .rodata              const    0x08016e64      0x8  flash.o [8]
    .rodata              const    0x08016e6c     0x9c  analogue-cell-bias.o [13]
    .rodata              const    0x08016f08     0x58  analogue-cell-bias.o [13]
    .rodata              const    0x08016f60     0x14  route-discovery.o [13]
    .rodata              const    0x08016f74      0xc  led.o [10]
    .rodata              const    0x08016f80      0xc  led.o [10]
    .rodata              const    0x08016f8c     0x24  zigbee-device.o [13]
    .rodata              const    0x08016fb0     0x20  token-def.o [10]
    .rodata              const    0x08016fd0     0x10  token-def.o [10]
    .rodata              const    0x08016fe0     0x10  token-def.o [10]
    .rodata              const    0x08016ff0     0x10  token-def.o [10]
    .rodata              const    0x08017000      0x4  token-def.o [10]
    .rodata              const    0x08017004      0x4  token-def.o [10]
    .rodata              const    0x08017008     0x14  token-def.o [10]
    .rodata              const    0x0801701c      0x4  token-def.o [10]
    .rodata              const    0x08017020     0x14  token-def.o [10]
    .rodata              const    0x08017034     0x10  token-def.o [10]
    .rodata              const    0x08017044     0x1c  token-def.o [10]
    .rodata              const    0x08017060     0x1c  token-def.o [10]
    .rodata              const    0x0801707c      0x8  token-def.o [10]
    .rodata              const    0x08017084     0x10  token-def.o [10]
    .rodata              const    0x08017094      0xc  token-def.o [10]
    .rodata              const    0x080170a0     0x1c  token-def.o [10]
    .rodata              const    0x080170bc     0x5c  token-def.o [10]
    .rodata              const    0x08017118      0x8  zdo-binding-table.o [4]
    .rodata              const    0x08017120     0x10  xscanffull.o [6]
    .rodata              const    0x08017130      0x8  xprintffull.o [6]
    .rodata              const    0x08017138     0x50  xstoull.o [6]
    .rodata              const    0x08017188     0x20  xstoflt.o [6]
    .rodata              const    0x080171a8      0x2  association.o [13]
    .rodata              const    0x080171aa      0x2  token.o [10]
    .rodata              const    0x080171ac      0x2  token.o [10]
    .rodata              const    0x080171ae      0x2  token.o [10]
    .rodata              const    0x080171b0      0x2  token.o [10]
    .rodata              const    0x080171b2      0x2  token.o [10]
    .rodata              const    0x080171b4      0x2  token.o [10]
    .rodata              const    0x080171b6      0x2  token.o [10]
    .rodata              const    0x080171b8      0x2  token.o [10]
    .rodata              const    0x080171ba      0x2  sim-eeprom.o [10]
    .rodata              const    0x080171bc      0x2  sim-eeprom.o [10]
    .rodata              const    0x080171be      0x2  sim-eeprom.o [10]
    .rodata              const    0x080171c0      0x2  sim-eeprom.o [10]
    .rodata              const    0x080171c2      0x2  sim-eeprom.o [10]
    .rodata              const    0x080171c4      0x2  sim-eeprom.o [10]
    .rodata              const    0x080171c6      0x2  sim-eeprom.o [10]
    .rodata              const    0x080171c8      0x2  token-def.o [10]
    .rodata              const    0x080171ca      0x2  token-def.o [10]
    .rodata              const    0x080171cc      0x2  token-def.o [10]
    .rodata              const    0x080171ce      0x1  aps-skke-stub.o [11]
    .rodata              const    0x080171cf      0x1  sim-eeprom.o [10]
    .data_init                    0x080171d0    0x35f  <Block>
      Initializer bytes  ro data  0x080171d0    0x35f  <for .data-1>
                                - 0x0801752f  0x1742f

"SIMEE":                                       0x2000
  SIMEE                           0x0801e000   0x2000  <Block>
    SIMEE                uninit   0x0801e000   0x2000  sim-eeprom.o [10]
                                - 0x08020000   0x2000

"FAT":                                           0x2c
  FAT                    uninit   0x08040000     0x2c  cstartup-iar-common.o [10]
                                - 0x0804002c     0x2c

"APP rw":                                      0x1ea8
  APPRW_block                     0x20000000   0x1ea8  <Block>
    CSTACK_overlay                0x20000000    0x758  <Overlay>
      part 1:
        CSTACK                    0x20000000    0x758  <Block>
          CSTACK         uninit   0x20000000    0x758  cstartup-iar-common.o [10]
          CSTACK         const    0x20000758      0x0  spmr.o [8]
          CSTACK         const    0x20000758      0x0  context-switch.o [8]
          CSTACK         const    0x20000758      0x0  isr-stubs.o [10]
          CSTACK         const    0x20000758      0x0  faults.o [10]
      part 2:
        RESETINFO                 0x20000000     0x94  <Block>
          RESETINFO      uninit   0x20000000     0x94  cstartup-iar-common.o [10]
          RESETINFO      const    0x20000094      0x0  spmr.o [8]
          RESETINFO      const    0x20000094      0x0  context-switch.o [8]
          RESETINFO      const    0x20000094      0x0  isr-stubs.o [10]
          RESETINFO      const    0x20000094      0x0  faults.o [10]
    .data                         0x20000758    0x360  <Block>
      .data-1                     0x20000758    0x35f  <Init block>
        .data            inited   0x20000758    0x130  command.o [1]
        .data            inited   0x20000888     0x10  ledlamp.o [1]
        .data            inited   0x20000898     0x30  association.o [13]
        .data            inited   0x200008c8     0x1a  fragment.o [10]
        .data            inited   0x200008e4     0x1e  fragment.o [10]
        .data            inited   0x20000904      0x4  ember-configuration.o [10]
        .data            inited   0x20000908      0x4  ember-configuration.o [10]
        .data            inited   0x2000090c      0x4  ember-configuration.o [10]
        .data            inited   0x20000910      0x4  ember-configuration.o [10]
        .data            inited   0x20000914      0x4  ember-configuration.o [10]
        .data            inited   0x20000918      0x4  ember-configuration.o [10]
        .data            inited   0x2000091c      0x4  ember-configuration.o [10]
        .data            inited   0x20000920      0x4  ember-configuration.o [10]
        .data            inited   0x20000924      0x4  ember-configuration.o [10]
        .data            inited   0x20000928      0x4  ember-configuration.o [10]
        .data            inited   0x2000092c      0x4  ember-configuration.o [10]
        .data            inited   0x20000930      0x4  ember-configuration.o [10]
        .data            inited   0x20000934      0x4  ember-configuration.o [10]
        .data            inited   0x20000938      0x4  ember-configuration.o [10]
        .data            inited   0x2000093c      0x4  ember-configuration.o [10]
        .data            inited   0x20000940      0x4  ember-configuration.o [10]
        .data            inited   0x20000944      0x4  ember-configuration.o [10]
        .data            inited   0x20000948      0x4  ember-configuration.o [10]
        .data            inited   0x2000094c      0x4  ember-configuration.o [10]
        .data            inited   0x20000950      0x4  ember-configuration.o [10]
        .data            inited   0x20000954      0xa  jit.o [13]
        .data            inited   0x20000960      0x8  zigbee-stack.o [13]
        .data            inited   0x20000968      0xe  analogue.o [13]
        .data            inited   0x20000978     0x14  mac-arbiter.o [13]
        .data            inited   0x2000098c      0x4  mac-arbiter.o [13]
        .data            inited   0x20000990      0x4  network.o [13]
        .data            inited   0x20000994      0xa  management.o [13]
        .data            inited   0x200009a0     0x20  scan.o [13]
        .data            inited   0x200009c0      0xe  mac-indirect.o [13]
        .data            inited   0x200009d0     0x10  zdo-channel.o [13]
        .data            inited   0x200009e0      0x8  mac-receive.o [13]
        .data            inited   0x200009e8      0x4  cal-pads.o [13]
        .data            inited   0x200009ec      0x4  mac-em250.o [13]
        .data            inited   0x200009f0      0x4  debug-jtag.o [13]
        .data            inited   0x200009f4     0x30  form-and-join.o [10]
        .data            inited   0x20000a24      0x4  source-route.o [10]
        .data            inited   0x20000a28     0x40  token-def.o [10]
        .data            inited   0x20000a68      0x2  ember-configuration.o [10]
        .data            inited   0x20000a6a      0x2  ember-configuration.o [10]
        .data            inited   0x20000a6c      0x6  child.o [13]
        .data            inited   0x20000a72      0x2  application-support.o [13]
        .data            inited   0x20000a74      0x2  micro-internal.o [8]
        .data            inited   0x20000a76      0xa  analogue.o [13]
        .data            inited   0x20000a80      0x4  nodeid.o [13]
        .data            inited   0x20000a84      0x4  random.o [10]
        .data            inited   0x20000a88      0x4  zigbee-device.o [13]
        .data            inited   0x20000a8c      0x1  common.o [1]
        .data            inited   0x20000a8d      0x1  ledlamp.o [1]
        .data            inited   0x20000a8e      0x1  packet-buffer.o [13]
        .data            inited   0x20000a8f      0x1  ember-configuration.o [10]
        .data            inited   0x20000a90      0x1  ember-configuration.o [10]
        .data            inited   0x20000a91      0x1  ember-configuration.o [10]
        .data            inited   0x20000a92      0x1  ember-configuration.o [10]
        .data            inited   0x20000a93      0x1  ember-configuration.o [10]
        .data            inited   0x20000a94      0x1  ember-configuration.o [10]
        .data            inited   0x20000a95      0x1  ember-configuration.o [10]
        .data            inited   0x20000a96      0x1  ember-configuration.o [10]
        .data            inited   0x20000a97      0x1  ember-configuration.o [10]
        .data            inited   0x20000a98      0x1  ember-configuration.o [10]
        .data            inited   0x20000a99      0x1  ember-configuration.o [10]
        .data            inited   0x20000a9a      0x1  ember-configuration.o [10]
        .data            inited   0x20000a9b      0x1  ember-configuration.o [10]
        .data            inited   0x20000a9c      0x1  ember-configuration.o [10]
        .data            inited   0x20000a9d      0x1  ember-configuration.o [10]
        .data            inited   0x20000a9e      0x1  ember-configuration.o [10]
        .data            inited   0x20000a9f      0x1  ember-configuration.o [10]
        .data            inited   0x20000aa0      0x1  ember-configuration.o [10]
        .data            inited   0x20000aa1      0x1  ember-configuration.o [10]
        .data            inited   0x20000aa2      0x1  ember-configuration.o [10]
        .data            inited   0x20000aa3      0x1  ember-configuration.o [10]
        .data            inited   0x20000aa4      0x1  application-support.o [13]
        .data            inited   0x20000aa5      0x2  trust-center.o [10]
        .data            inited   0x20000aa7      0x1  zigbee-stack.o [13]
        .data            inited   0x20000aa8      0x2  trust-center-util.o [11]
        .data            inited   0x20000aaa      0x2  random-id.o [13]
        .data            inited   0x20000aac      0x1  phy-common.o [13]
        .data            inited   0x20000aad      0x6  phy-common.o [13]
        .data            inited   0x20000ab3      0x1  zigbee-device-util.o [13]
        .data            inited   0x20000ab4      0x1  source-route.o [10]
        .data            inited   0x20000ab5      0x2  source-route-common.o [10]
    .bss                          0x20000ab8    0x9f9  <Block>
      .bss               uninit   0x20000ab8    0x1b4  command.o [1]
      .bss               uninit   0x20000c6c      0xc  common.o [1]
      .bss               uninit   0x20000c78      0x4  ledlamp.o [1]
      .bss               uninit   0x20000c7c      0x4  ledlamp.o [1]
      .bss               uninit   0x20000c80     0x54  ledlamp.o [1]
      .bss               uninit   0x20000cd4     0xa4  network.o [1]
      .bss               uninit   0x20000d78     0x58  network.o [1]
      .bss               uninit   0x20000dd0     0x70  network.o [1]
      .bss               uninit   0x20000e40     0x14  sink.o [1]
      .bss               uninit   0x20000e54    0x1f4  sink.o [1]
      .bss               uninit   0x20001048     0x28  sink.o [1]
      .bss               uninit   0x20001070      0x4  association.o [13]
      .bss               uninit   0x20001074     0x1c  table.o [10]
      .bss               uninit   0x20001090     0x44  lamp.o [10]
      .bss               uninit   0x200010d4      0x8  eui64.o [13]
      .bss               uninit   0x200010dc      0x4  aps-keys.o [11]
      .bss               uninit   0x200010e0      0x4  aps-keys.o [11]
      .bss               uninit   0x200010e4      0xc  zigbee-dispatch.o [13]
      .bss               uninit   0x200010f0      0x4  ticker.o [10]
      .bss               uninit   0x200010f4      0x4  form-and-join-node-adapter.o [10]
      .bss               uninit   0x200010f8      0x4  form-and-join-node-adapter.o [10]
      .bss               uninit   0x200010fc      0x8  context-switch.o [8]
      .bss               uninit   0x20001104      0x8  neighbor.o [13]
      .bss               uninit   0x2000110c      0xa  aps-retry.o [13]
      .bss               uninit   0x20001118      0x4  high-security-stub.o [11]
      .bss               uninit   0x2000111c      0xa  retry.o [13]
      .bss               uninit   0x20001128     0x30  retry.o [13]
      .bss               uninit   0x20001158      0x4  aps-skke-stub.o [11]
      .bss               uninit   0x2000115c      0x4  aps-security.o [11]
      .bss               uninit   0x20001160      0x8  mac.o [13]
      .bss               uninit   0x20001168     0x80  mac.o [13]
      .bss               uninit   0x200011e8      0x8  mac-indirect.o [13]
      .bss               uninit   0x200011f0     0x10  child-aging.o [13]
      .bss               uninit   0x20001200      0x8  phy-common.o [13]
      .bss               uninit   0x20001208      0x8  zigbee-device-util.o [13]
      .bss               uninit   0x20001210     0x4c  sim-eeprom.o [10]
      .bss               uninit   0x2000125c      0x8  crypto.o [13]
      .bss               uninit   0x20001264      0x4  neighbor-exchange.o [13]
      .bss               uninit   0x20001268    0x118  phy.o [13]
      .bss               uninit   0x20001380     0x64  broadcast.o [13]
      .bss               uninit   0x200013e4      0x4  end-device-bind-stub.o [7]
      .bss               uninit   0x200013e8     0x30  form-and-join.o [10]
      .bss               uninit   0x20001418     0x14  unicast-table.o [13]
      .bss               uninit   0x2000142c     0x3c  source-route.o [10]
      .bss               uninit   0x20001468      0x8  errno.o [6]
      .bss               uninit   0x20001470      0x2  common.o [1]
      .bss               uninit   0x20001472      0x2  mac-header.o [13]
      .bss               uninit   0x20001474      0x2  cstartup-iar-common.o [10]
      .bss               uninit   0x20001476      0x4  network.o [13]
      .bss               uninit   0x2000147a      0x4  sim-eeprom-internal.o [8]
      .bss               uninit   0x2000147e      0x2  phy.o [13]
      .bss               uninit   0x20001480      0x4  route-table.o [13]
      .bss               uninit   0x20001484      0x2  analogue-mod-dac.o [13]
      .bss               uninit   0x20001486      0x1  common.o [1]
      .bss               uninit   0x20001487      0x1  common.o [1]
      .bss               uninit   0x20001488      0x1  timevent.o [1]
      .bss               uninit   0x20001489      0x1  association.o [13]
      .bss               uninit   0x2000148a      0x1  ember-configuration.o [10]
      .bss               uninit   0x2000148b      0x1  ember-configuration.o [10]
      .bss               uninit   0x2000148c      0x1  ember-configuration.o [10]
      .bss               uninit   0x2000148d      0x1  ember-configuration.o [10]
      .bss               uninit   0x2000148e      0x1  ember-configuration.o [10]
      .bss               uninit   0x2000148f      0x1  ember-configuration.o [10]
      .bss               uninit   0x20001490      0x1  ember-configuration.o [10]
      .bss               uninit   0x20001491      0x1  ember-configuration.o [10]
      .bss               uninit   0x20001492      0x1  ember-configuration.o [10]
      .bss               uninit   0x20001493      0x1  ember-configuration.o [10]
      .bss               uninit   0x20001494      0x1  ember-configuration.o [10]
      .bss               uninit   0x20001495      0x1  application-support.o [13]
      .bss               uninit   0x20001496      0x1  zigbee-dispatch.o [13]
      .bss               uninit   0x20001497      0x1  mac-header.o [13]
      .bss               uninit   0x20001498      0x3  security-address-cache.o [10]
      .bss               uninit   0x2000149b      0x2  token.o [10]
      .bss               uninit   0x2000149d      0x2  button.o [10]
      .bss               uninit   0x2000149f      0x1  frame.o [10]
      .bss               uninit   0x200014a0      0x2  network.o [13]
      .bss               uninit   0x200014a2      0x1  high-security-stub.o [11]
      .bss               uninit   0x200014a3      0x1  zigbee-packet-header.o [13]
      .bss               uninit   0x200014a4      0x1  zigbee-packet-header.o [13]
      .bss               uninit   0x200014a5      0x1  random-id.o [13]
      .bss               uninit   0x200014a6      0x1  command.o [13]
      .bss               uninit   0x200014a7      0x1  mac.o [13]
      .bss               uninit   0x200014a8      0x1  alarm.o [3]
      .bss               uninit   0x200014a9      0x1  crypto.o [13]
      .bss               uninit   0x200014aa      0x1  phy.o [13]
      .bss               uninit   0x200014ab      0x2  mac-em250.o [13]
      .bss               uninit   0x200014ad      0x1  debug-jtag.o [13]
      .bss               uninit   0x200014ae      0x1  system-timer.o [8]
      .bss               uninit   0x200014af      0x1  flash.o [8]
      .bss               uninit   0x200014b0      0x1  route-discovery.o [13]
    APP_RAM                       0x200014b4    0x9f4  <Block>
      APP_RAM            uninit   0x200014b4    0x9f4  ember-configuration.o [10]
                                - 0x20001ea8   0x1ea8

"DEBUGCHAN":                                     0x10
  DEBUG_CHANNEL                   0x20001fe0     0x10  <Block>
    DEBUG_CHANNEL        uninit   0x20001fe0     0x10  debug-jtag.o [13]
                                - 0x20001ff0     0x10


*******************************************************************************
*** MODULE SUMMARY
***

    Module                          ro code  ro data  rw data
    ------                          -------  -------  -------
E:\Workshops\renovate\lamps\build\obj: [1]
    adc.o                                 2
    callback.o                          366
    command.o                         3 812    1 476      740
    common.o                            336        9       17
    exception.o                          56
    incoming.o                          772      228
    ledlamp.o                           472      101      109
    micro.o                             564       24
    network.o                           540               364
    pwm.o                               276
    sink.o                              792       16      560
    sysinfo.o                         1 456      796
    timevent.o                          232                 1
    ---------------------------------------------------------
    Total:                            9 676    2 650    1 791

command line: [2]
    ---------------------------------------------------------
    Total:

alarm-library.a: [3]
    alarm.o                             528                 1
    ---------------------------------------------------------
    Total:                              528                 1

binding-table-library.a: [4]
    binding-table.o                     848
    zdo-binding-table.o                 444        8
    ---------------------------------------------------------
    Total:                            1 292        8

cbke-stub-library.a: [5]
    cbke-crypto-engine-stub.o            20
    ---------------------------------------------------------
    Total:                               20

dl7M_tl_in.a: [6]
    abs.o                                 8
    div.o                                14
    errno.o                              20                 8
    sscanf.o                             32
    strncmp.o                            42
    vsprintf.o                           40
    xdnorm.o                            198
    xdscale.o                           264
    xdtento.o                           452       72
    xprintffull.o                     3 266        8
    xscanffull.o                      2 528       16
    xsprout.o                            10
    xsscin.o                             32
    xstoflt.o                           432       32
    xstold.o                            188       16
    xstoll.o                            142
    xstopfx.o                           246
    xstoull.o                           356       80
    ---------------------------------------------------------
    Total:                            8 270      224        8

end-device-bind-stub-library.a: [7]
    end-device-bind-stub.o                8                 4
    ---------------------------------------------------------
    Total:                                8                 4

hal-library.a: [8]
    context-switch.o                     72                 8
    cstartup-iar.o                      340       16
    flash.o                             836        8        1
    micro-internal.o                    700        2        2
    sim-eeprom-internal.o             2 720       24        4
    spmr.o                               26
    system-timer.o                       64                 1
    ---------------------------------------------------------
    Total:                            4 758       50       16

rt7M_tl.a: [9]
    ABImemclr4.o                          6
    ABImemcpy.o                         112
    ABImemset48.o                        56
    DblAdd.o                            230
    DblCmpEq.o                           32
    DblCmpGe.o                           46
    DblCmpLe.o                           46
    DblDiv.o                            582
    DblMul.o                            418
    DblSub.o                            382
    DblToFlt.o                          144
    DblToI32.o                           86
    I32ToDbl.o                           46
    I64DivMod.o                         302
    I64DivZer.o                           2
    memchr.o                             88
    strchr.o                             22
    strlen.o                             54
    ---------------------------------------------------------
    Total:                            2 654

sealib.a: [10]
    button.o                            302                 2
    console.o                           252
    crc.o                                36
    cstartup-iar-common.o               100      364       46
    diagnostic.o                        552       20
    ember-configuration.o               272      123    2 664
    faults.o                            128
    flash.o                             132
    form-and-join-node-adapter.o         52       24        8
    form-and-join-node-callbacks.o       44
    form-and-join.o                     678       48       96
    fragment.o                          784       74       56
    frame.o                             620                 1
    isr-stubs.o
    lamp.o                              304       12       68
    led.o                                72       24
    mem.o                               370
    mpu.o                                64       64
    msg.o                               156
    random.o                             72        4        4
    security-address-cache.o            124                 3
    serial.o                            296
    sim-eeprom.o                         14       31    8 268
    source-route-common.o               180        2        2
    source-route.o                      244        5       65
    table.o                             732      120       28
    ticker.o                            232                 4
    token-def.o                                  430       64
    token.o                             372       32        2
    trust-center.o                      176        2        2
    uart.o                              230       76
    ---------------------------------------------------------
    Total:                            7 590    1 455   11 383

security-library-core.a: [11]
    aps-encryption.o                    524
    aps-keys.o                          988                 8
    aps-security.o                    2 628        8        4
    aps-skke-stub.o                       8        1        4
    hashing.o                           246
    high-security-stub.o                  8                 5
    trust-center-util.o               1 144        2        2
    ---------------------------------------------------------
    Total:                            5 546       11       23

security-library-link-keys.a: [12]
    aps-keys-full.o                     676
    ---------------------------------------------------------
    Total:                              676

zigbee-pro-stack.a: [13]
    address-table.o                     828
    aes.o                               236
    analogue-cell-bias.o                612      244
    analogue-mod-dac.o                  340                 2
    analogue.o                        2 252      140       24
    application-support.o             2 240        3        4
    aps-retry.o                       1 944                10
    association.o                     4 160       74       53
    broadcast.o                         340               100
    cal-pads.o                           24        4        4
    child-aging.o                       324                16
    child-table.o                        64
    child.o                           1 736       14        6
    command.o                           836                 1
    crypto.o                          1 476                 9
    debug-jtag.o                        660        4       21
    debug.o                             548       24
    ember-stack-common.o                268
    eui64.o                              40                 8
    event-control.o                     128
    jit.o                               584       10       10
    leave.o                             726
    mac-arbiter.o                       928       42       24
    mac-em250.o                         336       16        6
    mac-header.o                        516                 3
    mac-indirect.o                    1 356       18       22
    mac-receive.o                       472        8        8
    mac.o                               864        8      137
    management.o                        804       10       10
    misc.o                               68
    neighbor-exchange.o                 836                 4
    neighbor.o                        1 504       12        8
    network.o                         4 460       12       10
    nodeid.o                             28        4        4
    packet-buffer.o                   1 650       17        1
    packet-header.o                     540       32
    phy-common.o                      1 192       31       15
    phy-util.o                           18
    phy.o                             1 216        8      283
    random-id.o                         728        2        3
    retry.o                             542                58
    route-discovery.o                 1 918       20        1
    route-error.o                       348
    route-table.o                       910       16        4
    scan.o                              840       42       32
    symbol-timer.o                       96
    unicast-table.o                     100                20
    zdo-channel.o                       848       34       16
    zigbee-device-util.o              1 160        9        9
    zigbee-device.o                   1 812       40        4
    zigbee-dispatch.o                   172                13
    zigbee-neighbor.o                   492
    zigbee-packet-header.o            1 380                 2
    zigbee-stack.o                      448      179        9
    ---------------------------------------------------------
    Total:                           48 948    1 077      974

    Gaps                                 50        4       20
    Linker created                                      1 880
-------------------------------------------------------------
    Grand Total:                     90 016    5 479   16 100


*******************************************************************************
*** ENTRY LIST
***

Entry                      Address    Size  Type      Object
-----                      -------    ----  ----      ------
.bss$$Base              0x20000ab8           --   Gb  - Linker created -
.bss$$Limit             0x200014b1           --   Gb  - Linker created -
.data$$Base             0x20000758           --   Gb  - Linker created -
.data$$Limit            0x20000ab8           --   Gb  - Linker created -
.data_init$$Base        0x080171d0           --   Gb  - Linker created -
.data_init$$Limit       0x0801752f           --   Gb  - Linker created -
.noinit$$Base           0x00000000           --   Gb  - Linker created -
.text$$Base             0x08000184           --   Gb  - Linker created -
.text$$Limit            0x08016124           --   Gb  - Linker created -
.textrw$$Base           0x00000000           --   Gb  - Linker created -
.textrw$$Limit          0x00000000           --   Gb  - Linker created -
.textrw_init$$Base      0x00000000           --   Gb  - Linker created -
APPRO_block$$Base       0x08000100           --   Gb  - Linker created -
APPRO_block$$Limit      0x0801752f           --   Gb  - Linker created -
APPRW_block$$Base       0x20000000           --   Gb  - Linker created -
APPRW_block$$Limit      0x20001ea8           --   Gb  - Linker created -
APP_RAM$$Base           0x200014b4           --   Gb  - Linker created -
APP_RAM$$Limit          0x20001ea8           --   Gb  - Linker created -
ApplicationHandler      0x08001717    0x24  Code  Gb  ledlamp.o [1]
Bootloader_Configuration
                        0x080017ad     0x2  Code  Gb  ledlamp.o [1]
CSTACK$$Base            0x20000000           --   Gb  - Linker created -
CSTACK$$Limit           0x20000758           --   Gb  - Linker created -
CSTACK_overlay$$Base    0x20000000           --   Gb  - Linker created -
CSTACK_overlay$$Limit   0x20000758           --   Gb  - Linker created -
CoordinatorTick         0x08002705    0x36  Code  Gb  timevent.o [1]
DEBUG_CHANNEL$$Base     0x20001fe0           --   Gb  - Linker created -
DEBUG_CHANNEL$$Limit    0x20001ff0           --   Gb  - Linker created -
DEV_Configuration       0x0800178d    0x14  Code  Gb  ledlamp.o [1]
ERASE_CRITICAL_THRESHOLD
                        0x080171c2     0x2  Data  Gb  sim-eeprom.o [10]
EZSP_Configuration      0x08001665    0x58  Code  Gb  ledlamp.o [1]
HAL_Configuration       0x0800192d    0xa0  Code  Gb  micro.o [1]
HEADER_block$$Base      0x08000000           --   Gb  - Linker created -
HEADER_block$$Limit     0x080000d8           --   Gb  - Linker created -
ID_COUNT                0x080171c4     0x2  Data  Gb  sim-eeprom.o [10]
LED_Configuration       0x0800175b     0x2  Code  Gb  ledlamp.o [1]
LEFT_BASE               0x080171ba     0x2  Data  Gb  sim-eeprom.o [10]
LEFT_TOP                0x080171bc     0x2  Data  Gb  sim-eeprom.o [10]
MiscellaneaHandler      0x08001709     0xe  Code  Gb  ledlamp.o [1]
NET_Configuration       0x08001a71    0xb0  Code  Gb  network.o [1]
PAM_Configuration       0x080018f1    0x3c  Code  Gb  micro.o [1]
PTR_CACHE_SIZE          0x080171c6     0x2  Data  Gb  sim-eeprom.o [10]
PWM_Configuration       0x08001c8d    0x70  Code  Gb  pwm.o [1]
PowerSupply_SW_on       0x08001d55    0x1a  Code  Gb  pwm.o [1]
PowerSupply_SW_port_init
                        0x08001d41    0x14  Code  Gb  pwm.o [1]
RESETINFO$$Base         0x20000000           --   Gb  - Linker created -
RESETINFO$$Limit        0x20000094           --   Gb  - Linker created -
RIGHT_BASE              0x080171be     0x2  Data  Gb  sim-eeprom.o [10]
RIGHT_TOP               0x080171c0     0x2  Data  Gb  sim-eeprom.o [10]
Region$$Table$$Base     0x00000000           --   Gb  - Linker created -
Region$$Table$$Limit    0x00000000           --   Gb  - Linker created -
SIMEE$$Base             0x0801e000           --   Gb  - Linker created -
SIMEE$$Limit            0x08020000           --   Gb  - Linker created -
SYS_Configuration       0x080020df    0x76  Code  Gb  sysinfo.o [1]
Security_Configuration  0x080017a1     0xc  Code  Gb  ledlamp.o [1]
SerialInit              0x0800487d    0x40  Code  Gb  serial.o [10]
ShowCopyrights          0x0800175d    0x30  Code  Lc  ledlamp.o [1]
SysTickIsr              0x08011cec          Code  Wk  isr-stubs.o [10]
TICK_Configuration      0x08006935    0x20  Code  Gb  ticker.o [10]
TOKEN_MFG_1V8_REG_VOLTAGE
                        0x080171b2     0x2  Data  Gb  token.o [10]
TOKEN_MFG_ANALOG_TRIM_BOOST
                        0x080171ac     0x2  Data  Gb  token.o [10]
TOKEN_MFG_ANALOG_TRIM_BOTH
                        0x080171ae     0x2  Data  Gb  token.o [10]
TOKEN_MFG_ANALOG_TRIM_NORMAL
                        0x080171aa     0x2  Data  Gb  token.o [10]
TOKEN_MFG_EUI_64        0x080171b8     0x2  Data  Gb  token.o [10]
TOKEN_MFG_OSC24M_BIAS_TRIM
                        0x080171b6     0x2  Data  Gb  token.o [10]
TOKEN_MFG_PHY_CONFIG    0x080171b4     0x2  Data  Gb  token.o [10]
TOKEN_MFG_REG_TRIM      0x080171b0     0x2  Data  Gb  token.o [10]
TOKEN_STACK_ALTERNATE_KEY_DEFAULTS
                        0x08017008    0x14  Data  Gb  token-def.o [10]
TOKEN_STACK_ANALYSIS_REBOOT_DEFAULTS
                        0x080171cc     0x2  Data  Gb  token-def.o [10]
TOKEN_STACK_APS_FRAME_COUNTER_DEFAULTS
                        0x08017004     0x4  Data  Gb  token-def.o [10]
TOKEN_STACK_BINDING_TABLE_DEFAULTS
                        0x08017084    0x10  Data  Gb  token-def.o [10]
TOKEN_STACK_BOOT_COUNTER_DEFAULTS
                        0x080171ca     0x2  Data  Gb  token-def.o [10]
TOKEN_STACK_CAL_DATA_DEFAULTS
                        0x08017000     0x4  Data  Gb  token-def.o [10]
TOKEN_STACK_CERTIFICATE_TABLE_DEFAULTS
                        0x080170bc    0x5c  Data  Gb  token-def.o [10]
TOKEN_STACK_CHILD_TABLE_DEFAULTS
                        0x08017094     0xc  Data  Gb  token-def.o [10]
TOKEN_STACK_CLASSIC_DATA_DEFAULTS
                        0x08017044    0x1c  Data  Gb  token-def.o [10]
TOKEN_STACK_KEYS_DEFAULTS
                        0x08017020    0x14  Data  Gb  token-def.o [10]
TOKEN_STACK_KEY_TABLE_DEFAULTS
                        0x080170a0    0x1c  Data  Gb  token-def.o [10]
TOKEN_STACK_NETWORK_MANAGEMENT_DEFAULTS
                        0x0801707c     0x8  Data  Gb  token-def.o [10]
TOKEN_STACK_NODE_DATA_DEFAULTS
                        0x08017034    0x10  Data  Gb  token-def.o [10]
TOKEN_STACK_NONCE_COUNTER_DEFAULTS
                        0x0801701c     0x4  Data  Gb  token-def.o [10]
TOKEN_STACK_NVDATA_VERSION_DEFAULTS
                        0x080171c8     0x2  Data  Gb  token-def.o [10]
TOKEN_STACK_TRUST_CENTER_DEFAULTS
                        0x08017060    0x1c  Data  Gb  token-def.o [10]
UART_Configuration      0x0800173b    0x20  Code  Gb  ledlamp.o [1]
VIRTUAL_PAGES           0x080171cf     0x1  Data  Gb  sim-eeprom.o [10]
_GenldDefault           0x08014979   0x24e  Code  Lc  xprintffull.o [6]
_GetN                   0x08013539    0x22  Code  Lc  xscanffull.o [6]
_GetfldDefault          0x080136d9   0x106  Code  Lc  xscanffull.o [6]
_GetfloatDefault        0x08013b53   0x3c6  Code  Lc  xscanffull.o [6]
_GetintDefault          0x08013989   0x1c4  Code  Lc  xscanffull.o [6]
_GetstrDefault          0x080137df   0x1aa  Code  Lc  xscanffull.o [6]
_LdtobDefault           0x08014565   0x40e  Code  Lc  xprintffull.o [6]
_LitobDefault           0x08014457   0x10e  Code  Lc  xprintffull.o [6]
_Printf                 0x08013f51   0x506  Code  Gb  xprintffull.o [6]
_PutcharsDefault        0x08014be1    0x32  Code  Lc  xprintffull.o [6]
_SProut                 0x08015e5f     0xa  Code  Gb  xsprout.o [6]
_SScin                  0x08015e3f    0x20  Code  Gb  xsscin.o [6]
_Scanf                  0x0801355b   0x17a  Code  Gb  xscanffull.o [6]
_Stoflt                 0x080157a9   0x1b0  Code  Gb  xstoflt.o [6]
_Stopfx                 0x08015fcb    0xf6  Code  Gb  xstopfx.o [6]
__aeabi_cdcmpeq         0x08015bb9          Code  Gb  DblCmpEq.o [9]
__aeabi_cdcmple         0x08015025          Code  Gb  DblCmpLe.o [9]
__aeabi_cdrcmple        0x08015055          Code  Gb  DblCmpGe.o [9]
__aeabi_d2f             0x08014c15          Code  Gb  DblToFlt.o [9]
__aeabi_d2iz            0x08015085          Code  Gb  DblToI32.o [9]
__aeabi_d2uiz           0x080150b1          Code  Gb  DblToI32.o [9]
__aeabi_dadd            0x08015959          Code  Gb  DblAdd.o [9]
__aeabi_ddiv            0x080150dd          Code  Gb  DblDiv.o [9]
__aeabi_dmul            0x08015325          Code  Gb  DblMul.o [9]
__aeabi_dsub            0x080154c9          Code  Gb  DblSub.o [9]
__aeabi_errno_addr      0x08015ba1    0x14  Code  Gb  errno.o [6]
__aeabi_i2d             0x08015649          Code  Gb  I32ToDbl.o [9]
__aeabi_ldiv0           0x08015bb5          Code  Gb  I64DivZer.o [9]
__aeabi_ldivmod         0x08015679          Code  Gb  I64DivMod.o [9]
__aeabi_memclr4         0x08013499          Code  Gb  ABImemclr4.o [9]
__aeabi_memcpy          0x080134c9          Code  Gb  ABImemcpy.o [9]
__aeabi_memcpy4         0x080134e3          Code  Gb  ABImemcpy.o [9]
__aeabi_memcpy8         0x080134e3          Code  Gb  ABImemcpy.o [9]
__aeabi_memset4         0x08013f19          Code  Gb  ABImemset48.o [9]
__aeabi_memset8         0x08013f19          Code  Gb  ABImemset48.o [9]
__aeabi_ui2d            0x0801565d          Code  Gb  I32ToDbl.o [9]
__aeabi_uldivmod        0x0801568d          Code  Gb  I64DivMod.o [9]
__iar_Dnorm             0x08015ef7    0xc6  Code  Gb  xdnorm.o [6]
__iar_Dscale            0x08014ca5   0x108  Code  Gb  xdscale.o [6]
__iar_Dtento            0x08015a41   0x160  Code  Gb  xdtento.o [6]
__iar_Dunscale          0x080160c1    0x64  Code  Gb  xdtento.o [6]
__iar_Errno             0x2000146c     0x4  Data  Gb  errno.o [6]
__iar_Memchr            0x08014dad          Code  Gb  memchr.o [9]
__iar_Memset4_word      0x08013f21          Code  Gb  ABImemset48.o [9]
__iar_Memset8_word      0x08013f21          Code  Gb  ABImemset48.o [9]
__iar_Stold             0x08014e05    0xbc  Code  Gb  xstold.o [6]
__iar_Stoll             0x08015e69    0x8e  Code  Gb  xstoll.o [6]
__iar_Stoull            0x08014ec1   0x164  Code  Gb  xstoull.o [6]
__iar_Strchr            0x08013481          Code  Gb  strchr.o [9]
__iar_Tls_setup___iar_Errno
                        0x20001468     0x4  Data  Gb  errno.o [6]
__iar_d2uiz             0x080150bb          Code  Gb  DblToI32.o [9]
__iar_dadd              0x0801596b          Code  Gb  DblAdd.o [9]
__iar_dsub              0x080154db          Code  Gb  DblSub.o [9]
__iar_dsubStart         0x080154ed          Code  Gb  DblSub.o [9]
__iar_ui2d              0x0801565f          Code  Gb  I32ToDbl.o [9]
__vector_table          0x08000100    0x84  Data  Gb  cstartup-iar-common.o [10]
_disableBasePri         0x08006fd9          Code  Gb  spmr.o [8]
_enableBasePri          0x08006fe5          Code  Gb  spmr.o [8]
_macTransmitBuffer      0x20001168    0x80  Data  Gb  mac.o [13]
_writeBasePri           0x08006fd1          Code  Gb  spmr.o [8]
abortReception          0x08003bb7    0x1e  Code  Lc  fragment.o [10]
abortReceptionEvent     0x200008dc     0x4  Data  Lc  fragment.o [10]
abortTransmission       0x080039af    0x20  Code  Lc  fragment.o [10]
abs                     0x08015e37     0x8  Code  Gb  abs.o [6]
addMobileChild          0x08005115    0x8e  Code  Lc  child.o [13]
addToApplicationQueue   0x0800a40d    0x30  Code  Lc  network.o [13]
addressCacheSize        0x20001498     0x1  Data  Gb  security-address-cache.o [10]
addressCacheStartIndex  0x20001499     0x1  Data  Lc  security-address-cache.o [10]
addressIndexIsActive    0x08009299    0x2c  Code  Lc  aps-retry.o [13]
addressMatchingEnabled  0x20000aaf     0x1  Data  Lc  phy-common.o [13]
adjustChannelFilter     0x080073ad    0x1e  Code  Lc  analogue.o [13]
adjustLna               0x080074d5     0xa  Code  Lc  analogue.o [13]
adjustModulationDac     0x08011b99     0xe  Code  Gb  analogue-mod-dac.o [13]
adjustPWM               0x08001cfd    0x16  Code  Gb  pwm.o [1]
adjustVco               0x080072f9    0x24  Code  Lc  analogue.o [13]
aesHashNextBlock        0x08015ca5    0x2e  Code  Lc  hashing.o [11]
age                     0x20001381     0x1  Data  Lc  broadcast.o [13]
appSendJitToChild       0x0800124d    0x60  Code  Gb  common.o [1]
applicationProcessIncomingData
                        0x08005f79   0x184  Code  Lc  application-support.o [13]
arePageCountersOkay     0x0800e0d3    0x3c  Code  Lc  sim-eeprom-internal.o [8]
autoAckEnabled          0x20000ab0     0x1  Data  Lc  phy-common.o [13]
baseHeaderLength        0x08016da4    0x10  Data  Lc  packet-header.o [13]
baudSettings            0x08016ccc    0x4c  Data  Gb  uart.o [10]
biasTrim                0x20000a74     0x2  Data  Gb  micro-internal.o [8]
blacklistedIdBytes      0x20000aaa     0x1  Data  Lc  random-id.o [13]
blacklistedIds          0x20000aab     0x1  Data  Lc  random-id.o [13]
blockMask               0x200008cb     0x1  Data  Lc  fragment.o [10]
blocksInTransit         0x200008e7     0x1  Data  Lc  fragment.o [10]
blocksReceived          0x200008cd     0x1  Data  Lc  fragment.o [10]
boostTxPowerMax         0x2000096c     0x8  Data  Gb  analogue.o [13]
broadcastMessageSent    0x080091e5    0xac  Code  Lc  aps-retry.o [13]
button0State            0x2000149d     0x1  Data  Gb  button.o [10]
button1State            0x2000149e     0x1  Data  Gb  button.o [10]
buttonOnePress          0x20001487     0x1  Data  Gb  common.o [1]
buttonZeroPress         0x20001486     0x1  Data  Gb  common.o [1]
calDisableAdc           0x08010291     0xc  Code  Gb  phy.o [13]
calReadAdcBlocking      0x08010271    0x16  Code  Gb  phy.o [13]
calStartAdcConversion   0x0801023d    0x34  Code  Gb  phy.o [13]
calculateModDacTuneValue
                        0x08011c01    0xb4  Code  Lc  analogue-mod-dac.o [13]
ccaAttempt              0x20001203     0x1  Data  Lc  phy-common.o [13]
cellBiasRegI            0x08016f08    0x58  Data  Gb  analogue-cell-bias.o [13]
cellBiasRegV            0x08016e6c    0x30  Data  Gb  analogue-cell-bias.o [13]
changeToChannel         0x200009d0     0x1  Data  Lc  zdo-channel.o [13]
channelCache            0x200009fe     0x1  Data  Lc  form-and-join.o [10]
channelIn               0x200009fc     0x1  Data  Lc  form-and-join.o [10]
channelOut              0x200009fb     0x1  Data  Lc  form-and-join.o [10]
checkForMovedChild      0x08009db1    0x1c  Code  Lc  network.o [13]
childIsExpectingMessageBitField
                        0x200011ec     0x4  Data  Lc  mac-indirect.o [13]
childJitMessage         0x080053f5    0xb4  Code  Lc  jit.o [13]
childPolledBitField     0x200011e8     0x4  Data  Lc  mac-indirect.o [13]
cleanupEvent            0x200010f4     0x4  Data  Lc  form-and-join-node-adapter.o [10]
cleanupEventHandler     0x08007df7     0xc  Code  Lc  form-and-join-node-adapter.o [10]
clearNetworkSecurityFromMessage
                        0x08002b73    0x28  Code  Lc  association.o [13]
cmdhd1                  0x20000758   0x130  Data  Gb  command.o [1]
continueScanRequest     0x0800dd89    0x5c  Code  Lc  zdo-channel.o [13]
coordinatorExceptionHandler
                        0x08001329    0x32  Code  Gb  exception.o [1]
coordinatorMsEventHandler
                        0x080026c1    0x44  Code  Gb  timevent.o [1]
coordinatorTimeEventHandler
                        0x08002669    0x58  Code  Gb  timevent.o [1]
copyPayload             0x0800eb3d    0x44  Code  Lc  alarm.o [3]
copyTokensToOtherPage   0x0800e571   0x1c8  Code  Lc  sim-eeprom-internal.o [8]
countIncremarks         0x0800e8d5    0x3e  Code  Lc  sim-eeprom-internal.o [8]
cstackMemory            0x20000000   0x758  Data  Gb  cstartup-iar-common.o [10]
currentBroadcastLength  0x200014a8     0x1  Data  Lc  alarm.o [3]
currentChannel          0x200009f8     0x1  Data  Lc  form-and-join.o [10]
currentJitFlag          0x2000095c     0x2  Data  Lc  jit.o [13]
currentReceiveChannel   0x20001268     0x1  Data  Lc  phy.o [13]
dataContents            0x20000a18     0x4  Data  Lc  form-and-join.o [10]
debugChannel            0x20001fe0    0x10  Data  Lc  debug-jtag.o [13]
decodeShortDestination  0x08006bdd    0x46  Code  Lc  mac-header.o [13]
def_time                0x08016b58     0xc  Data  Gb  lamp.o [10]
deferredPanChange       0x0800b0af    0x32  Code  Lc  management.o [13]
delayCount              0x2000111c     0x1  Data  Lc  retry.o [13]
deviceIsCoordinator     0x20000aae     0x1  Data  Lc  phy-common.o [13]
digits                  0x08017160    0x28  Data  Lc  xstoull.o [6]
disableFlitf            0x0801162d    0x18  Code  Lc  flash.o [8]
div                     0x08015fbd     0xe  Code  Gb  div.o [6]
dropJoinBeacon          0x0800290b    0x1a  Code  Lc  association.o [13]
edCcaThreshold          0x20000ab1     0x1  Data  Lc  phy-common.o [13]
emActiveScanDuration    0x200008b3     0x1  Data  Gb  association.o [13]
emAddApsFrame           0x0800ad39    0xdc  Code  Gb  zigbee-packet-header.o [13]
emAddBeaconPayload      0x080035e5    0x9c  Code  Gb  association.o [13]
emAddBlacklistedId      0x0800b789    0x74  Code  Gb  random-id.o [13]
emAddBroadcastTableEntry
                        0x080109a5    0x4c  Code  Gb  broadcast.o [13]
emAddNeighborGuaranteed
                        0x080088a1    0x60  Code  Gb  neighbor.o [13]
emAddPendingAckedMessage
                        0x08008bc9    0x58  Code  Gb  aps-retry.o [13]
emAddRejoinedChild      0x08004dc5    0xda  Code  Gb  child.o [13]
emAddTrustCenterRoute   0x08012267    0x24  Code  Gb  route-discovery.o [13]
emAddTunnelledApsHeader
                        0x0800a875    0x40  Code  Gb  trust-center-util.o [11]
emAddUnicastTableEntry  0x0801201d    0x28  Code  Gb  unicast-table.o [13]
emAddressTable          0x20000948     0x4  Data  Gb  ember-configuration.o [10]
emAddressTableSize      0x20000a97     0x1  Data  Gb  ember-configuration.o [10]
emAesEncrypt            0x080129d5    0x2c  Code  Gb  aes.o [13]
emAesHashInternal       0x08015cd3    0x78  Code  Gb  hashing.o [11]
emAgeBlacklistedIds     0x0800b831    0x1c  Code  Gb  random-id.o [13]
emAgeBroadcastTable     0x08010949    0x3e  Code  Gb  broadcast.o [13]
emAgeChildren           0x0800d1cd   0x114  Code  Gb  child-aging.o [13]
emAgeRouteTables        0x08010b13    0xdc  Code  Gb  route-table.o [13]
emAllowRelay            0x20000a91     0x1  Data  Gb  ember-configuration.o [10]
emAmMulticastMember     0x0800ef85    0x40  Code  Gb  address-table.o [13]
emAmNetworkManager      0x0800b115    0x28  Code  Gb  management.o [13]
emAnyChildHasFlagsSet   0x08004ca7    0x28  Code  Gb  child.o [13]
emAppHandlesEndpointZdoRequests
                        0x20001490     0x1  Data  Gb  ember-configuration.o [10]
emAppHandlesUnsupportedZdoRequests
                        0x2000148f     0x1  Data  Gb  ember-configuration.o [10]
emAppReceivesSupportedZdoRequests
                        0x2000148e     0x1  Data  Gb  ember-configuration.o [10]
emAppendToLinkedBuffers
                        0x08003ebd    0x3a  Code  Gb  packet-buffer.o [13]
emApplicationCheckIncomingQueue
                        0x08005e25    0x20  Code  Gb  application-support.o [13]
emApplicationProcessIncoming
                        0x08005e45   0x130  Code  Gb  application-support.o [13]
emApplicationProcessIncomingAck
                        0x08008c21    0xd8  Code  Gb  aps-retry.o [13]
emApplicationSecurityMessageHandler
                        0x0800b975   0x16a  Code  Gb  aps-security.o [11]
emApsBaseFrameSize      0x0800ab67    0x48  Code  Gb  zigbee-packet-header.o [13]
emApsCrypt              0x08010365   0x1ec  Code  Gb  aps-encryption.o [11]
emApsFrameSize          0x0800abaf    0x3e  Code  Gb  zigbee-packet-header.o [13]
emApsFrameToApsStruct   0x0800ac05   0x130  Code  Gb  zigbee-packet-header.o [13]
emApsPurge              0x08008b81    0x2e  Code  Gb  aps-retry.o [13]
emApsSequenceNumber     0x200014a4     0x1  Data  Gb  zigbee-packet-header.o [13]
emApsUnicastMessageData
                        0x2000094c     0x4  Data  Gb  ember-configuration.o [10]
emAreKeysAuthorizedByDefault
                        0x08015da3     0x4  Code  Gb  cbke-crypto-engine-stub.o [5]
emAssociationHandler    0x08002fbd   0x1f8  Code  Gb  association.o [13]
emAssociationRequestNotSent
                        0x08003249     0x8  Code  Gb  association.o [13]
emAssumeSymmetricLink   0x08008901    0x24  Code  Gb  neighbor.o [13]
emAuthenticatedRoutingOnly
                        0x200014a2     0x1  Data  Gb  high-security-stub.o [11]
emAuxiliaryZdoRequestHandler
                        0x08012a01   0x6fc  Code  Gb  zigbee-device.o [13]
emAvailableMemory       0x200014b4   0x9f4  Data  Gb  ember-configuration.o [10]
emAvailableStackBuffer  0x20000aa7     0x1  Data  Gb  zigbee-stack.o [13]
emBindingFlags          0x20000944     0x4  Data  Gb  ember-configuration.o [10]
emBindingRemoteNode     0x20000940     0x4  Data  Gb  ember-configuration.o [10]
emBroadcastAgeCutoffIndexes
                        0x20001384     0x2  Data  Gb  broadcast.o [13]
emBroadcastAlarmData    0x20000928     0x4  Data  Gb  ember-configuration.o [10]
emBroadcastAlarmDataSize
                        0x2000148b     0x1  Data  Gb  ember-configuration.o [10]
emBroadcastHead         0x20001380     0x1  Data  Gb  broadcast.o [13]
emBroadcastTable        0x20001388    0x5c  Data  Gb  broadcast.o [13]
emBroadcastTableIsFull  0x08010987    0x1e  Code  Gb  broadcast.o [13]
emCalPadsEvent          0x200009e8     0x4  Data  Gb  cal-pads.o [13]
emCalPadsEventHandler   0x08010da5    0x18  Code  Gb  cal-pads.o [13]
emCalculateMic          0x0800f295   0x106  Code  Gb  crypto.o [13]
emCallIncomingMessageHandler
                        0x08006889    0x80  Code  Gb  zigbee-dispatch.o [13]
emCapabilityBytes       0x08016b74     0x8  Data  Gb  child.o [13]
emCbkeGetKeyFromInstallCode
                        0x08015dab     0x4  Code  Gb  cbke-crypto-engine-stub.o [5]
emCbkeTick              0x08015d9d     0x2  Code  Gb  cbke-crypto-engine-stub.o [5]
emChannelChangeEvent    0x200009dc     0x4  Data  Gb  zdo-channel.o [13]
emChannelChangeEventHandler
                        0x0800df55    0x36  Code  Gb  zdo-channel.o [13]
emChannelSettings       0x08016c48    0x40  Data  Gb  analogue.o [13]
emCheckAdditionalPendingDataIsr
                        0x0800cdf1    0x50  Code  Gb  mac-indirect.o [13]
emCheckAvailableMemory  0x08004ad1     0x2  Code  Gb  ember-configuration.o [10]
emCheckChannelStatus    0x0800dc41    0x80  Code  Gb  zdo-channel.o [13]
emCheckIncomingFrameCounter
                        0x08011449    0x1e  Code  Gb  zigbee-neighbor.o [13]
emCheckOrSetTrustCenterEui64
                        0x08005675    0x42  Code  Gb  aps-keys.o [11]
emCheckRadioEvent       0x200009ec     0x4  Data  Gb  mac-em250.o [13]
emCheckRadioEventHandler
                        0x08010ebd    0x18  Code  Gb  mac-em250.o [13]
emChildExtendedTimeout  0x0800eeed    0x28  Code  Gb  address-table.o [13]
emChildIdTable          0x20000918     0x4  Data  Gb  ember-configuration.o [10]
emChildInit             0x08004be1    0x64  Code  Gb  child.o [13]
emChildStatus           0x2000091c     0x4  Data  Gb  ember-configuration.o [10]
emChildTimers           0x20000920     0x4  Data  Gb  ember-configuration.o [10]
emChooseRandomNeighbor  0x08008acb    0x66  Code  Gb  neighbor.o [13]
emClearSecurityData     0x0800c229    0x1a  Code  Gb  aps-security.o [11]
emClearUnicastTable     0x08012049    0x10  Code  Gb  unicast-table.o [13]
emCopyToNormalizedBuffers
[...]
lastChildAgeTimeSeconds
                        0x200011f2     0x2  Data  Lc  child-aging.o [13]
lastEventTimeMS         0x200009cc     0x2  Data  Lc  mac-indirect.o [13]
lastEventTimeMs         0x20001114     0x2  Data  Lc  aps-retry.o [13]
lastReportTimeMin       0x200009d7     0x1  Data  Lc  zdo-channel.o [13]
lastTxSfdTime           0x20001204     0x4  Data  Gb  phy-common.o [13]
lastVcoCalChannel       0x20000a78     0x1  Data  Lc  analogue.o [13]
lastVcoValue            0x20000a79     0x1  Data  Lc  analogue.o [13]
left                    0x2000147b     0x1  Data  Lc  sim-eeprom-internal.o [8]
lnaForceReCal           0x20000a7e     0x2  Data  Lc  analogue.o [13]
longIndirectPool        0x200009c4     0x4  Data  Lc  mac-indirect.o [13]
macBufferStatus         0x2000097a     0x1  Data  Lc  mac-arbiter.o [13]
macIsInactive           0x200009d6     0x1  Data  Lc  zdo-channel.o [13]
main                    0x080017af    0x50  Code  Gb  ledlamp.o [1]
matchingPoolAddress     0x0800d04b    0x54  Code  Lc  mac-indirect.o [13]
maybeSendAddressResponse
                        0x0800d8fd   0x160  Code  Lc  zigbee-device-util.o [13]
maybeSendBasicAck       0x080061ad    0x20  Code  Lc  application-support.o [13]
maybeSendScanResults    0x0800dee5    0x66  Code  Lc  zdo-channel.o [13]
memchr                  0x08014dad          Code  Gb  memchr.o [9]
millTickEvent           0x20000c78     0x4  Data  Gb  ledlamp.o [1]
millTickHook            0x08006955    0xa6  Code  Gb  ticker.o [10]
mnArray                 0x080165fc    0x18  Data  Gb  command.o [1]
mobileChildData         0x20000a6d     0x1  Data  Lc  child.o [13]
mobileChildDataIndex    0x080050d1    0x3e  Code  Lc  child.o [13]
mobileChildDataLength   0x20000a70     0x2  Data  Lc  child.o [13]
mobileJoinApsFrame      0x08016d8c     0x8  Data  Lc  network.o [13]
modDacForceReCal        0x20001484     0x2  Data  Gb  analogue-mod-dac.o [13]
mpuConfig               0x08016d40    0x40  Data  Lc  mpu.o [10]
msSinceLastPoll         0x200011fc     0x4  Data  Lc  child-aging.o [13]
msTimeEventHandler      0x080016e7    0x12  Code  Gb  ledlamp.o [1]
mtorFlags               0x08016f8c     0x8  Data  Lc  zigbee-device.o [13]
ndigs                   0x08017138    0x28  Data  Lc  xstoull.o [6]
networkCount            0x20000a00     0x1  Data  Gb  form-and-join.o [10]
networkDecrypt          0x08009611   0x158  Code  Lc  network.o [13]
networkInfo2            0x200013e8    0x30  Data  Gb  form-and-join.o [10]
networkSubmitUnicast    0x08009539    0x6c  Code  Lc  network.o [13]
network_info            0x20000dd0    0x70  Data  Gb  network.o [1]
newChannel              0x20001489     0x1  Data  Lc  association.o [13]
newNwkUpdateId          0x200009d1     0x1  Data  Lc  zdo-channel.o [13]
newPanId                0x2000099c     0x2  Data  Lc  management.o [13]
newestIndex             0x20000ab6     0x1  Data  Lc  source-route-common.o [10]
nextApsFrameCounter     0x20001260     0x4  Data  Lc  crypto.o [13]
nextChannel             0x200009a1     0x1  Data  Lc  scan.o [13]
nextIncomingRssi        0x200009bc     0x4  Data  Lc  scan.o [13]
nextIndex               0x2000149a     0x1  Data  Lc  security-address-cache.o [10]
nextNwkFrameCounter     0x2000125c     0x4  Data  Lc  crypto.o [13]
nextOutgoingRssi        0x200009b8     0x4  Data  Lc  scan.o [13]
noteDiscoveryTimeout    0x08010a79    0x6c  Code  Lc  route-table.o [13]
notePreconfiguredKeyType
                        0x0800c26d    0x22  Code  Lc  aps-security.o [11]
notifyTrustCenter       0x08006789    0x28  Code  Lc  leave.o [13]
oneScanDone             0x200009d8     0x1  Data  Lc  zdo-channel.o [13]
originalChannel         0x200009a4     0x1  Data  Lc  scan.o [13]
originalPanId           0x200009ac     0x2  Data  Lc  scan.o [13]
paPresent               0x2000096a     0x1  Data  Lc  analogue.o [13]
panConflictMeter        0x20000994     0x1  Data  Lc  management.o [13]
panid_info              0x08016ae0    0x50  Data  Gb  table.o [10]
pendingAckedCount       0x2000110c     0x1  Data  Lc  aps-retry.o [13]
permitJoining           0x200008b0     0x1  Data  Lc  association.o [13]
phyHalEvents            0x08016c20    0x18  Data  Gb  zigbee-stack.o [13]
pollState               0x2000097e     0x1  Data  Lc  mac-arbiter.o [13]
powerLevelSettings      0x08016cb4     0x8  Data  Gb  analogue.o [13]
pows                    0x08016138    0x48  Data  Lc  xdtento.o [6]
previousTemperature     0x2000147e     0x2  Data  Lc  phy.o [13]
printEUI64              0x0800121b    0x32  Code  Gb  common.o [1]
printRoadHelp           0x080009df   0x13c  Code  Lc  command.o [1]
processDeviceAnnounceAndFindIdConflict
                        0x08009d1d    0x94  Code  Lc  network.o [13]
processKeyCommand       0x0800bfa1   0x218  Code  Lc  aps-security.o [11]
processRxAddressReceiveCompleteIsr
                        0x0800ffa9    0xec  Code  Lc  phy.o [13]
processRxPacketCompleteIsr
                        0x08010095    0xe4  Code  Lc  phy.o [13]
processScanRequest      0x0800de21    0xc4  Code  Lc  zdo-channel.o [13]
processZigbeePacket     0x08009899   0x354  Code  Lc  network.o [13]
ptiEnabled              0x20000aad     0x1  Data  Lc  phy-common.o [13]
ptrCache                0x20001210    0x4c  Data  Gb  sim-eeprom.o [10]
ptrCacheLoc             0x0800e0b7    0x1c  Code  Lc  sim-eeprom-internal.o [8]
pushInt16u              0x0800a9b9     0xc  Code  Lc  zigbee-packet-header.o [13]
quietlyEraseChild       0x0800501f    0x36  Code  Lc  child.o [13]
radioCheckCrc           0x20000aac     0x1  Data  Gb  phy-common.o [13]
radioCurrentPowerStatus
                        0x20000ab2     0x1  Data  Gb  phy-common.o [13]
radioPowerOnIdleMode    0x200014a7     0x1  Data  Lc  mac.o [13]
readAdcTemperatureChannel
                        0x08010309    0x22  Code  Lc  phy.o [13]
readArray               0x08011d89    0x2a  Code  Gb  form-and-join.o [10]
readCounterValue        0x0800e913    0x28  Code  Lc  sim-eeprom-internal.o [8]
readError               0x200009fd     0x1  Data  Lc  form-and-join.o [10]
readNetworkTokens       0x080037dd    0x1e  Code  Lc  association.o [13]
readNodeData            0x080037fb     0xa  Code  Lc  association.o [13]
readTokenData           0x0800e04b    0x42  Code  Gb  sim-eeprom-internal.o [8]
recalculateMacDataPendingBitField
                        0x0800d09f    0x32  Code  Lc  mac-indirect.o [13]
receiveQueue            0x200009f0     0x4  Data  Lc  debug-jtag.o [13]
recyclePendingAckedMessages
                        0x08008b39    0x48  Code  Lc  aps-retry.o [13]
reenqueueSubmitHead     0x0800b2df    0x6e  Code  Lc  retry.o [13]
rejoinUpdateDeviceStatusValues
                        0x08016ab8     0x8  Data  Lc  association.o [13]
releaseFragments        0x08003993    0x1c  Code  Lc  fragment.o [10]
removeDevice            0x0800a4f1    0x78  Code  Lc  trust-center-util.o [11]
requestKeyBuffer        0x20000aa9     0x1  Data  Lc  trust-center-util.o [11]
retryEntries            0x20001128    0x30  Data  Lc  retry.o [13]
road_info               0x20001048    0x28  Data  Gb  sink.o [1]
routeRequestId          0x200014b0     0x1  Data  Lc  route-discovery.o [13]
routeTableTimer         0x20001480     0x1  Data  Lc  route-table.o [13]
runEventHandler         0x08008d1b    0xf6  Code  Lc  aps-retry.o [13]
rxBuffer                0x2000126c   0x114  Data  Lc  phy.o [13]
rxFragments             0x200008d0     0xc  Data  Lc  fragment.o [10]
rxWindowBase            0x200008ca     0x1  Data  Lc  fragment.o [10]
saveNetwork             0x08011ef9    0x70  Code  Lc  form-and-join.o [10]
savedMSP                0x20001100          Code  Gb  context-switch.o [8]
savedResetCause         0x20001474     0x2  Data  Lc  cstartup-iar-common.o [10]
scanChannel             0x20000a04    0x14  Data  Lc  form-and-join.o [10]
scanChannelMask         0x200009b4     0x4  Data  Lc  scan.o [13]
scanDuration            0x200009a2     0x1  Data  Lc  scan.o [13]
scanFail                0x200009f6     0x1  Data  Lc  form-and-join.o [10]
scanFrameCounter        0x200009b0     0x4  Data  Lc  scan.o [13]
scanRequestHeader       0x200009d3     0x1  Data  Lc  zdo-channel.o [13]
scanResults             0x200009d4     0x1  Data  Lc  zdo-channel.o [13]
scanSingnal             0x200009fa     0x1  Data  Lc  form-and-join.o [10]
scanStatus              0x200009f5     0x1  Data  Lc  form-and-join.o [10]
scanTimeOutEvent        0x200010f8     0x4  Data  Lc  form-and-join-node-adapter.o [10]
scanTimeOutEventHandler
                        0x08007e03     0xa  Code  Lc  form-and-join-node-adapter.o [10]
scanTransmitRetries     0x200009a3     0x1  Data  Lc  scan.o [13]
scanWait                0x200009f7     0x1  Data  Lc  form-and-join.o [10]
scansRemaining          0x200009d5     0x1  Data  Lc  zdo-channel.o [13]
sea_addmultigroup       0x08001c2b    0x14  Code  Gb  network.o [1]
sea_adjustchannel       0x08004501    0x30  Code  Gb  table.o [10]
sea_cleartable          0x080045fb    0x26  Code  Lc  table.o [10]
sea_closelamp           0x0800499b    0x20  Code  Lc  lamp.o [10]
sea_configprint         0x08002155    0x30  Code  Gb  sysinfo.o [1]
sea_defaultconfig       0x080020b9    0x26  Code  Gb  sysinfo.o [1]
sea_feedwatchdog        0x08001c85     0x8  Code  Gb  network.o [1]
sea_findchannelindex    0x08004531    0x26  Code  Gb  table.o [10]
sea_firstable           0x080045d5    0x1e  Code  Lc  table.o [10]
sea_flashread           0x0800849d     0x8  Code  Gb  flash.o [10]
sea_flashreadshort      0x080084ab     0x6  Code  Gb  flash.o [10]
sea_flashwrite          0x08008431    0x52  Code  Gb  flash.o [10]
sea_getaddress          0x08001f03    0x26  Code  Lc  sink.o [1]
sea_getcount            0x08004621    0x2a  Code  Lc  table.o [10]
sea_getframe            0x080081c5    0x36  Code  Lc  frame.o [10]
sea_getmsg              0x080048f1    0x2c  Code  Gb  msg.o [10]
sea_getnumber           0x08001f29    0x38  Code  Lc  sink.o [1]
sea_getopt              0x080046b9    0x5e  Code  Gb  console.o [10]
sea_initframe           0x080083d9    0x34  Code  Gb  frame.o [10]
sea_lamperror           0x08001ecd    0x36  Code  Lc  sink.o [1]
sea_lampnumberassign    0x08002047    0x2c  Code  Gb  sink.o [1]
sea_lastable            0x08004593    0x32  Code  Lc  table.o [10]
sea_makemultiapsframe   0x08001b41    0x24  Code  Lc  network.o [1]
sea_makeuniapsframe     0x08001b21    0x20  Code  Lc  network.o [1]
sea_memcomp             0x080042f1    0x2a  Code  Gb  mem.o [10]
sea_memcpy              0x08004269    0x86  Code  Gb  mem.o [10]
sea_memset              0x080042ef     0x2  Code  Gb  mem.o [10]
sea_msgisempty          0x080048dd    0x14  Code  Gb  msg.o [10]
sea_nextable            0x08004557    0x3c  Code  Lc  table.o [10]
sea_openlamp            0x08004979    0x22  Code  Lc  lamp.o [10]
sea_parsecommand        0x08004717    0x9a  Code  Gb  console.o [10]
sea_parseroadframe      0x0800032f   0x6b0  Code  Gb  command.o [1]
sea_printf              0x0800483b    0x42  Code  Gb  serial.o [10]
sea_printframe          0x080081fb    0x34  Code  Lc  frame.o [10]
sea_printsysconfig      0x08002185   0x452  Code  Gb  sysinfo.o [1]
sea_putframe            0x0800822f    0x80  Code  Gb  frame.o [10]
sea_putframebyte        0x080082b5    0x10  Code  Lc  frame.o [10]
sea_putframelong        0x080082d9    0x22  Code  Lc  frame.o [10]
sea_putframeshort       0x080082c5    0x14  Code  Lc  frame.o [10]
sea_recvbyte            0x08008301    0xd8  Code  Lc  frame.o [10]
sea_reporthandler       0x08001e03    0x54  Code  Gb  sink.o [1]
sea_roadconfig          0x08000b29   0x4c6  Code  Gb  command.o [1]
sea_roadkeyboardinput   0x08001005   0x134  Code  Gb  command.o [1]
sea_sendmsg             0x0800491d    0x4e  Code  Gb  msg.o [10]
sea_sendmultimsg        0x08001bcd    0x5e  Code  Gb  network.o [1]
sea_sendresponse        0x080002f5    0x3a  Code  Lc  command.o [1]
sea_sendunimsg          0x08001b65    0x68  Code  Gb  network.o [1]
sea_tableflasherase     0x08008483    0x1a  Code  Gb  flash.o [10]
sea_togglelamp          0x080049bb     0xc  Code  Lc  lamp.o [10]
sea_uartclear           0x08004807     0xa  Code  Lc  serial.o [10]
sea_uartgetbyte         0x080047b5    0x26  Code  Lc  serial.o [10]
sea_uartisempty         0x080047db    0x14  Code  Lc  serial.o [10]
sea_uartputbyte         0x080047ef    0x18  Code  Lc  serial.o [10]
sea_uartsendbyte        0x08004811    0x2a  Code  Gb  serial.o [10]
sea_updatelogic         0x08001f61    0x2a  Code  Lc  sink.o [1]
sea_updatepercent       0x080049c7    0x28  Code  Gb  lamp.o [10]
sea_updatesysconfig     0x080044b9    0x3e  Code  Gb  table.o [10]
sea_writedefaultconfig  0x080043dd    0xdc  Code  Gb  table.o [10]
secTickEvent            0x20000c7c     0x4  Data  Gb  ledlamp.o [1]
secTickHook             0x080069fb    0x12  Code  Gb  ticker.o [10]
secTimeEventHandler     0x080016f9    0x10  Code  Gb  ledlamp.o [1]
securityAddToAddressCache
                        0x08006ded    0x6c  Code  Gb  security-address-cache.o [10]
securityAddressCacheInit
                        0x08006de1     0xc  Code  Gb  security-address-cache.o [10]
seed0                   0x20000a84     0x2  Data  Lc  random.o [10]
seed1                   0x20000a86     0x2  Data  Lc  random.o [10]
send1                   0x20000cd4    0xa4  Data  Gb  network.o [1]
sendAckedUnicast        0x08008e11    0xa8  Code  Lc  aps-retry.o [13]
sendApplicationKeys     0x0800a775    0xd4  Code  Lc  trust-center-util.o [11]
sendFromChild           0x20000a72     0x2  Data  Lc  application-support.o [13]
sendLeaveCommand        0x080067ed    0x78  Code  Lc  leave.o [13]
sendNeighborExchange    0x0800fb61    0xa6  Code  Lc  neighbor-exchange.o [13]
sendNextFragments       0x0800393b    0x58  Code  Lc  fragment.o [10]
sendSpecialJoinRequest  0x08002b9b    0xba  Code  Lc  association.o [13]
sensorCommonSetupSecurity
                        0x080011ff    0x1c  Code  Gb  common.o [1]
sequenceNumber          0x200014ad     0x1  Data  Lc  debug-jtag.o [13]
serial_info             0x20000c80    0x54  Data  Gb  ledlamp.o [1]
setBlockMask            0x080039cf    0x28  Code  Lc  fragment.o [10]
setChildTokenData       0x080051ff    0xa6  Code  Lc  child.o [13]
setNetworkParameters    0x080036f1    0x48  Code  Lc  association.o [13]
setNonvolatileBinding   0x08010585     0xc  Code  Lc  binding-table.o [4]
setRadioParameters      0x080036a9    0x48  Code  Lc  association.o [13]
setTxStepTime           0x08007721    0x38  Code  Lc  analogue.o [13]
shift                   0x0800dfa9    0x10  Code  Lc  random.o [10]
shortIndirectPool       0x200009c8     0x4  Data  Lc  mac-indirect.o [13]
simEeSetDataActiveSemaphore
                        0x2000149c     0x1  Data  Gb  token.o [10]
simulatedEepromStorage  0x0801e000  0x2000  Data  Gb  sim-eeprom.o [10]
single_info             0x20001090    0x44  Data  Gb  lamp.o [10]
sinkCommandHandler      0x08001ff5    0x52  Code  Gb  sink.o [1]
sinkFormNetwork         0x08001ea5    0x28  Code  Gb  sink.o [1]
sinkInit                0x08001f8b    0x6a  Code  Gb  sink.o [1]
sizeCache               0x08016e00    0x10  Data  Gb  sim-eeprom.o [10]
sleepTimerInterruptOccurred
                        0x200014ae     0x1  Data  Lc  system-timer.o [8]
sleepyBroadcastHeader   0x20000954     0x1  Data  Lc  jit.o [13]
sourceRouteAddEntry     0x080131db    0x84  Code  Gb  source-route-common.o [10]
sourceRouteFindIndex    0x080131b9    0x22  Code  Gb  source-route-common.o [10]
sourceRouteTable        0x20000a24     0x4  Data  Gb  source-route.o [10]
sourceRouteTableSize    0x20000ab4     0x1  Data  Gb  source-route.o [10]
spTransmitConfig        0x20000960     0x8  Data  Gb  zigbee-stack.o [13]
sscanf                  0x08013429    0x20  Code  Gb  sscanf.o [6]
stackEvents             0x08016b90    0x90  Data  Gb  zigbee-stack.o [13]
startChannelScan        0x0800cbc5    0x5c  Code  Lc  scan.o [13]
startNetworkOperation   0x08002969    0x14  Code  Lc  association.o [13]
startPanIdScan          0x08011d53    0x36  Code  Lc  form-and-join.o [10]
strchr                  0x08013481          Code  Gb  strchr.o [9]
strlen                  0x08013449          Code  Gb  strlen.o [9]
strncmp                 0x08015e0d    0x2a  Code  Gb  strncmp.o [6]
submitCount             0x2000111d     0x1  Data  Lc  retry.o [13]
swoOutput               0x08010fb1    0xd0  Code  Lc  debug-jtag.o [13]
sys_info                0x20000d78    0x58  Data  Gb  network.o [1]
systime                 0x200010f0     0x4  Data  Lc  ticker.o [10]
table                   0x2000142c    0x3c  Data  Lc  source-route.o [10]
table_info              0x20001074    0x1c  Data  Gb  table.o [10]
terminateScanRequest    0x0800dde9    0x26  Code  Lc  zdo-channel.o [13]
ticksSinceLastPoll      0x200011f0     0x1  Data  Lc  child-aging.o [13]
timeoutPools            0x0800d0f1    0xd4  Code  Lc  mac-indirect.o [13]
tokenArraySize          0x08016ff0    0x10  Data  Gb  token-def.o [10]
tokenCreators           0x08016fb0    0x20  Data  Gb  token-def.o [10]
tokenDefaults           0x20000a28    0x40  Data  Gb  token-def.o [10]
tokenIsCnt              0x08016fd0    0x10  Data  Gb  token-def.o [10]
tokenSize               0x08016fe0    0x10  Data  Gb  token-def.o [10]
tokensActive            0x2000149b     0x1  Data  Gb  token.o [10]
totalTxBlocks           0x200008e5     0x1  Data  Lc  fragment.o [10]
transmitQueue           0x20000980     0x8  Data  Lc  mac-arbiter.o [13]
trustCenterAllowJoins   0x20000aa5     0x1  Data  Lc  trust-center.o [10]
trustCenterInit         0x08006501    0x70  Code  Gb  trust-center.o [10]
trustCenterPermitJoins  0x08006571    0x14  Code  Gb  trust-center.o [10]
trustCenterUsePreconfiguredKey
                        0x20000aa6     0x1  Data  Lc  trust-center.o [10]
txFragments             0x200008e8     0xc  Data  Lc  fragment.o [10]
txWindowBase            0x200008e6     0x1  Data  Lc  fragment.o [10]
uartfrm                 0x20000ab8   0x1b4  Data  Gb  command.o [1]
unicastHead             0x20001418     0x1  Data  Lc  unicast-table.o [13]
uninitializedIsr        0x08013145          Code  Gb  faults.o [10]
unsentMessageCount      0x2000097d     0x1  Data  Lc  mac-arbiter.o [13]
unsolicitedChannelReport
                        0x200009d2     0x1  Data  Lc  zdo-channel.o [13]
update_gatewaytable     0x08001e57     0x2  Code  Lc  sink.o [1]
vcoLastTuneValueAvailable
                        0x20000a77     0x1  Data  Lc  analogue.o [13]
vcoTuneModDacError      0x08011ba9    0x48  Code  Lc  analogue-mod-dac.o [13]
vsprintf                0x080134a1    0x28  Code  Gb  vsprintf.o [6]
walkDelayQueue          0x0800b13d    0xc0  Code  Lc  retry.o [13]
writeMessage            0x080040a3    0x58  Code  Lc  packet-buffer.o [13]
writePageCounters       0x0800e73d    0x6e  Code  Lc  sim-eeprom-internal.o [8]
writeTokenBlockData     0x0800dff9    0x52  Code  Gb  sim-eeprom-internal.o [8]
xorBufferBytesIntoBlock
                        0x0800f215    0x80  Code  Lc  crypto.o [13]
zigDevApsStruct         0x2000120c     0x4  Data  Lc  zigbee-device-util.o [13]
zigDevRequestSequence   0x20001208     0x1  Data  Lc  zigbee-device-util.o [13]


[1] = E:\Workshops\renovate\lamps\build\obj
[2] = command line
[3] = alarm-library.a
[4] = binding-table-library.a
[5] = cbke-stub-library.a
[6] = dl7M_tl_in.a
[7] = end-device-bind-stub-library.a
[8] = hal-library.a
[9] = rt7M_tl.a
[10] = sealib.a
[11] = security-library-core.a
[12] = security-library-link-keys.a
[13] = zigbee-pro-stack.a

  90 016 bytes of readonly  code memory
   5 479 bytes of readonly  data memory
  16 100 bytes of readwrite data memory

Errors: none
Warnings: none
