###############################################################################
#                                                                             #
# IAR ELF Linker V5.41.0.51741/W32 for ARM              07/Jun/2014  20:52:51 #
# Copyright (C) 2007-2009 IAR Systems AB.                                     #
#                                                                             #
#    Output file  =  G:\Workshops\renovate\lamps\build\exe\vehicle.out        #
#    Map file     =  G:\Workshops\renovate\lamps\build\list\vehicle.map       #
#    Command line =  G:\Workshops\renovate\lamps\build\obj\adc.o              #
#                    G:\Workshops\renovate\lamps\build\obj\callback.o         #
#                    G:\Workshops\renovate\lamps\build\obj\command.o          #
#                    G:\Workshops\renovate\lamps\build\obj\common.o           #
#                    G:\Workshops\renovate\lamps\build\obj\exception.o        #
#                    G:\Workshops\renovate\lamps\build\obj\incoming.o         #
#                    G:\Workshops\renovate\lamps\build\obj\ledlamp.o          #
#                    G:\Workshops\renovate\lamps\build\obj\micro.o            #
#                    G:\Workshops\renovate\lamps\build\obj\mobile.o           #
#                    G:\Workshops\renovate\lamps\build\obj\network.o          #
#                    G:\Workshops\renovate\lamps\build\obj\pwm.o              #
#                    G:\Workshops\renovate\lamps\build\obj\sensor.o           #
#                    G:\Workshops\renovate\lamps\build\obj\sink.o             #
#                    G:\Workshops\renovate\lamps\build\obj\sysinfo.o          #
#                    G:\Workshops\renovate\lamps\build\obj\timevent.o         #
#                    G:\Workshops\renovate\lamps\build\obj\vehicle.o          #
#                    G:\Workshops\renovate\lamps\lib\alarm-library.a          #
#                    G:\Workshops\renovate\lamps\lib\binding-table-library.a  #
#                    G:\Workshops\renovate\lamps\lib\cbke-stub-library.a      #
#                    G:\Workshops\renovate\lamps\lib\end-device-bind-stub-lib #
#                    rary.a G:\Workshops\renovate\lamps\lib\hal-library.a     #
#                    G:\Workshops\renovate\lamps\lib\sealib.a                 #
#                    G:\Workshops\renovate\lamps\lib\security-library-core.a  #
#                    G:\Workshops\renovate\lamps\lib\security-library-link-ke #
#                    ys.a G:\Workshops\renovate\lamps\lib\zigbee-pro-stack.a  #
#                    -o G:\Workshops\renovate\lamps\build\exe\vehicle.out     #
#                    --config_def NULL_BTL=1 --map                            #
#                    G:\Workshops\renovate\lamps\build\list\vehicle.map       #
#                    --log initialization,modules,sections,veneers            #
#                    --log_file G:\Workshops\renovate\lamps\build\list\vehicl #
#                    e.log --config G:\Workshops\renovate\lamps\build/icf/iar #
#                    -cfg.icf --diag_suppress Lp012 --entry halEntryPoint     #
#                                                                             #
#                                                                             #
###############################################################################

*******************************************************************************
*** RUNTIME MODEL ATTRIBUTES
***

__endian      = little
__thumb_aware = enabled


*******************************************************************************
*** PLACEMENT SUMMARY
***

"HEADERS":
       place at start of [0x08000000-0x080000ff] { block HEADER_block };
"APP ro":
       place at start of [0x08000100-0x0801ffff] { block APPRO_block };
"SIMEE":
       place at end of [0x08000100-0x0801ffff] { zi section SIMEE };
"FAT": place at 0x08040000 { section FAT };
"DEBUGCHAN":
       place at start of [0x20001fe0-0x20001fff] { rw section DEBUG_CHANNEL };
"APP rw":
       place at start of [0x20000000-0x20001fdf] { block APPRW_block };

  Section                Kind        Address     Size  Object
  -------                ----        -------     ----  ------
"HEADERS":                                       0xd8
  HEADER_block                    0x08000000     0xd8  <Block>
    BAT                  const    0x08000000     0x3c  cstartup-iar-common.o [10]
    AAT                  const    0x0800003c     0x9c  cstartup-iar-common.o [10]
                                - 0x080000d8     0xd8

"APP ro":                                     0x197de
  APPRO_block                     0x08000100  0x197de  <Block>
    .intvec              const    0x08000100     0x84  cstartup-iar-common.o [10]
    .text                         0x08000184  0x17b26  <Block>
      .text              ro code  0x08000184    0x2c0  adc.o [1]
      .text              ro code  0x08000444    0x142  callback.o [1]
      .text              ro code  0x08000588    0xa14  command.o [1]
      .text              ro code  0x08000f9c    0x14c  common.o [1]
      .text              ro code  0x080010e8    0x178  exception.o [1]
      .text              ro code  0x08001260    0x6ec  incoming.o [1]
      .text              ro code  0x0800194c    0x1cc  ledlamp.o [1]
      .text              ro code  0x08001b18    0x228  micro.o [1]
      .text              ro code  0x08001d40     0x10  mobile.o [1]
      .text              ro code  0x08001d50    0x21c  network.o [1]
      .text              ro code  0x08001f6c    0x114  pwm.o [1]
      .text              ro code  0x08002080    0x7b8  sensor.o [1]
      .text              ro code  0x08002838    0x898  sysinfo.o [1]
      .text              ro code  0x080030d0   0x123c  vehicle.o [1]
      .text              ro code  0x0800430c    0x154  cstartup-iar.o [8]
      .text              ro code  0x08004460      0x6  spmr.o [8]
      .text              ro code  0x08004468      0xc  spmr.o [8]
      .text              ro code  0x08004474      0xe  spmr.o [8]
      .text              ro code  0x08004484      0x8  spmr.o [8]
      .text              ro code  0x0800448c    0x9fc  analogue.o [13]
      .text              ro code  0x08004e88    0x228  diagnostic.o [10]
      .text              ro code  0x080050b0    0x310  fragment.o [10]
      .text              ro code  0x080053c0    0x652  packet-buffer.o [13]
      .text              ro code  0x08005a14   0x1098  association.o [13]
      .text              ro code  0x08006aac    0x172  mem.o [10]
      .text              ro code  0x08006c20    0x2dc  table.o [10]
      .text              ro code  0x08006efc     0xfc  console.o [10]
      .text              ro code  0x08006ff8    0x128  serial.o [10]
      .text              ro code  0x08007120     0x9c  msg.o [10]
      .text              ro code  0x080071bc    0x150  lamp.o [10]
      .text              ro code  0x0800730c     0x28  eui64.o [13]
      .text              ro code  0x08007334    0x114  ember-configuration.o [10]
      .text              ro code  0x08007448    0x6c8  child.o [13]
      .text              ro code  0x08007b10     0x40  child-table.o [13]
      .text              ro code  0x08007b50    0x248  jit.o [13]
      .text              ro code  0x08007d98    0x3dc  aps-keys.o [11]
      .text              ro code  0x08008174    0x10c  ember-stack-common.o [13]
      .text              ro code  0x08008280    0x8c0  application-support.o [13]
      .text              ro code  0x08008b40    0x2da  leave.o [13]
      .text              ro code  0x08008e1c     0xac  zigbee-dispatch.o [13]
      .text              ro code  0x08008ec8     0xfc  ticker.o [10]
      .text              ro code  0x08008fc4    0x1c0  zigbee-stack.o [13]
      .text              ro code  0x08009184    0x204  mac-header.o [13]
      .text              ro code  0x08009388    0x174  token.o [10]
      .text              ro code  0x080094fc    0x2bc  micro-internal.o [8]
      .text              ro code  0x080097b8     0x64  cstartup-iar-common.o [10]
      .text              ro code  0x0800981c    0x12e  button.o [10]
      .text              ro code  0x0800994c     0xe6  uart.o [10]
      .text              ro code  0x08009a34    0x3c2  form-and-join.o [10]
      .text              ro code  0x08009df8     0x44  form-and-join-node-adapter.o [10]
      .text              ro code  0x08009e3c    0x3a0  mac-arbiter.o [13]
      .text              ro code  0x0800a1dc    0x26c  frame.o [10]
      .text              ro code  0x0800a448     0x84  flash.o [10]
      .text              ro code  0x0800a4cc     0x1c  nodeid.o [13]
      .text              ro code  0x0800a4e8     0x28  trust-center.o [10]
      .text              ro code  0x0800a510     0x48  random.o [10]
      .text              ro code  0x0800a558     0x40  mpu.o [10]
      .text              ro code  0x0800a598     0x38  context-switch.o [8]
      .text              ro code  0x0800a5d0     0x10  context-switch.o [8]
      .text              ro code  0x0800a5e0    0x4c0  phy.o [13]
      .text              ro code  0x0800aaa0    0x264  analogue-cell-bias.o [13]
      .text              ro code  0x0800ad04    0x154  analogue-mod-dac.o [13]
      .text              ro code  0x0800ae58    0x4a8  phy-common.o [13]
      .text              ro code  0x0800b300    0x5e0  neighbor.o [13]
      .text              ro code  0x0800b8e0    0x768  aps-retry.o [13]
      .text              ro code  0x0800c048   0x116c  network.o [13]
      .text              ro code  0x0800d1b4    0x478  trust-center-util.o [11]
      .text              ro code  0x0800d62c    0x564  zigbee-packet-header.o [13]
      .text              ro code  0x0800db90    0x324  management.o [13]
      .text              ro code  0x0800deb4    0x21e  retry.o [13]
      .text              ro code  0x0800e0d4    0x21c  packet-header.o [13]
      .text              ro code  0x0800e2f0    0x2d8  random-id.o [13]
      .text              ro code  0x0800e5c8    0xa44  aps-security.o [11]
      .text              ro code  0x0800f00c    0x344  command.o [13]
      .text              ro code  0x0800f350    0x360  mac.o [13]
      .text              ro code  0x0800f6b0    0x348  scan.o [13]
      .text              ro code  0x0800f9f8    0x54c  mac-indirect.o [13]
      .text              ro code  0x0800ff44    0x144  child-aging.o [13]
      .text              ro code  0x08010088    0x488  zigbee-device-util.o [13]
      .text              ro code  0x08010510    0x350  zdo-channel.o [13]
      .text              ro code  0x08010860    0xaa0  sim-eeprom-internal.o [8]
      .text              ro code  0x08011300    0x210  alarm.o [3]
      .text              ro code  0x08011510    0x2c8  address-table.o [13]
      .text              ro code  0x080117d8    0x15c  route-error.o [13]
      .text              ro code  0x08011934    0x5c4  crypto.o [13]
      .text              ro code  0x08011ef8    0x2a4  aps-keys-full.o [12]
      .text              ro code  0x0801219c    0x1d8  mac-receive.o [13]
      .text              ro code  0x08012374    0x344  neighbor-exchange.o [13]
      .text              ro code  0x080126b8    0x20c  aps-encryption.o [11]
      .text              ro code  0x080128c4    0x350  binding-table.o [4]
      .text              ro code  0x08012c14    0x154  broadcast.o [13]
      .text              ro code  0x08012d68    0x38e  route-table.o [13]
      .text              ro code  0x080130f8     0x18  cal-pads.o [13]
      .text              ro code  0x08013110    0x150  mac-em250.o [13]
      .text              ro code  0x08013260    0x294  debug-jtag.o [13]
      .text              ro code  0x080134f4    0x224  debug.o [13]
      .text              ro code  0x08013718    0x1ec  zigbee-neighbor.o [13]
      .text              ro code  0x08013904     0x40  system-timer.o [8]
      .text              ro code  0x08013944    0x344  flash.o [8]
      .text              ro code  0x08013c88      0x0  isr-stubs.o [10]
      .text              ro code  0x08013c88      0x0  isr-stubs.o [10]
      .text              ro code  0x08013c88      0x0  isr-stubs.o [10]
      .text              ro code  0x08013c88      0x0  isr-stubs.o [10]
      .text              ro code  0x08013c88      0x0  isr-stubs.o [10]
      .text              ro code  0x08013c88      0x0  isr-stubs.o [10]
      .text              ro code  0x08013c88      0x0  isr-stubs.o [10]
      .text              ro code  0x08013c88      0x0  isr-stubs.o [10]
      .text              ro code  0x08013c88      0x0  isr-stubs.o [10]
      .text              ro code  0x08013c88      0x0  isr-stubs.o [10]
      .text              ro code  0x08013c88      0x0  isr-stubs.o [10]
      .text              ro code  0x08013c88      0x0  isr-stubs.o [10]
      .text              ro code  0x08013c88      0x0  isr-stubs.o [10]
      .text              ro code  0x08013c88      0x0  isr-stubs.o [10]
      .text              ro code  0x08013c88     0x60  symbol-timer.o [13]
      .text              ro code  0x08013ce8     0xec  aes.o [13]
      .text              ro code  0x08013dd4     0x64  unicast-table.o [13]
      .text              ro code  0x08013e38    0x77e  route-discovery.o [13]
      .text              ro code  0x080145b8     0x48  led.o [10]
      .text              ro code  0x08014600    0x714  zigbee-device.o [13]
      .text              ro code  0x08014d14     0x24  crc.o [10]
      .text              ro code  0x08014d38     0x80  faults.o [10]
      .text              ro code  0x08014db8    0x1bc  zdo-binding-table.o [4]
      .text              ro code  0x08014f74     0x20  sscanf.o [6]
      .text              ro code  0x08014f94     0x36  strlen.o [9]
      .text              ro code  0x08014fcc     0x16  strchr.o [9]
      .text              ro code  0x08014fe4      0x6  ABImemclr4.o [9]
      .text              ro code  0x08014fec     0x28  vsprintf.o [6]
      .text              ro code  0x08015014     0x70  ABImemcpy.o [9]
      .text              ro code  0x08015084    0x9e0  xscanffull.o [6]
      .text              ro code  0x08015a64     0x38  ABImemset48.o [9]
      .text              ro code  0x08015a9c    0xcc2  xprintffull.o [6]
      .text              ro code  0x08016760     0x90  DblToFlt.o [9]
      .text              ro code  0x080167f0    0x108  xdscale.o [6]
      .text              ro code  0x080168f8     0x58  memchr.o [9]
      .text              ro code  0x08016950     0xbc  xstold.o [6]
      .text              ro code  0x08016a0c    0x164  xstoull.o [6]
      .text              ro code  0x08016b70     0x2e  DblCmpLe.o [9]
      .text              ro code  0x08016ba0     0x2e  DblCmpGe.o [9]
      .text              ro code  0x08016bd0     0x56  DblToI32.o [9]
      .text              ro code  0x08016c28    0x246  DblDiv.o [9]
      .text              ro code  0x08016e70    0x1a2  DblMul.o [9]
      .text              ro code  0x08017014    0x17e  DblSub.o [9]
      .text              ro code  0x08017194     0x2e  I32ToDbl.o [9]
      .text              ro code  0x080171c4    0x12e  I64DivMod.o [9]
      .text              ro code  0x080172f4    0x1b0  xstoflt.o [6]
      .text              ro code  0x080174a4     0xe6  DblAdd.o [9]
      .text              ro code  0x0801758c    0x160  xdtento.o [6]
      .text              ro code  0x080176ec     0x14  errno.o [6]
      .text              ro code  0x08017700      0x2  I64DivZer.o [9]
      .text              ro code  0x08017704     0x20  DblCmpEq.o [9]
      .text              ro code  0x08017724     0x3c  node.o [10]
      .text              ro code  0x08017760     0x80  event-control.o [13]
      .text              ro code  0x080177e0      0x8  high-security-stub.o [11]
      .text              ro code  0x080177e8      0x8  aps-skke-stub.o [11]
      .text              ro code  0x080177f0     0x2c  form-and-join-node-callbacks.o [10]
      .text              ro code  0x0801781c      0xe  sim-eeprom.o [10]
      .text              ro code  0x0801782a     0xf6  hashing.o [11]
      .text              ro code  0x08017920     0x14  cbke-crypto-engine-stub.o [5]
      .text              ro code  0x08017934     0x12  phy-util.o [13]
      .text              ro code  0x08017946      0x8  end-device-bind-stub.o [7]
      .text              ro code  0x0801794e     0x44  misc.o [13]
      .text              ro code  0x08017992     0x2a  strncmp.o [6]
      .text              ro code  0x080179bc      0x8  abs.o [6]
      .text              ro code  0x080179c4     0x20  xsscin.o [6]
      .text              ro code  0x080179e4      0xa  xsprout.o [6]
      .text              ro code  0x080179ee     0x8e  xstoll.o [6]
      .text              ro code  0x08017a7c     0xc6  xdnorm.o [6]
      .text              ro code  0x08017b42      0xe  div.o [6]
      .text              ro code  0x08017b50     0xf6  xstopfx.o [6]
      .text              ro code  0x08017c46     0x64  xdtento.o [6]
    .rodata              const    0x08017cb0     0x10  xstold.o [6]
    .rodata              const    0x08017cc0     0x48  xdtento.o [6]
    .rodata              const    0x08017d08      0x8  command.o [1]
    .rodata              const    0x08017d10     0x18  command.o [1]
    .rodata              const    0x08017d28     0x2c  command.o [1]
    .rodata              const    0x08017d54     0x24  command.o [1]
    .rodata              const    0x08017d78     0x24  command.o [1]
    .rodata              const    0x08017d9c     0x24  command.o [1]
    .rodata              const    0x08017dc0     0x30  command.o [1]
    .rodata              const    0x08017df0     0x2c  command.o [1]
    .rodata              const    0x08017e1c     0x38  command.o [1]
    .rodata              const    0x08017e54     0x20  command.o [1]
    .rodata              const    0x08017e74     0x24  command.o [1]
    .rodata              const    0x08017e98     0x2c  command.o [1]
    .rodata              const    0x08017ec4     0x40  command.o [1]
    .rodata              const    0x08017f04      0x8  command.o [1]
    .rodata              const    0x08017f0c      0x8  command.o [1]
    .rodata              const    0x08017f14      0x8  command.o [1]
    .rodata              const    0x08017f1c      0xc  command.o [1]
    .rodata              const    0x08017f28      0xc  command.o [1]
    .rodata              const    0x08017f34     0x10  command.o [1]
    .rodata              const    0x08017f44     0x20  command.o [1]
    .rodata              const    0x08017f64     0x28  command.o [1]
    .rodata              const    0x08017f8c     0x18  command.o [1]
    .rodata              const    0x08017fa4     0x14  command.o [1]
    .rodata              const    0x08017fb8     0x18  command.o [1]
    .rodata              const    0x08017fd0     0x1c  command.o [1]
    .rodata              const    0x08017fec      0x8  command.o [1]
    .rodata              const    0x08017ff4     0x28  command.o [1]
    .rodata              const    0x0801801c     0x1c  command.o [1]
    .rodata              const    0x08018038     0x34  command.o [1]
    .rodata              const    0x0801806c     0x14  command.o [1]
    .rodata              const    0x08018080     0x4c  command.o [1]
    .rodata              const    0x080180cc     0x18  command.o [1]
    .rodata              const    0x080180e4      0xc  command.o [1]
    .rodata              const    0x080180f0     0x18  command.o [1]
    .rodata              const    0x08018108      0x8  common.o [1]
    .rodata              const    0x08018110     0x1c  exception.o [1]
    .rodata              const    0x0801812c     0x20  exception.o [1]
    .rodata              const    0x0801814c     0x20  exception.o [1]
    .rodata              const    0x0801816c     0x20  exception.o [1]
    .rodata              const    0x0801818c     0x3c  incoming.o [1]
    .rodata              const    0x080181c8     0x2c  incoming.o [1]
    .rodata              const    0x080181f4     0x24  incoming.o [1]
    .rodata              const    0x08018218     0x24  incoming.o [1]
    .rodata              const    0x0801823c     0x28  incoming.o [1]
    .rodata              const    0x08018264     0x20  incoming.o [1]
    .rodata              const    0x08018284     0x30  incoming.o [1]
    .rodata              const    0x080182b4     0x34  incoming.o [1]
    .rodata              const    0x080182e8     0x34  incoming.o [1]
    .rodata              const    0x0801831c     0x3c  incoming.o [1]
    .rodata              const    0x08018358     0x40  incoming.o [1]
    .rodata              const    0x08018398     0x2c  incoming.o [1]
    .rodata              const    0x080183c4     0x10  ledlamp.o [1]
    .rodata              const    0x080183d4      0x8  ledlamp.o [1]
    .rodata              const    0x080183dc     0x10  ledlamp.o [1]
    .rodata              const    0x080183ec      0xc  ledlamp.o [1]
    .rodata              const    0x080183f8      0x8  ledlamp.o [1]
    .rodata              const    0x08018400     0x18  ledlamp.o [1]
    .rodata              const    0x08018418     0x18  micro.o [1]
    .rodata              const    0x08018430     0x30  sensor.o [1]
    .rodata              const    0x08018460     0x40  sensor.o [1]
    .rodata              const    0x080184a0     0x2c  sensor.o [1]
    .rodata              const    0x080184cc     0x20  sensor.o [1]
    .rodata              const    0x080184ec     0x28  sensor.o [1]
    .rodata              const    0x08018514     0x20  sensor.o [1]
    .rodata              const    0x08018534     0x18  sensor.o [1]
    .rodata              const    0x0801854c     0x28  sensor.o [1]
    .rodata              const    0x08018574     0x20  sensor.o [1]
    .rodata              const    0x08018594     0x3c  sensor.o [1]
    .rodata              const    0x080185d0     0x2c  sensor.o [1]
    .rodata              const    0x080185fc     0x2c  sensor.o [1]
    .rodata              const    0x08018628     0x2c  sensor.o [1]
    .rodata              const    0x08018654      0x8  sensor.o [1]
    .rodata              const    0x0801865c     0x28  sysinfo.o [1]
    .rodata              const    0x08018684     0x10  sysinfo.o [1]
    .rodata              const    0x08018694     0x14  sysinfo.o [1]
    .rodata              const    0x080186a8     0x14  sysinfo.o [1]
    .rodata              const    0x080186bc     0x14  sysinfo.o [1]
    .rodata              const    0x080186d0     0x18  sysinfo.o [1]
    .rodata              const    0x080186e8     0x18  sysinfo.o [1]
    .rodata              const    0x08018700     0x18  sysinfo.o [1]
    .rodata              const    0x08018718     0x14  sysinfo.o [1]
    .rodata              const    0x0801872c     0x18  sysinfo.o [1]
    .rodata              const    0x08018744     0x18  sysinfo.o [1]
    .rodata              const    0x0801875c     0x14  sysinfo.o [1]
    .rodata              const    0x08018770     0x20  sysinfo.o [1]
    .rodata              const    0x08018790      0x8  sysinfo.o [1]
    .rodata              const    0x08018798      0x8  sysinfo.o [1]
    .rodata              const    0x080187a0     0x2c  sysinfo.o [1]
    .rodata              const    0x080187cc     0x2c  sysinfo.o [1]
    .rodata              const    0x080187f8     0x34  sysinfo.o [1]
    .rodata              const    0x0801882c     0x20  sysinfo.o [1]
    .rodata              const    0x0801884c     0x18  sysinfo.o [1]
    .rodata              const    0x08018864     0x20  sysinfo.o [1]
    .rodata              const    0x08018884     0x18  sysinfo.o [1]
    .rodata              const    0x0801889c     0x18  sysinfo.o [1]
    .rodata              const    0x080188b4     0x20  sysinfo.o [1]
    .rodata              const    0x080188d4     0x20  sysinfo.o [1]
    .rodata              const    0x080188f4     0x20  sysinfo.o [1]
    .rodata              const    0x08018914     0x18  sysinfo.o [1]
    .rodata              const    0x0801892c     0x1c  sysinfo.o [1]
    .rodata              const    0x08018948     0x30  sysinfo.o [1]
    .rodata              const    0x08018978     0x10  sysinfo.o [1]
    .rodata              const    0x08018988     0x14  sysinfo.o [1]
    .rodata              const    0x0801899c     0x14  sysinfo.o [1]
    .rodata              const    0x080189b0      0x8  sysinfo.o [1]
    .rodata              const    0x080189b8      0x8  sysinfo.o [1]
    .rodata              const    0x080189c0     0x24  sysinfo.o [1]
    .rodata              const    0x080189e4      0x8  sysinfo.o [1]
    .rodata              const    0x080189ec     0x18  sysinfo.o [1]
    .rodata              const    0x08018a04     0x14  sysinfo.o [1]
    .rodata              const    0x08018a18     0x1c  sysinfo.o [1]
    .rodata              const    0x08018a34     0x20  sysinfo.o [1]
    .rodata              const    0x08018a54     0x20  sysinfo.o [1]
    .rodata              const    0x08018a74     0x14  sysinfo.o [1]
    .rodata              const    0x08018a88     0x18  sysinfo.o [1]
    .rodata              const    0x08018aa0     0x14  sysinfo.o [1]
    .rodata              const    0x08018ab4     0x14  sysinfo.o [1]
    .rodata              const    0x08018ac8     0x14  sysinfo.o [1]
    .rodata              const    0x08018adc     0x14  sysinfo.o [1]
    .rodata              const    0x08018af0     0x40  sysinfo.o [1]
    .rodata              const    0x08018b30     0x38  sysinfo.o [1]
    .rodata              const    0x08018b68     0x3c  sysinfo.o [1]
    .rodata              const    0x08018ba4     0x34  sysinfo.o [1]
    .rodata              const    0x08018bd8     0x10  vehicle.o [1]
    .rodata              const    0x08018be8     0x10  vehicle.o [1]
    .rodata              const    0x08018bf8     0x14  vehicle.o [1]
    .rodata              const    0x08018c0c     0x14  vehicle.o [1]
    .rodata              const    0x08018c20     0x10  vehicle.o [1]
    .rodata              const    0x08018c30     0x18  vehicle.o [1]
    .rodata              const    0x08018c48     0x18  vehicle.o [1]
    .rodata              const    0x08018c60     0x10  vehicle.o [1]
    .rodata              const    0x08018c70     0x18  vehicle.o [1]
    .rodata              const    0x08018c88     0x18  vehicle.o [1]
    .rodata              const    0x08018ca0     0x3c  vehicle.o [1]
    .rodata              const    0x08018cdc     0x14  vehicle.o [1]
    .rodata              const    0x08018cf0     0x24  vehicle.o [1]
    .rodata              const    0x08018d14     0x28  vehicle.o [1]
    .rodata              const    0x08018d3c     0x30  vehicle.o [1]
    .rodata              const    0x08018d6c     0x24  vehicle.o [1]
    .rodata              const    0x08018d90     0x20  vehicle.o [1]
    .rodata              const    0x08018db0     0x28  vehicle.o [1]
    .rodata              const    0x08018dd8     0x28  vehicle.o [1]
    .rodata              const    0x08018e00      0xc  vehicle.o [1]
    .rodata              const    0x08018e0c     0x30  vehicle.o [1]
    .rodata              const    0x08018e3c     0x10  cstartup-iar.o [8]
    .rodata              const    0x08018e4c     0x4c  analogue.o [13]
    .rodata              const    0x08018e98     0x20  analogue.o [13]
    .rodata              const    0x08018eb8      0x8  analogue.o [13]
    .rodata              const    0x08018ec0     0x14  diagnostic.o [10]
    .rodata              const    0x08018ed4     0x10  fragment.o [10]
    .rodata              const    0x08018ee4     0x10  packet-buffer.o [13]
    .rodata              const    0x08018ef4     0x10  association.o [13]
    .rodata              const    0x08018f04      0x8  association.o [13]
    .rodata              const    0x08018f0c     0x78  table.o [10]
    .rodata              const    0x08018f84      0xc  lamp.o [10]
    .rodata              const    0x08018f90     0x10  ember-configuration.o [10]
    .rodata              const    0x08018fa0      0x8  child.o [13]
    .rodata              const    0x08018fa8     0xa8  zigbee-stack.o [13]
    .rodata              const    0x08019050     0x10  token.o [10]
    .rodata              const    0x08019060     0x10  cstartup-iar-common.o [10]
    .rodata              const    0x08019070     0x4c  uart.o [10]
    .rodata              const    0x080190bc      0x8  form-and-join.o [10]
    .rodata              const    0x080190c4     0x18  form-and-join-node-adapter.o [10]
    .rodata              const    0x080190dc     0x10  mac-arbiter.o [13]
    .rodata              const    0x080190ec     0x40  mpu.o [10]
    .rodata              const    0x0801912c      0x8  phy.o [13]
    .rodata              const    0x08019134     0x9c  analogue-cell-bias.o [13]
    .rodata              const    0x080191d0     0x58  analogue-cell-bias.o [13]
    .rodata              const    0x08019228     0x10  phy-common.o [13]
    .rodata              const    0x08019238      0x8  phy-common.o [13]
    .rodata              const    0x08019240      0xc  neighbor.o [13]
    .rodata              const    0x0801924c      0x8  network.o [13]
    .rodata              const    0x08019254     0x10  packet-header.o [13]
    .rodata              const    0x08019264     0x10  packet-header.o [13]
    .rodata              const    0x08019274      0x8  aps-security.o [11]
    .rodata              const    0x0801927c      0x8  mac.o [13]
    .rodata              const    0x08019284      0x8  scan.o [13]
    .rodata              const    0x0801928c      0x4  mac-indirect.o [13]
    .rodata              const    0x08019290      0x8  zigbee-device-util.o [13]
    .rodata              const    0x08019298      0x8  zdo-channel.o [13]
    .rodata              const    0x080192a0      0x8  zdo-channel.o [13]
    .rodata              const    0x080192a8     0x10  sim-eeprom.o [10]
    .rodata              const    0x080192b8     0x18  sim-eeprom-internal.o [8]
    .rodata              const    0x080192d0     0x10  route-table.o [13]
    .rodata              const    0x080192e0      0xc  mac-em250.o [13]
    .rodata              const    0x080192ec      0xc  debug.o [13]
    .rodata              const    0x080192f8      0xc  debug.o [13]
    .rodata              const    0x08019304      0x8  flash.o [8]
    .rodata              const    0x0801930c     0x14  route-discovery.o [13]
    .rodata              const    0x08019320      0xc  led.o [10]
    .rodata              const    0x0801932c      0xc  led.o [10]
    .rodata              const    0x08019338     0x24  zigbee-device.o [13]
    .rodata              const    0x0801935c     0x20  token-def.o [10]
    .rodata              const    0x0801937c     0x10  token-def.o [10]
    .rodata              const    0x0801938c     0x10  token-def.o [10]
    .rodata              const    0x0801939c     0x10  token-def.o [10]
    .rodata              const    0x080193ac      0x4  token-def.o [10]
    .rodata              const    0x080193b0      0x4  token-def.o [10]
    .rodata              const    0x080193b4     0x14  token-def.o [10]
    .rodata              const    0x080193c8      0x4  token-def.o [10]
    .rodata              const    0x080193cc     0x14  token-def.o [10]
    .rodata              const    0x080193e0     0x10  token-def.o [10]
    .rodata              const    0x080193f0     0x1c  token-def.o [10]
    .rodata              const    0x0801940c     0x1c  token-def.o [10]
    .rodata              const    0x08019428      0x8  token-def.o [10]
    .rodata              const    0x08019430     0x10  token-def.o [10]
    .rodata              const    0x08019440      0xc  token-def.o [10]
    .rodata              const    0x0801944c     0x1c  token-def.o [10]
    .rodata              const    0x08019468     0x5c  token-def.o [10]
    .rodata              const    0x080194c4      0x8  zdo-binding-table.o [4]
    .rodata              const    0x080194cc     0x10  xscanffull.o [6]
    .rodata              const    0x080194dc      0x8  xprintffull.o [6]
    .rodata              const    0x080194e4     0x50  xstoull.o [6]
    .rodata              const    0x08019534     0x20  xstoflt.o [6]
    .rodata              const    0x08019554      0x2  association.o [13]
    .rodata              const    0x08019556      0x2  token.o [10]
    .rodata              const    0x08019558      0x2  token.o [10]
    .rodata              const    0x0801955a      0x2  token.o [10]
    .rodata              const    0x0801955c      0x2  token.o [10]
    .rodata              const    0x0801955e      0x2  token.o [10]
    .rodata              const    0x08019560      0x2  token.o [10]
    .rodata              const    0x08019562      0x2  token.o [10]
    .rodata              const    0x08019564      0x2  token.o [10]
    .rodata              const    0x08019566      0x2  sim-eeprom.o [10]
    .rodata              const    0x08019568      0x2  sim-eeprom.o [10]
    .rodata              const    0x0801956a      0x2  sim-eeprom.o [10]
    .rodata              const    0x0801956c      0x2  sim-eeprom.o [10]
    .rodata              const    0x0801956e      0x2  sim-eeprom.o [10]
    .rodata              const    0x08019570      0x2  sim-eeprom.o [10]
    .rodata              const    0x08019572      0x2  sim-eeprom.o [10]
    .rodata              const    0x08019574      0x2  token-def.o [10]
    .rodata              const    0x08019576      0x2  token-def.o [10]
    .rodata              const    0x08019578      0x2  token-def.o [10]
    .rodata              const    0x0801957a      0x1  aps-skke-stub.o [11]
    .rodata              const    0x0801957b      0x1  sim-eeprom.o [10]
    .data_init                    0x0801957c    0x362  <Block>
      Initializer bytes  ro data  0x0801957c    0x362  <for .data-1>
                                - 0x080198de  0x197de

"SIMEE":                                       0x2000
  SIMEE                           0x0801e000   0x2000  <Block>
    SIMEE                uninit   0x0801e000   0x2000  sim-eeprom.o [10]
                                - 0x08020000   0x2000

"FAT":                                           0x2c
  FAT                    uninit   0x08040000     0x2c  cstartup-iar-common.o [10]
                                - 0x0804002c     0x2c

"APP rw":                                      0x19a0
  APPRW_block                     0x20000000   0x19a0  <Block>
    CSTACK_overlay                0x20000000    0x758  <Overlay>
      part 1:
        CSTACK                    0x20000000    0x758  <Block>
          CSTACK         uninit   0x20000000    0x758  cstartup-iar-common.o [10]
          CSTACK         const    0x20000758      0x0  spmr.o [8]
          CSTACK         const    0x20000758      0x0  context-switch.o [8]
          CSTACK         const    0x20000758      0x0  isr-stubs.o [10]
          CSTACK         const    0x20000758      0x0  faults.o [10]
      part 2:
        RESETINFO                 0x20000000     0x94  <Block>
          RESETINFO      uninit   0x20000000     0x94  cstartup-iar-common.o [10]
          RESETINFO      const    0x20000094      0x0  spmr.o [8]
          RESETINFO      const    0x20000094      0x0  context-switch.o [8]
          RESETINFO      const    0x20000094      0x0  isr-stubs.o [10]
          RESETINFO      const    0x20000094      0x0  faults.o [10]
    .data                         0x20000758    0x364  <Block>
      .data-1                     0x20000758    0x362  <Init block>
        .data            inited   0x20000758    0x130  command.o [1]
        .data            inited   0x20000888     0x10  ledlamp.o [1]
        .data            inited   0x20000898      0xe  analogue.o [13]
        .data            inited   0x200008a8     0x1a  fragment.o [10]
        .data            inited   0x200008c4     0x1e  fragment.o [10]
        .data            inited   0x200008e4     0x30  association.o [13]
        .data            inited   0x20000914      0x4  ember-configuration.o [10]
        .data            inited   0x20000918      0x4  ember-configuration.o [10]
        .data            inited   0x2000091c      0x4  ember-configuration.o [10]
        .data            inited   0x20000920      0x4  ember-configuration.o [10]
        .data            inited   0x20000924      0x4  ember-configuration.o [10]
        .data            inited   0x20000928      0x4  ember-configuration.o [10]
        .data            inited   0x2000092c      0x4  ember-configuration.o [10]
        .data            inited   0x20000930      0x4  ember-configuration.o [10]
        .data            inited   0x20000934      0x4  ember-configuration.o [10]
        .data            inited   0x20000938      0x4  ember-configuration.o [10]
        .data            inited   0x2000093c      0x4  ember-configuration.o [10]
        .data            inited   0x20000940      0x4  ember-configuration.o [10]
        .data            inited   0x20000944      0x4  ember-configuration.o [10]
        .data            inited   0x20000948      0x4  ember-configuration.o [10]
        .data            inited   0x2000094c      0x4  ember-configuration.o [10]
        .data            inited   0x20000950      0x4  ember-configuration.o [10]
        .data            inited   0x20000954      0x4  ember-configuration.o [10]
        .data            inited   0x20000958      0x4  ember-configuration.o [10]
        .data            inited   0x2000095c      0x4  ember-configuration.o [10]
        .data            inited   0x20000960      0x4  ember-configuration.o [10]
        .data            inited   0x20000964      0xa  jit.o [13]
        .data            inited   0x20000970      0x8  ticker.o [10]
        .data            inited   0x20000978      0x8  zigbee-stack.o [13]
        .data            inited   0x20000980     0x30  form-and-join.o [10]
        .data            inited   0x200009b0     0x14  mac-arbiter.o [13]
        .data            inited   0x200009c4      0x4  mac-arbiter.o [13]
        .data            inited   0x200009c8      0x4  network.o [13]
        .data            inited   0x200009cc      0xa  management.o [13]
        .data            inited   0x200009d8     0x20  scan.o [13]
        .data            inited   0x200009f8      0xe  mac-indirect.o [13]
        .data            inited   0x20000a08     0x10  zdo-channel.o [13]
        .data            inited   0x20000a18      0x8  mac-receive.o [13]
        .data            inited   0x20000a20      0x4  cal-pads.o [13]
        .data            inited   0x20000a24      0x4  mac-em250.o [13]
        .data            inited   0x20000a28      0x4  debug-jtag.o [13]
        .data            inited   0x20000a2c     0x40  token-def.o [10]
        .data            inited   0x20000a6c      0xa  analogue.o [13]
        .data            inited   0x20000a76      0x2  ember-configuration.o [10]
        .data            inited   0x20000a78      0x2  ember-configuration.o [10]
        .data            inited   0x20000a7a      0x6  child.o [13]
        .data            inited   0x20000a80      0x2  application-support.o [13]
        .data            inited   0x20000a82      0x2  micro-internal.o [8]
        .data            inited   0x20000a84      0x4  nodeid.o [13]
        .data            inited   0x20000a88      0x4  random.o [10]
        .data            inited   0x20000a8c      0x4  zigbee-device.o [13]
        .data            inited   0x20000a90      0x1  common.o [1]
        .data            inited   0x20000a91      0x1  exception.o [1]
        .data            inited   0x20000a92      0x1  ledlamp.o [1]
        .data            inited   0x20000a93      0x1  sensor.o [1]
        .data            inited   0x20000a94      0x1  packet-buffer.o [13]
        .data            inited   0x20000a95      0x1  ember-configuration.o [10]
        .data            inited   0x20000a96      0x1  ember-configuration.o [10]
        .data            inited   0x20000a97      0x1  ember-configuration.o [10]
        .data            inited   0x20000a98      0x1  ember-configuration.o [10]
        .data            inited   0x20000a99      0x1  ember-configuration.o [10]
        .data            inited   0x20000a9a      0x1  ember-configuration.o [10]
        .data            inited   0x20000a9b      0x1  ember-configuration.o [10]
        .data            inited   0x20000a9c      0x1  ember-configuration.o [10]
        .data            inited   0x20000a9d      0x1  ember-configuration.o [10]
        .data            inited   0x20000a9e      0x1  ember-configuration.o [10]
        .data            inited   0x20000a9f      0x1  ember-configuration.o [10]
        .data            inited   0x20000aa0      0x1  ember-configuration.o [10]
        .data            inited   0x20000aa1      0x1  ember-configuration.o [10]
        .data            inited   0x20000aa2      0x1  ember-configuration.o [10]
        .data            inited   0x20000aa3      0x1  ember-configuration.o [10]
        .data            inited   0x20000aa4      0x1  ember-configuration.o [10]
        .data            inited   0x20000aa5      0x1  ember-configuration.o [10]
        .data            inited   0x20000aa6      0x1  ember-configuration.o [10]
        .data            inited   0x20000aa7      0x1  ember-configuration.o [10]
        .data            inited   0x20000aa8      0x1  ember-configuration.o [10]
        .data            inited   0x20000aa9      0x1  ember-configuration.o [10]
        .data            inited   0x20000aaa      0x1  application-support.o [13]
        .data            inited   0x20000aab      0x1  zigbee-stack.o [13]
        .data            inited   0x20000aac      0x2  trust-center.o [10]
        .data            inited   0x20000aae      0x1  phy-common.o [13]
        .data            inited   0x20000aaf      0x6  phy-common.o [13]
        .data            inited   0x20000ab5      0x2  trust-center-util.o [11]
        .data            inited   0x20000ab7      0x2  random-id.o [13]
        .data            inited   0x20000ab9      0x1  zigbee-device-util.o [13]
    .bss                          0x20000abc    0x9cf  <Block>
      .bss               uninit   0x20000abc      0x4  adc.o [1]
      .bss               uninit   0x20000ac0      0x4  adc.o [1]
      .bss               uninit   0x20000ac4    0x1b4  command.o [1]
      .bss               uninit   0x20000c78      0xc  common.o [1]
      .bss               uninit   0x20000c84      0x8  incoming.o [1]
      .bss               uninit   0x20000c8c      0x4  ledlamp.o [1]
      .bss               uninit   0x20000c90      0x4  ledlamp.o [1]
      .bss               uninit   0x20000c94     0x54  ledlamp.o [1]
      .bss               uninit   0x20000ce8      0x4  mobile.o [1]
      .bss               uninit   0x20000cec     0xa4  network.o [1]
      .bss               uninit   0x20000d90     0x58  network.o [1]
      .bss               uninit   0x20000de8     0x70  network.o [1]
      .bss               uninit   0x20000e58     0xec  vehicle.o [1]
      .bss               uninit   0x20000f44     0xc4  vehicle.o [1]
      .bss               uninit   0x20001008      0xc  vehicle.o [1]
      .bss               uninit   0x20001014     0x20  vehicle.o [1]
      .bss               uninit   0x20001034     0x44  vehicle.o [1]
      .bss               uninit   0x20001078      0x8  vehicle.o [1]
      .bss               uninit   0x20001080      0x4  vehicle.o [1]
      .bss               uninit   0x20001084      0x4  association.o [13]
      .bss               uninit   0x20001088     0x1c  table.o [10]
      .bss               uninit   0x200010a4     0x44  lamp.o [10]
      .bss               uninit   0x200010e8      0x8  eui64.o [13]
      .bss               uninit   0x200010f0      0x4  aps-keys.o [11]
      .bss               uninit   0x200010f4      0x4  aps-keys.o [11]
      .bss               uninit   0x200010f8      0xc  zigbee-dispatch.o [13]
      .bss               uninit   0x20001104     0x30  form-and-join.o [10]
      .bss               uninit   0x20001134      0x4  form-and-join-node-adapter.o [10]
      .bss               uninit   0x20001138      0x4  form-and-join-node-adapter.o [10]
      .bss               uninit   0x2000113c      0x8  context-switch.o [8]
      .bss               uninit   0x20001144    0x118  phy.o [13]
      .bss               uninit   0x2000125c      0x8  phy-common.o [13]
      .bss               uninit   0x20001264      0x8  neighbor.o [13]
      .bss               uninit   0x2000126c      0xa  aps-retry.o [13]
      .bss               uninit   0x20001278      0x4  high-security-stub.o [11]
      .bss               uninit   0x2000127c      0xa  retry.o [13]
      .bss               uninit   0x20001288     0x30  retry.o [13]
      .bss               uninit   0x200012b8      0x4  aps-skke-stub.o [11]
      .bss               uninit   0x200012bc      0x4  aps-security.o [11]
      .bss               uninit   0x200012c0      0x8  mac.o [13]
      .bss               uninit   0x200012c8     0x80  mac.o [13]
      .bss               uninit   0x20001348      0x8  mac-indirect.o [13]
      .bss               uninit   0x20001350     0x10  child-aging.o [13]
      .bss               uninit   0x20001360      0x8  zigbee-device-util.o [13]
      .bss               uninit   0x20001368     0x4c  sim-eeprom.o [10]
      .bss               uninit   0x200013b4      0x8  crypto.o [13]
      .bss               uninit   0x200013bc      0x4  neighbor-exchange.o [13]
      .bss               uninit   0x200013c0     0x64  broadcast.o [13]
      .bss               uninit   0x20001424      0x4  end-device-bind-stub.o [7]
      .bss               uninit   0x20001428     0x14  unicast-table.o [13]
      .bss               uninit   0x2000143c      0x8  errno.o [6]
      .bss               uninit   0x20001444      0x2  adc.o [1]
      .bss               uninit   0x20001446      0x2  adc.o [1]
      .bss               uninit   0x20001448      0x2  common.o [1]
      .bss               uninit   0x2000144a      0x2  mac-header.o [13]
      .bss               uninit   0x2000144c      0x2  cstartup-iar-common.o [10]
      .bss               uninit   0x2000144e      0x2  phy.o [13]
      .bss               uninit   0x20001450      0x2  analogue-mod-dac.o [13]
      .bss               uninit   0x20001452      0x4  network.o [13]
      .bss               uninit   0x20001456      0x4  sim-eeprom-internal.o [8]
      .bss               uninit   0x2000145a      0x4  route-table.o [13]
      .bss               uninit   0x2000145e      0x1  adc.o [1]
      .bss               uninit   0x2000145f      0x1  adc.o [1]
      .bss               uninit   0x20001460      0x1  adc.o [1]
      .bss               uninit   0x20001461      0x1  adc.o [1]
      .bss               uninit   0x20001462      0x1  common.o [1]
      .bss               uninit   0x20001463      0x1  common.o [1]
      .bss               uninit   0x20001464      0x1  sensor.o [1]
      .bss               uninit   0x20001465      0x1  sensor.o [1]
      .bss               uninit   0x20001466      0x1  association.o [13]
      .bss               uninit   0x20001467      0x1  ember-configuration.o [10]
      .bss               uninit   0x20001468      0x1  ember-configuration.o [10]
      .bss               uninit   0x20001469      0x1  ember-configuration.o [10]
      .bss               uninit   0x2000146a      0x1  ember-configuration.o [10]
      .bss               uninit   0x2000146b      0x1  ember-configuration.o [10]
      .bss               uninit   0x2000146c      0x1  ember-configuration.o [10]
      .bss               uninit   0x2000146d      0x1  ember-configuration.o [10]
      .bss               uninit   0x2000146e      0x1  ember-configuration.o [10]
      .bss               uninit   0x2000146f      0x1  ember-configuration.o [10]
      .bss               uninit   0x20001470      0x1  ember-configuration.o [10]
      .bss               uninit   0x20001471      0x1  ember-configuration.o [10]
      .bss               uninit   0x20001472      0x1  application-support.o [13]
      .bss               uninit   0x20001473      0x1  zigbee-dispatch.o [13]
      .bss               uninit   0x20001474      0x1  mac-header.o [13]
      .bss               uninit   0x20001475      0x2  token.o [10]
      .bss               uninit   0x20001477      0x2  button.o [10]
      .bss               uninit   0x20001479      0x1  frame.o [10]
      .bss               uninit   0x2000147a      0x1  phy.o [13]
      .bss               uninit   0x2000147b      0x2  network.o [13]
      .bss               uninit   0x2000147d      0x1  high-security-stub.o [11]
      .bss               uninit   0x2000147e      0x1  zigbee-packet-header.o [13]
      .bss               uninit   0x2000147f      0x1  zigbee-packet-header.o [13]
      .bss               uninit   0x20001480      0x1  random-id.o [13]
      .bss               uninit   0x20001481      0x1  command.o [13]
      .bss               uninit   0x20001482      0x1  mac.o [13]
      .bss               uninit   0x20001483      0x1  alarm.o [3]
      .bss               uninit   0x20001484      0x1  crypto.o [13]
      .bss               uninit   0x20001485      0x2  mac-em250.o [13]
      .bss               uninit   0x20001487      0x1  debug-jtag.o [13]
      .bss               uninit   0x20001488      0x1  system-timer.o [8]
      .bss               uninit   0x20001489      0x1  flash.o [8]
      .bss               uninit   0x2000148a      0x1  route-discovery.o [13]
    APP_RAM                       0x2000148c    0x514  <Block>
      APP_RAM            uninit   0x2000148c    0x514  ember-configuration.o [10]
                                - 0x200019a0   0x19a0

"DEBUGCHAN":                                     0x10
  DEBUG_CHANNEL                   0x20001fe0     0x10  <Block>
    DEBUG_CHANNEL        uninit   0x20001fe0     0x10  debug-jtag.o [13]
                                - 0x20001ff0     0x10


*******************************************************************************
*** MODULE SUMMARY
***

    Module                          ro code  ro data  rw data
    ------                          -------  -------  -------
G:\Workshops\renovate\lamps\build\obj: [1]
    adc.o                               704                16
    callback.o                          322
    command.o                         2 580    1 328      740
    common.o                            332        9       17
    exception.o                         376      125        1
    incoming.o                        1 772      568        8
    ledlamp.o                           460      101      109
    micro.o                             552       24
    mobile.o                             16                 4
    network.o                           540               364
    pwm.o                               276
    sensor.o                          1 976      557        3
    sysinfo.o                         2 200    1 404
    vehicle.o                         4 668      612      556
    ---------------------------------------------------------
    Total:                           16 774    4 728    1 818

command line: [2]
    ---------------------------------------------------------
    Total:

alarm-library.a: [3]
    alarm.o                             528                 1
    ---------------------------------------------------------
    Total:                              528                 1

binding-table-library.a: [4]
    binding-table.o                     848
    zdo-binding-table.o                 444        8
    ---------------------------------------------------------
    Total:                            1 292        8

cbke-stub-library.a: [5]
    cbke-crypto-engine-stub.o            20
    ---------------------------------------------------------
    Total:                               20

dl7M_tl_in.a: [6]
    abs.o                                 8
    div.o                                14
    errno.o                              20                 8
    sscanf.o                             32
    strncmp.o                            42
    vsprintf.o                           40
    xdnorm.o                            198
    xdscale.o                           264
    xdtento.o                           452       72
    xprintffull.o                     3 266        8
    xscanffull.o                      2 528       16
    xsprout.o                            10
    xsscin.o                             32
    xstoflt.o                           432       32
    xstold.o                            188       16
    xstoll.o                            142
    xstopfx.o                           246
    xstoull.o                           356       80
    ---------------------------------------------------------
    Total:                            8 270      224        8

end-device-bind-stub-library.a: [7]
    end-device-bind-stub.o                8                 4
    ---------------------------------------------------------
    Total:                                8                 4

hal-library.a: [8]
    context-switch.o                     72                 8
    cstartup-iar.o                      340       16
    flash.o                             836        8        1
    micro-internal.o                    700        2        2
    sim-eeprom-internal.o             2 720       24        4
    spmr.o                               40
    system-timer.o                       64                 1
    ---------------------------------------------------------
    Total:                            4 772       50       16

rt7M_tl.a: [9]
    ABImemclr4.o                          6
    ABImemcpy.o                         112
    ABImemset48.o                        56
    DblAdd.o                            230
    DblCmpEq.o                           32
    DblCmpGe.o                           46
    DblCmpLe.o                           46
    DblDiv.o                            582
    DblMul.o                            418
    DblSub.o                            382
    DblToFlt.o                          144
    DblToI32.o                           86
    I32ToDbl.o                           46
    I64DivMod.o                         302
    I64DivZer.o                           2
    memchr.o                             88
    strchr.o                             22
    strlen.o                             54
    ---------------------------------------------------------
    Total:                            2 654

sealib.a: [10]
    button.o                            302                 2
    console.o                           252
    crc.o                                36
    cstartup-iar-common.o               100      364       46
    diagnostic.o                        552       20
    ember-configuration.o               276      121    1 416
    faults.o                            128
    flash.o                             132
    form-and-join-node-adapter.o         68       24        8
    form-and-join-node-callbacks.o       44
    form-and-join.o                     962       56       96
    fragment.o                          784       76       56
    frame.o                             620                 1
    isr-stubs.o
    lamp.o                              336       12       68
    led.o                                72       24
    mem.o                               370
    mpu.o                                64       64
    msg.o                               156
    node.o                               60
    random.o                             72        4        4
    serial.o                            296
    sim-eeprom.o                         14       31    8 268
    table.o                             732      120       28
    ticker.o                            252       10        8
    token-def.o                                  430       64
    token.o                             372       32        2
    trust-center.o                       40        2        2
    uart.o                              230       76
    ---------------------------------------------------------
    Total:                            7 322    1 466   10 069

security-library-core.a: [11]
    aps-encryption.o                    524
    aps-keys.o                          988                 8
    aps-security.o                    2 628        8        4
    aps-skke-stub.o                       8        1        4
    hashing.o                           246
    high-security-stub.o                  8                 5
    trust-center-util.o               1 144        2        2
    ---------------------------------------------------------
    Total:                            5 546       11       23

security-library-link-keys.a: [12]
    aps-keys-full.o                     676
    ---------------------------------------------------------
    Total:                              676

zigbee-pro-stack.a: [13]
    address-table.o                     712
    aes.o                               236
    analogue-cell-bias.o                612      244
    analogue-mod-dac.o                  340                 2
    analogue.o                        2 556      140       24
    application-support.o             2 240        3        4
    aps-retry.o                       1 896                10
    association.o                     4 248       76       53
    broadcast.o                         340               100
    cal-pads.o                           24        4        4
    child-aging.o                       324                16
    child-table.o                        64
    child.o                           1 736       14        6
    command.o                           836                 1
    crypto.o                          1 476                 9
    debug-jtag.o                        660        4       21
    debug.o                             548       24
    ember-stack-common.o                268
    eui64.o                              40                 8
    event-control.o                     128
    jit.o                               584       10       10
    leave.o                             730
    mac-arbiter.o                       928       40       24
    mac-em250.o                         336       16        6
    mac-header.o                        516                 3
    mac-indirect.o                    1 356       18       22
    mac-receive.o                       472        8        8
    mac.o                               864        8      137
    management.o                        804       10       10
    misc.o                               68
    neighbor-exchange.o                 836                 4
    neighbor.o                        1 504       12        8
    network.o                         4 460       12       10
    nodeid.o                             28        4        4
    packet-buffer.o                   1 618       17        1
    packet-header.o                     540       32
    phy-common.o                      1 192       31       15
    phy-util.o                           18
    phy.o                             1 216        8      283
    random-id.o                         728        2        3
    retry.o                             542                58
    route-discovery.o                 1 918       20        1
    route-error.o                       348
    route-table.o                       910       16        4
    scan.o                              840       42       32
    symbol-timer.o                       96
    unicast-table.o                     100                20
    zdo-channel.o                       848       34       16
    zigbee-device-util.o              1 160        9        9
    zigbee-device.o                   1 812       40        4
    zigbee-dispatch.o                   172                13
    zigbee-neighbor.o                   492
    zigbee-packet-header.o            1 380                 2
    zigbee-stack.o                      448      177        9
    ---------------------------------------------------------
    Total:                           49 148    1 075      974

    Gaps                                 52        6       19
    Linker created                                      1 880
-------------------------------------------------------------
    Grand Total:                     97 062    7 568   14 812


*******************************************************************************
*** ENTRY LIST
***

Entry                      Address    Size  Type      Object
-----                      -------    ----  ----      ------
.bss$$Base              0x20000abc           --   Gb  - Linker created -
.bss$$Limit             0x2000148b           --   Gb  - Linker created -
.data$$Base             0x20000758           --   Gb  - Linker created -
.data$$Limit            0x20000abc           --   Gb  - Linker created -
.data_init$$Base        0x0801957c           --   Gb  - Linker created -
.data_init$$Limit       0x080198de           --   Gb  - Linker created -
.noinit$$Base           0x00000000           --   Gb  - Linker created -
.text$$Base             0x08000184           --   Gb  - Linker created -
.text$$Limit            0x08017caa           --   Gb  - Linker created -
.textrw$$Base           0x00000000           --   Gb  - Linker created -
.textrw$$Limit          0x00000000           --   Gb  - Linker created -
.textrw_init$$Base      0x00000000           --   Gb  - Linker created -
ADC_Configuration       0x080003e1    0x20  Code  Gb  adc.o [1]
APPRO_block$$Base       0x08000100           --   Gb  - Linker created -
APPRO_block$$Limit      0x080198de           --   Gb  - Linker created -
APPRW_block$$Base       0x20000000           --   Gb  - Linker created -
APPRW_block$$Limit      0x200019a0           --   Gb  - Linker created -
APP_RAM$$Base           0x2000148c           --   Gb  - Linker created -
APP_RAM$$Limit          0x200019a0           --   Gb  - Linker created -
ApplicationHandler      0x080019fb    0x24  Code  Gb  ledlamp.o [1]
Bootloader_Configuration
                        0x08001a87     0x2  Code  Gb  ledlamp.o [1]
CSTACK$$Base            0x20000000           --   Gb  - Linker created -
CSTACK$$Limit           0x20000758           --   Gb  - Linker created -
CSTACK_overlay$$Base    0x20000000           --   Gb  - Linker created -
CSTACK_overlay$$Limit   0x20000758           --   Gb  - Linker created -
DEBUG_CHANNEL$$Base     0x20001fe0           --   Gb  - Linker created -
DEBUG_CHANNEL$$Limit    0x20001ff0           --   Gb  - Linker created -
DEV_Configuration       0x08001a71    0x14  Code  Gb  ledlamp.o [1]
ERASE_CRITICAL_THRESHOLD
                        0x0801956e     0x2  Data  Gb  sim-eeprom.o [10]
EZSP_Configuration      0x0800194d    0x54  Code  Gb  ledlamp.o [1]
HAL_Configuration       0x08001bf7    0xa0  Code  Gb  micro.o [1]
HEADER_block$$Base      0x08000000           --   Gb  - Linker created -
HEADER_block$$Limit     0x080000d8           --   Gb  - Linker created -
ID_COUNT                0x08019570     0x2  Data  Gb  sim-eeprom.o [10]
LED_Configuration       0x08001a3f     0x2  Code  Gb  ledlamp.o [1]
LEFT_BASE               0x08019566     0x2  Data  Gb  sim-eeprom.o [10]
LEFT_TOP                0x08019568     0x2  Data  Gb  sim-eeprom.o [10]
MiscellaneaHandler      0x080019ed     0xe  Code  Gb  ledlamp.o [1]
NET_Configuration       0x08001d51    0xb0  Code  Gb  network.o [1]
PAM_Configuration       0x08001bf5     0x2  Code  Gb  micro.o [1]
PTR_CACHE_SIZE          0x08019572     0x2  Data  Gb  sim-eeprom.o [10]
PWM_Configuration       0x08001f6d    0x70  Code  Gb  pwm.o [1]
PowerSupply_SW_on       0x08002035    0x1a  Code  Gb  pwm.o [1]
PowerSupply_SW_port_init
                        0x08002021    0x14  Code  Gb  pwm.o [1]
RESETINFO$$Base         0x20000000           --   Gb  - Linker created -
RESETINFO$$Limit        0x20000094           --   Gb  - Linker created -
RIGHT_BASE              0x0801956a     0x2  Data  Gb  sim-eeprom.o [10]
RIGHT_TOP               0x0801956c     0x2  Data  Gb  sim-eeprom.o [10]
Region$$Table$$Base     0x00000000           --   Gb  - Linker created -
Region$$Table$$Limit    0x00000000           --   Gb  - Linker created -
SIMEE$$Base             0x0801e000           --   Gb  - Linker created -
SIMEE$$Limit            0x08020000           --   Gb  - Linker created -
SYS_Configuration       0x08002879    0x76  Code  Gb  sysinfo.o [1]
Security_Configuration  0x08001a85     0x2  Code  Gb  ledlamp.o [1]
SerialInit              0x080070c1    0x40  Code  Gb  serial.o [10]
ShowCopyrights          0x08001a41    0x30  Code  Lc  ledlamp.o [1]
SysTickIsr              0x08013c88          Code  Wk  isr-stubs.o [10]
TICK_Configuration      0x08008ec9    0x20  Code  Gb  ticker.o [10]
TOKEN_MFG_1V8_REG_VOLTAGE
                        0x0801955e     0x2  Data  Gb  token.o [10]
TOKEN_MFG_ANALOG_TRIM_BOOST
                        0x08019558     0x2  Data  Gb  token.o [10]
TOKEN_MFG_ANALOG_TRIM_BOTH
                        0x0801955a     0x2  Data  Gb  token.o [10]
TOKEN_MFG_ANALOG_TRIM_NORMAL
                        0x08019556     0x2  Data  Gb  token.o [10]
TOKEN_MFG_EUI_64        0x08019564     0x2  Data  Gb  token.o [10]
TOKEN_MFG_OSC24M_BIAS_TRIM
                        0x08019562     0x2  Data  Gb  token.o [10]
TOKEN_MFG_PHY_CONFIG    0x08019560     0x2  Data  Gb  token.o [10]
TOKEN_MFG_REG_TRIM      0x0801955c     0x2  Data  Gb  token.o [10]
TOKEN_STACK_ALTERNATE_KEY_DEFAULTS
                        0x080193b4    0x14  Data  Gb  token-def.o [10]
TOKEN_STACK_ANALYSIS_REBOOT_DEFAULTS
                        0x08019578     0x2  Data  Gb  token-def.o [10]
TOKEN_STACK_APS_FRAME_COUNTER_DEFAULTS
                        0x080193b0     0x4  Data  Gb  token-def.o [10]
TOKEN_STACK_BINDING_TABLE_DEFAULTS
                        0x08019430    0x10  Data  Gb  token-def.o [10]
TOKEN_STACK_BOOT_COUNTER_DEFAULTS
                        0x08019576     0x2  Data  Gb  token-def.o [10]
TOKEN_STACK_CAL_DATA_DEFAULTS
                        0x080193ac     0x4  Data  Gb  token-def.o [10]
TOKEN_STACK_CERTIFICATE_TABLE_DEFAULTS
                        0x08019468    0x5c  Data  Gb  token-def.o [10]
TOKEN_STACK_CHILD_TABLE_DEFAULTS
                        0x08019440     0xc  Data  Gb  token-def.o [10]
TOKEN_STACK_CLASSIC_DATA_DEFAULTS
                        0x080193f0    0x1c  Data  Gb  token-def.o [10]
TOKEN_STACK_KEYS_DEFAULTS
                        0x080193cc    0x14  Data  Gb  token-def.o [10]
TOKEN_STACK_KEY_TABLE_DEFAULTS
                        0x0801944c    0x1c  Data  Gb  token-def.o [10]
TOKEN_STACK_NETWORK_MANAGEMENT_DEFAULTS
                        0x08019428     0x8  Data  Gb  token-def.o [10]
TOKEN_STACK_NODE_DATA_DEFAULTS
                        0x080193e0    0x10  Data  Gb  token-def.o [10]
TOKEN_STACK_NONCE_COUNTER_DEFAULTS
                        0x080193c8     0x4  Data  Gb  token-def.o [10]
TOKEN_STACK_NVDATA_VERSION_DEFAULTS
                        0x08019574     0x2  Data  Gb  token-def.o [10]
TOKEN_STACK_TRUST_CENTER_DEFAULTS
                        0x0801940c    0x1c  Data  Gb  token-def.o [10]
UART_Configuration      0x08001a1f    0x20  Code  Gb  ledlamp.o [1]
VIRTUAL_PAGES           0x0801957b     0x1  Data  Gb  sim-eeprom.o [10]
_GenldDefault           0x080164c5   0x24e  Code  Lc  xprintffull.o [6]
_GetN                   0x08015085    0x22  Code  Lc  xscanffull.o [6]
_GetfldDefault          0x08015225   0x106  Code  Lc  xscanffull.o [6]
_GetfloatDefault        0x0801569f   0x3c6  Code  Lc  xscanffull.o [6]
_GetintDefault          0x080154d5   0x1c4  Code  Lc  xscanffull.o [6]
_GetstrDefault          0x0801532b   0x1aa  Code  Lc  xscanffull.o [6]
_LdtobDefault           0x080160b1   0x40e  Code  Lc  xprintffull.o [6]
_LitobDefault           0x08015fa3   0x10e  Code  Lc  xprintffull.o [6]
_Printf                 0x08015a9d   0x506  Code  Gb  xprintffull.o [6]
_PutcharsDefault        0x0801672d    0x32  Code  Lc  xprintffull.o [6]
_SProut                 0x080179e5     0xa  Code  Gb  xsprout.o [6]
_SScin                  0x080179c5    0x20  Code  Gb  xsscin.o [6]
_Scanf                  0x080150a7   0x17a  Code  Gb  xscanffull.o [6]
_Stoflt                 0x080172f5   0x1b0  Code  Gb  xstoflt.o [6]
_Stopfx                 0x08017b51    0xf6  Code  Gb  xstopfx.o [6]
__aeabi_cdcmpeq         0x08017705          Code  Gb  DblCmpEq.o [9]
__aeabi_cdcmple         0x08016b71          Code  Gb  DblCmpLe.o [9]
__aeabi_cdrcmple        0x08016ba1          Code  Gb  DblCmpGe.o [9]
__aeabi_d2f             0x08016761          Code  Gb  DblToFlt.o [9]
__aeabi_d2iz            0x08016bd1          Code  Gb  DblToI32.o [9]
__aeabi_d2uiz           0x08016bfd          Code  Gb  DblToI32.o [9]
__aeabi_dadd            0x080174a5          Code  Gb  DblAdd.o [9]
__aeabi_ddiv            0x08016c29          Code  Gb  DblDiv.o [9]
__aeabi_dmul            0x08016e71          Code  Gb  DblMul.o [9]
__aeabi_dsub            0x08017015          Code  Gb  DblSub.o [9]
__aeabi_errno_addr      0x080176ed    0x14  Code  Gb  errno.o [6]
__aeabi_i2d             0x08017195          Code  Gb  I32ToDbl.o [9]
__aeabi_ldiv0           0x08017701          Code  Gb  I64DivZer.o [9]
__aeabi_ldivmod         0x080171c5          Code  Gb  I64DivMod.o [9]
__aeabi_memclr4         0x08014fe5          Code  Gb  ABImemclr4.o [9]
__aeabi_memcpy          0x08015015          Code  Gb  ABImemcpy.o [9]
__aeabi_memcpy4         0x0801502f          Code  Gb  ABImemcpy.o [9]
__aeabi_memcpy8         0x0801502f          Code  Gb  ABImemcpy.o [9]
__aeabi_memset4         0x08015a65          Code  Gb  ABImemset48.o [9]
__aeabi_memset8         0x08015a65          Code  Gb  ABImemset48.o [9]
__aeabi_ui2d            0x080171a9          Code  Gb  I32ToDbl.o [9]
__aeabi_uldivmod        0x080171d9          Code  Gb  I64DivMod.o [9]
__iar_Dnorm             0x08017a7d    0xc6  Code  Gb  xdnorm.o [6]
__iar_Dscale            0x080167f1   0x108  Code  Gb  xdscale.o [6]
__iar_Dtento            0x0801758d   0x160  Code  Gb  xdtento.o [6]
__iar_Dunscale          0x08017c47    0x64  Code  Gb  xdtento.o [6]
__iar_Errno             0x20001440     0x4  Data  Gb  errno.o [6]
__iar_Memchr            0x080168f9          Code  Gb  memchr.o [9]
__iar_Memset4_word      0x08015a6d          Code  Gb  ABImemset48.o [9]
__iar_Memset8_word      0x08015a6d          Code  Gb  ABImemset48.o [9]
__iar_Stold             0x08016951    0xbc  Code  Gb  xstold.o [6]
__iar_Stoll             0x080179ef    0x8e  Code  Gb  xstoll.o [6]
__iar_Stoull            0x08016a0d   0x164  Code  Gb  xstoull.o [6]
__iar_Strchr            0x08014fcd          Code  Gb  strchr.o [9]
__iar_Tls_setup___iar_Errno
                        0x2000143c     0x4  Data  Gb  errno.o [6]
__iar_d2uiz             0x08016c07          Code  Gb  DblToI32.o [9]
__iar_dadd              0x080174b7          Code  Gb  DblAdd.o [9]
__iar_dsub              0x08017027          Code  Gb  DblSub.o [9]
__iar_dsubStart         0x08017039          Code  Gb  DblSub.o [9]
__iar_ui2d              0x080171ab          Code  Gb  I32ToDbl.o [9]
__vector_table          0x08000100    0x84  Data  Gb  cstartup-iar-common.o [10]
_basePriIsDisabled      0x08004475          Code  Gb  spmr.o [8]
_disableBasePri         0x08004469          Code  Gb  spmr.o [8]
_enableBasePri          0x08004485          Code  Gb  spmr.o [8]
_macTransmitBuffer      0x200012c8    0x80  Data  Gb  mac.o [13]
_writeBasePri           0x08004461          Code  Gb  spmr.o [8]
abortReception          0x08005383    0x1e  Code  Lc  fragment.o [10]
abortReceptionEvent     0x200008bc     0x4  Data  Lc  fragment.o [10]
abortTransmission       0x0800517b    0x20  Code  Lc  fragment.o [10]
abs                     0x080179bd     0x8  Code  Gb  abs.o [6]
adcCalibrated           0x20001461     0x1  Data  Lc  adc.o [1]
adcConfig               0x20000ac0     0x4  Data  Lc  adc.o [1]
adcData                 0x20001444     0x2  Data  Lc  adc.o [1]
adcPendingConversion    0x2000145f     0x1  Data  Lc  adc.o [1]
adcPendingRequests      0x2000145e     0x1  Data  Lc  adc.o [1]
adcReadingValid         0x20001460     0x1  Data  Lc  adc.o [1]
adcReadings             0x20000abc     0x4  Data  Lc  adc.o [1]
adcStaticConfig         0x20001446     0x2  Data  Lc  adc.o [1]
addMobileChild          0x0800797d    0x8e  Code  Lc  child.o [13]
addToApplicationQueue   0x0800d185    0x30  Code  Lc  network.o [13]
addressMatchingEnabled  0x20000ab1     0x1  Data  Lc  phy-common.o [13]
adjustChannelFilter     0x08004591    0x1e  Code  Lc  analogue.o [13]
adjustLna               0x080046b9     0xa  Code  Lc  analogue.o [13]
adjustModulationDac     0x0800ad05     0xe  Code  Gb  analogue-mod-dac.o [13]
adjustPWM               0x08001fdd    0x16  Code  Gb  pwm.o [1]
adjustVco               0x080044dd    0x24  Code  Lc  analogue.o [13]
aesHashNextBlock        0x0801782b    0x2e  Code  Lc  hashing.o [11]
age                     0x200013c1     0x1  Data  Lc  broadcast.o [13]
appSendJitToChild       0x08001011    0x60  Code  Gb  common.o [1]
applicationProcessIncomingData
                        0x080087e1   0x184  Code  Lc  application-support.o [13]
arePageCountersOkay     0x0801095b    0x3c  Code  Lc  sim-eeprom-internal.o [8]
autoAckEnabled          0x20000ab2     0x1  Data  Lc  phy-common.o [13]
baseHeaderLength        0x08019264    0x10  Data  Lc  packet-header.o [13]
baudSettings            0x08019070    0x4c  Data  Gb  uart.o [10]
biasTrim                0x20000a82     0x2  Data  Gb  micro-internal.o [8]
blacklistedIdBytes      0x20000ab7     0x1  Data  Lc  random-id.o [13]
blacklistedIds          0x20000ab8     0x1  Data  Lc  random-id.o [13]
blockMask               0x200008ab     0x1  Data  Lc  fragment.o [10]
blocksInTransit         0x200008c7     0x1  Data  Lc  fragment.o [10]
blocksReceived          0x200008ad     0x1  Data  Lc  fragment.o [10]
boostTxPowerMax         0x2000089c     0x8  Data  Gb  analogue.o [13]
broadcastMessageSent    0x0800bf8d    0xac  Code  Lc  aps-retry.o [13]
button0State            0x20001477     0x1  Data  Gb  button.o [10]
button1State            0x20001478     0x1  Data  Gb  button.o [10]
buttonOnePress          0x20001463     0x1  Data  Gb  common.o [1]
buttonZeroPress         0x20001462     0x1  Data  Gb  common.o [1]
calDisableAdc           0x0800a9cd     0xc  Code  Gb  phy.o [13]
calReadAdcBlocking      0x0800a9ad    0x16  Code  Gb  phy.o [13]
calStartAdcConversion   0x0800a979    0x34  Code  Gb  phy.o [13]
calculateModDacTuneValue
                        0x0800ad6d    0xb4  Code  Lc  analogue-mod-dac.o [13]
carClearRouteTable      0x0800393b    0x5c  Code  Gb  vehicle.o [1]
carFindCardInTable      0x080037c1    0x34  Code  Lc  vehicle.o [1]
carInfo                 0x20000e58    0xec  Data  Gb  vehicle.o [1]
carReportHandler        0x080037f5   0x146  Code  Lc  vehicle.o [1]
carRouteEventHandler    0x08003997   0x2b2  Code  Gb  vehicle.o [1]
carScanKey              0x08003f53    0x42  Code  Lc  vehicle.o [1]
card_state              0x20001014    0x20  Data  Lc  vehicle.o [1]
ccaAttempt              0x2000125f     0x1  Data  Lc  phy-common.o [13]
cellBiasRegI            0x080191d0    0x58  Data  Gb  analogue-cell-bias.o [13]
cellBiasRegV            0x08019134    0x30  Data  Gb  analogue-cell-bias.o [13]
changeToChannel         0x20000a08     0x1  Data  Lc  zdo-channel.o [13]
channelCache            0x2000098a     0x1  Data  Lc  form-and-join.o [10]
channelIn               0x20000988     0x1  Data  Lc  form-and-join.o [10]
channelOut              0x20000987     0x1  Data  Lc  form-and-join.o [10]
checkForMovedChild      0x0800cb29    0x1c  Code  Lc  network.o [13]
childIsExpectingMessageBitField
                        0x2000134c     0x4  Data  Lc  mac-indirect.o [13]
childJitMessage         0x08007c5d    0xb4  Code  Lc  jit.o [13]
childPolledBitField     0x20001348     0x4  Data  Lc  mac-indirect.o [13]
cleanupEvent            0x20001134     0x4  Data  Lc  form-and-join-node-adapter.o [10]
cleanupEventHandler     0x08009e0f     0xc  Code  Lc  form-and-join-node-adapter.o [10]
clearNetworkSecurityFromMessage
                        0x08005d3d    0x28  Code  Lc  association.o [13]
cmdhd1                  0x20000758   0x130  Data  Gb  command.o [1]
continueScanRequest     0x08010659    0x5c  Code  Lc  zdo-channel.o [13]
copyPayload             0x080113c5    0x44  Code  Lc  alarm.o [3]
copyTokensToOtherPage   0x08010df9   0x1c8  Code  Lc  sim-eeprom-internal.o [8]
countIncremarks         0x0801115d    0x3e  Code  Lc  sim-eeprom-internal.o [8]
cstackMemory            0x20000000   0x758  Data  Gb  cstartup-iar-common.o [10]
curDeviceInfoListIndex  0x20000ce8     0x4  Data  Lc  mobile.o [1]
currentBroadcastLength  0x20001483     0x1  Data  Lc  alarm.o [3]
currentChannel          0x20000984     0x1  Data  Lc  form-and-join.o [10]
currentJitFlag          0x2000096c     0x2  Data  Lc  jit.o [13]
currentReceiveChannel   0x20001144     0x1  Data  Lc  phy.o [13]
dataContents            0x200009a4     0x4  Data  Lc  form-and-join.o [10]
debugChannel            0x20001fe0    0x10  Data  Lc  debug-jtag.o [13]
decodeShortDestination  0x08009185    0x46  Code  Lc  mac-header.o [13]
def_time                0x08018f84     0xc  Data  Gb  lamp.o [10]
deferredPanChange       0x0800de27    0x32  Code  Lc  management.o [13]
delayCount              0x2000127c     0x1  Data  Lc  retry.o [13]
deviceIsCoordinator     0x20000ab0     0x1  Data  Lc  phy-common.o [13]
digits                  0x0801950c    0x28  Data  Lc  xstoull.o [6]
disableFlitf            0x08013981    0x18  Code  Lc  flash.o [8]
div                     0x08017b43     0xe  Code  Gb  div.o [6]
dropJoinBeacon          0x08005a7b    0x1a  Code  Lc  association.o [13]
edCcaThreshold          0x20000ab3     0x1  Data  Lc  phy-common.o [13]
emActiveScanDuration    0x200008ff     0x1  Data  Gb  association.o [13]
emAddApsFrame           0x0800dab1    0xdc  Code  Gb  zigbee-packet-header.o [13]
emAddBeaconPayload      0x080067ad    0x9c  Code  Gb  association.o [13]
emAddBlacklistedId      0x0800e501    0x74  Code  Gb  random-id.o [13]
emAddBroadcastTableEntry
                        0x08012cf9    0x4c  Code  Gb  broadcast.o [13]
emAddNeighborGuaranteed
                        0x0800b649    0x60  Code  Gb  neighbor.o [13]
emAddPendingAckedMessage
                        0x0800b971    0x58  Code  Gb  aps-retry.o [13]
emAddRejoinedChild      0x0800762d    0xda  Code  Gb  child.o [13]
emAddTrustCenterRoute   0x08014047    0x24  Code  Gb  route-discovery.o [13]
[...]
maybeSendBasicAck       0x08008a15    0x20  Code  Lc  application-support.o [13]
maybeSendScanResults    0x080107b5    0x66  Code  Lc  zdo-channel.o [13]
memchr                  0x080168f9          Code  Gb  memchr.o [9]
millTickEvent           0x20000c8c     0x4  Data  Gb  ledlamp.o [1]
millTickHook            0x08008ee9    0xba  Code  Gb  ticker.o [10]
mnArray                 0x080180f0    0x18  Data  Gb  command.o [1]
mobileChildData         0x20000a7b     0x1  Data  Lc  child.o [13]
mobileChildDataIndex    0x08007939    0x3e  Code  Lc  child.o [13]
mobileChildDataLength   0x20000a7e     0x2  Data  Lc  child.o [13]
mobileInit              0x08001d41     0xa  Code  Gb  mobile.o [1]
mobileJoinApsFrame      0x0801924c     0x8  Data  Lc  network.o [13]
modDacForceReCal        0x20001450     0x2  Data  Gb  analogue-mod-dac.o [13]
mpuConfig               0x080190ec    0x40  Data  Lc  mpu.o [10]
msSinceLastPoll         0x2000135c     0x4  Data  Lc  child-aging.o [13]
msTimeEventHandler      0x080019cb    0x12  Code  Gb  ledlamp.o [1]
mtorFlags               0x08019338     0x8  Data  Lc  zigbee-device.o [13]
ndigs                   0x080194e4    0x28  Data  Lc  xstoull.o [6]
networkCount            0x2000098c     0x1  Data  Gb  form-and-join.o [10]
networkDecrypt          0x0800c389   0x158  Code  Lc  network.o [13]
networkInfo2            0x20001104    0x30  Data  Gb  form-and-join.o [10]
networkSubmitUnicast    0x0800c2b1    0x6c  Code  Lc  network.o [13]
network_info            0x20000de8    0x70  Data  Gb  network.o [1]
newChannel              0x20001466     0x1  Data  Lc  association.o [13]
newNwkUpdateId          0x20000a09     0x1  Data  Lc  zdo-channel.o [13]
newPanId                0x200009d4     0x2  Data  Lc  management.o [13]
nextApsFrameCounter     0x200013b8     0x4  Data  Lc  crypto.o [13]
nextChannel             0x200009d9     0x1  Data  Lc  scan.o [13]
nextIncomingRssi        0x200009f4     0x4  Data  Lc  scan.o [13]
nextNwkFrameCounter     0x200013b4     0x4  Data  Lc  crypto.o [13]
nextOutgoingRssi        0x200009f0     0x4  Data  Lc  scan.o [13]
nodeSecurityInit        0x08017725    0x3c  Code  Gb  node.o [10]
noteDiscoveryTimeout    0x08012dcd    0x6c  Code  Lc  route-table.o [13]
notePreconfiguredKeyType
                        0x0800efe5    0x22  Code  Lc  aps-security.o [11]
notifyTrustCenter       0x08008d1d    0x28  Code  Lc  leave.o [13]
oneScanDone             0x20000a10     0x1  Data  Lc  zdo-channel.o [13]
originalChannel         0x200009dc     0x1  Data  Lc  scan.o [13]
originalPanId           0x200009e4     0x2  Data  Lc  scan.o [13]
paPresent               0x2000089a     0x1  Data  Lc  analogue.o [13]
panConflictMeter        0x200009cc     0x1  Data  Lc  management.o [13]
panid_info              0x08018f0c    0x50  Data  Gb  table.o [10]
pendingAckedCount       0x2000126c     0x1  Data  Lc  aps-retry.o [13]
permitJoining           0x200008fc     0x1  Data  Lc  association.o [13]
phyHalEvents            0x08019038    0x18  Data  Gb  zigbee-stack.o [13]
plc                     0x20001008     0xc  Data  Lc  vehicle.o [1]
pollState               0x200009b6     0x1  Data  Lc  mac-arbiter.o [13]
powerLevelSettings      0x08018eb8     0x8  Data  Gb  analogue.o [13]
pows                    0x08017cc0    0x48  Data  Lc  xdtento.o [6]
previousTemperature     0x2000144e     0x2  Data  Lc  phy.o [13]
printEUI64              0x08000fdf    0x32  Code  Gb  common.o [1]
printLampHelp           0x08000589   0x138  Code  Lc  command.o [1]
processDeviceAnnounceAndFindIdConflict
                        0x0800ca95    0x94  Code  Lc  network.o [13]
processKeyCommand       0x0800ed19   0x218  Code  Lc  aps-security.o [11]
processRxAddressReceiveCompleteIsr
                        0x0800a6e5    0xec  Code  Lc  phy.o [13]
processRxPacketCompleteIsr
                        0x0800a7d1    0xe4  Code  Lc  phy.o [13]
processScanRequest      0x080106f1    0xc4  Code  Lc  zdo-channel.o [13]
processZigbeePacket     0x0800c611   0x354  Code  Lc  network.o [13]
ptiEnabled              0x20000aaf     0x1  Data  Lc  phy-common.o [13]
ptrCache                0x20001368    0x4c  Data  Gb  sim-eeprom.o [10]
ptrCacheLoc             0x0801093f    0x1c  Code  Lc  sim-eeprom-internal.o [8]
pushInt16u              0x0800d731     0xc  Code  Lc  zigbee-packet-header.o [13]
quietlyEraseChild       0x08007887    0x36  Code  Lc  child.o [13]
radioCheckCrc           0x20000aae     0x1  Data  Gb  phy-common.o [13]
radioCurrentPowerStatus
                        0x20000ab4     0x1  Data  Gb  phy-common.o [13]
radioPowerOnIdleMode    0x20001482     0x1  Data  Lc  mac.o [13]
readAdcTemperatureChannel
                        0x0800aa45    0x22  Code  Lc  phy.o [13]
readArray               0x08009af5    0x2a  Code  Gb  form-and-join.o [10]
readCounterValue        0x0801119b    0x28  Code  Lc  sim-eeprom-internal.o [8]
readError               0x20000989     0x1  Data  Lc  form-and-join.o [10]
readNetworkTokens       0x080069a5    0x1e  Code  Lc  association.o [13]
readNodeData            0x080069c3     0xa  Code  Lc  association.o [13]
readTokenData           0x080108d3    0x42  Code  Gb  sim-eeprom-internal.o [8]
recalculateMacDataPendingBitField
                        0x0800fe17    0x32  Code  Lc  mac-indirect.o [13]
receiveQueue            0x20000a28     0x4  Data  Lc  debug-jtag.o [13]
recvPlcStateFrm         0x080041f5    0xb0  Code  Gb  vehicle.o [1]
recyclePendingAckedMessages
                        0x0800b8e1    0x48  Code  Lc  aps-retry.o [13]
reenqueueSubmitHead     0x0800e057    0x6e  Code  Lc  retry.o [13]
rejoinUpdateDeviceStatusValues
                        0x08018f04     0x8  Data  Lc  association.o [13]
releaseFragments        0x0800515f    0x1c  Code  Lc  fragment.o [10]
removeDevice            0x0800d269    0x78  Code  Lc  trust-center-util.o [11]
requestKeyBuffer        0x20000ab6     0x1  Data  Lc  trust-center-util.o [11]
retryEntries            0x20001288    0x30  Data  Lc  retry.o [13]
routeRequestId          0x2000148a     0x1  Data  Lc  route-discovery.o [13]
routeTableTimer         0x2000145a     0x1  Data  Lc  route-table.o [13]
routerExceptionHandler  0x080010e9   0x150  Code  Gb  exception.o [1]
rs485Init               0x080030d1    0x12  Code  Lc  vehicle.o [1]
rs485_cmd               0x20000f44    0xc4  Data  Lc  vehicle.o [1]
runEventHandler         0x0800bac3    0xf6  Code  Lc  aps-retry.o [13]
rxBuffer                0x20001148   0x114  Data  Lc  phy.o [13]
rxFragments             0x200008b0     0xc  Data  Lc  fragment.o [10]
rxWindowBase            0x200008aa     0x1  Data  Lc  fragment.o [10]
sample                  0x20001034    0x44  Data  Lc  vehicle.o [1]
saveNetwork             0x08009d57    0x70  Code  Lc  form-and-join.o [10]
savedMSP                0x20001140          Code  Gb  context-switch.o [8]
savedResetCause         0x2000144c     0x2  Data  Lc  cstartup-iar-common.o [10]
scanAction              0x20001464     0x1  Data  Gb  sensor.o [1]
scanChannel             0x20000990    0x14  Data  Lc  form-and-join.o [10]
scanChannelMask         0x200009ec     0x4  Data  Lc  scan.o [13]
scanCloseTimeOutEvent   0x08009e07     0x8  Code  Gb  form-and-join-node-adapter.o [10]
scanDual                0x08009b91    0x4c  Code  Gb  form-and-join.o [10]
scanDuration            0x200009da     0x1  Data  Lc  scan.o [13]
scanErrorHandler        0x08009b39     0xa  Code  Gb  form-and-join.o [10]
scanFail                0x20000982     0x1  Data  Lc  form-and-join.o [10]
scanFrameCounter        0x200009e8     0x4  Data  Lc  scan.o [13]
scanInitial             0x08009b43    0x4e  Code  Gb  form-and-join.o [10]
scanModule              0x080025eb    0x2a  Code  Gb  sensor.o [1]
scanOpenTimeOutEvent    0x08009dff     0x8  Code  Gb  form-and-join-node-adapter.o [10]
scanRequestHeader       0x20000a0b     0x1  Data  Lc  zdo-channel.o [13]
scanResults             0x20000a0c     0x1  Data  Lc  zdo-channel.o [13]
scanSet                 0x08009bdd    0x12  Code  Gb  form-and-join.o [10]
scanSingnal             0x20000986     0x1  Data  Lc  form-and-join.o [10]
scanStatus              0x20000981     0x1  Data  Lc  form-and-join.o [10]
scanTimeOutEvent        0x20001138     0x4  Data  Lc  form-and-join-node-adapter.o [10]
scanTimeOutEventHandler
                        0x08009e1b     0xa  Code  Lc  form-and-join-node-adapter.o [10]
scanTransmitRetries     0x200009db     0x1  Data  Lc  scan.o [13]
scanWait                0x20000983     0x1  Data  Lc  form-and-join.o [10]
scaningStatus           0x08009bef     0x6  Code  Gb  form-and-join.o [10]
scansRemaining          0x20000a0d     0x1  Data  Lc  zdo-channel.o [13]
sea_addmultigroup       0x08001f0b    0x14  Code  Gb  network.o [1]
sea_adjustchannel       0x08006d45    0x30  Code  Gb  table.o [10]
sea_carmagic            0x0800342b    0x34  Code  Lc  vehicle.o [1]
sea_cleartable          0x08006e3f    0x26  Code  Lc  table.o [10]
sea_closelamp           0x080071df    0x20  Code  Lc  lamp.o [10]
sea_configprint         0x080028ef    0x30  Code  Gb  sysinfo.o [1]
sea_defaultconfig       0x08002839    0x40  Code  Gb  sysinfo.o [1]
sea_feedwatchdog        0x08001f65     0x8  Code  Gb  network.o [1]
sea_findchannelindex    0x08006d75    0x26  Code  Gb  table.o [10]
sea_firstable           0x08006e19    0x1e  Code  Lc  table.o [10]
sea_flashread           0x0800a4b5     0x8  Code  Gb  flash.o [10]
sea_flashreadshort      0x0800a4c3     0x6  Code  Gb  flash.o [10]
sea_flashwrite          0x0800a449    0x52  Code  Gb  flash.o [10]
sea_getcount            0x08006e65    0x2a  Code  Lc  table.o [10]
sea_getfail             0x08002633    0xa2  Code  Lc  sensor.o [1]
sea_getframe            0x0800a1dd    0x36  Code  Lc  frame.o [10]
sea_getmsg              0x08007135    0x2c  Code  Gb  msg.o [10]
sea_getnumber           0x08002615     0xa  Code  Lc  sensor.o [1]
sea_getopt              0x08006efd    0x5e  Code  Gb  console.o [10]
sea_getrs485            0x08003163    0x4a  Code  Lc  vehicle.o [1]
sea_getstatus           0x080026d5    0x18  Code  Lc  sensor.o [1]
sea_getype              0x0800261f    0x14  Code  Lc  sensor.o [1]
sea_initframe           0x0800a3f1    0x34  Code  Gb  frame.o [10]
sea_lampconfig          0x08000a11   0x4d8  Code  Gb  command.o [1]
sea_lampkeyboardinput   0x080006c1   0x190  Code  Gb  command.o [1]
sea_lastable            0x08006dd7    0x32  Code  Lc  table.o [10]
sea_makemultiapsframe   0x08001e21    0x24  Code  Lc  network.o [1]
sea_makeuniapsframe     0x08001e01    0x20  Code  Lc  network.o [1]
sea_memcomp             0x08006b35    0x2a  Code  Gb  mem.o [10]
sea_memcpy              0x08006aad    0x86  Code  Gb  mem.o [10]
sea_memset              0x08006b33     0x2  Code  Gb  mem.o [10]
sea_msgisempty          0x08007121    0x14  Code  Gb  msg.o [10]
sea_nextable            0x08006d9b    0x3c  Code  Lc  table.o [10]
sea_openlamp            0x080071bd    0x22  Code  Lc  lamp.o [10]
sea_parsecommand        0x08006f5b    0x9a  Code  Gb  console.o [10]
sea_parselampframe      0x08000851   0x1b8  Code  Gb  command.o [1]
sea_printf              0x0800707f    0x42  Code  Gb  serial.o [10]
sea_printframe          0x0800a213    0x34  Code  Lc  frame.o [10]
sea_printlamp           0x08002d7d   0x26c  Code  Gb  sysinfo.o [1]
sea_printsysconfig      0x08002921   0x456  Code  Gb  sysinfo.o [1]
sea_putframe            0x0800a247    0x80  Code  Gb  frame.o [10]
sea_putframebyte        0x0800a2cd    0x10  Code  Lc  frame.o [10]
sea_putframelong        0x0800a2f1    0x22  Code  Lc  frame.o [10]
sea_putframeshort       0x0800a2dd    0x14  Code  Lc  frame.o [10]
sea_putrs485            0x080030e3    0x80  Code  Lc  vehicle.o [1]
sea_recvbyte            0x0800a319    0xd8  Code  Lc  frame.o [10]
sea_sendmsg             0x08007161    0x4e  Code  Gb  msg.o [10]
sea_sendmultimsg        0x08001ead    0x5e  Code  Gb  network.o [1]
sea_sendunimsg          0x08001e45    0x68  Code  Gb  network.o [1]
sea_startcar            0x08003231    0xa4  Code  Lc  vehicle.o [1]
sea_stopcar             0x080032d5    0x88  Code  Lc  vehicle.o [1]
sea_tableflasherase     0x0800a49b    0x1a  Code  Gb  flash.o [10]
sea_togglelamp          0x080071ff     0xc  Code  Lc  lamp.o [10]
sea_turncar             0x0800335d    0xce  Code  Lc  vehicle.o [1]
sea_uartclear           0x0800704b     0xa  Code  Lc  serial.o [10]
sea_uartgetbyte         0x08006ff9    0x26  Code  Lc  serial.o [10]
sea_uartisempty         0x0800701f    0x14  Code  Lc  serial.o [10]
sea_uartputbyte         0x08007033    0x18  Code  Lc  serial.o [10]
sea_uartsendbyte        0x08007055    0x2a  Code  Gb  serial.o [10]
sea_updatepercent       0x0800722d    0x28  Code  Gb  lamp.o [10]
sea_updatesysconfig     0x08006cfd    0x3e  Code  Gb  table.o [10]
sea_updatetime          0x0800720b    0x22  Code  Gb  lamp.o [10]
sea_writedefaultconfig  0x08006c21    0xdc  Code  Gb  table.o [10]
secTickEvent            0x20000c90     0x4  Data  Gb  ledlamp.o [1]
secTickHook             0x08008fa3    0x12  Code  Gb  ticker.o [10]
secTimeEventHandler     0x080019dd    0x10  Code  Gb  ledlamp.o [1]
seed0                   0x20000a88     0x2  Data  Lc  random.o [10]
seed1                   0x20000a8a     0x2  Data  Lc  random.o [10]
send1                   0x20000cec    0xa4  Data  Gb  network.o [1]
sendAckedUnicast        0x0800bbb9    0xa8  Code  Lc  aps-retry.o [13]
sendApplicationKeys     0x0800d4ed    0xd4  Code  Lc  trust-center-util.o [11]
sendFromChild           0x20000a80     0x2  Data  Lc  application-support.o [13]
sendLeaveCommand        0x08008d81    0x78  Code  Lc  leave.o [13]
sendNeighborExchange    0x08012375    0xa6  Code  Lc  neighbor-exchange.o [13]
sendNextFragments       0x08005107    0x58  Code  Lc  fragment.o [10]
sendSpecialJoinRequest  0x08005d65    0xba  Code  Lc  association.o [13]
sensorCommandHandler    0x08002755    0x58  Code  Gb  sensor.o [1]
sensorCommonSetupSecurity
                        0x08000fc3    0x1c  Code  Gb  common.o [1]
sensorInit              0x080026ed    0x68  Code  Gb  sensor.o [1]
sensorJoinNetwork       0x080023d1   0x21a  Code  Gb  sensor.o [1]
sequenceNumber          0x20001487     0x1  Data  Lc  debug-jtag.o [13]
serial_info             0x20000c94    0x54  Data  Gb  ledlamp.o [1]
setBlockMask            0x0800519b    0x28  Code  Lc  fragment.o [10]
setChildTokenData       0x08007a67    0xa6  Code  Lc  child.o [13]
setNetworkParameters    0x080068b9    0x48  Code  Lc  association.o [13]
setNonvolatileBinding   0x080128d9     0xc  Code  Lc  binding-table.o [4]
setRadioParameters      0x08006871    0x48  Code  Lc  association.o [13]
setTxStepTime           0x08004905    0x38  Code  Lc  analogue.o [13]
shift                   0x0800a529    0x10  Code  Lc  random.o [10]
shortIndirectPool       0x20000a00     0x4  Data  Lc  mac-indirect.o [13]
simEeSetDataActiveSemaphore
                        0x20001476     0x1  Data  Gb  token.o [10]
simulatedEepromStorage  0x0801e000  0x2000  Data  Gb  sim-eeprom.o [10]
single_info             0x200010a4    0x44  Data  Gb  lamp.o [10]
sizeCache               0x080192a8    0x10  Data  Gb  sim-eeprom.o [10]
sleepTimerInterruptOccurred
                        0x20001488     0x1  Data  Lc  system-timer.o [8]
sleepyBroadcastHeader   0x20000964     0x1  Data  Lc  jit.o [13]
spTransmitConfig        0x20000978     0x8  Data  Gb  zigbee-stack.o [13]
sscanf                  0x08014f75    0x20  Code  Gb  sscanf.o [6]
st_turn                 0x20001078     0x8  Data  Lc  vehicle.o [1]
stackEvents             0x08018fa8    0x90  Data  Gb  zigbee-stack.o [13]
startChannelScan        0x0800f93d    0x5c  Code  Lc  scan.o [13]
startNetworkOperation   0x08005ad9    0x14  Code  Lc  association.o [13]
startNextConversion     0x08000191    0x86  Code  Gb  adc.o [1]
startPanIdScan          0x08009a9b    0x36  Code  Lc  form-and-join.o [10]
strchr                  0x08014fcd          Code  Gb  strchr.o [9]
strlen                  0x08014f95          Code  Gb  strlen.o [9]
strncmp                 0x08017993    0x2a  Code  Gb  strncmp.o [6]
submitCount             0x2000127d     0x1  Data  Lc  retry.o [13]
swoOutput               0x08013305    0xd0  Code  Lc  debug-jtag.o [13]
sys_info                0x20000d90    0x58  Data  Gb  network.o [1]
systime                 0x20000974     0x4  Data  Lc  ticker.o [10]
table_info              0x20001088    0x1c  Data  Gb  table.o [10]
terminateScanRequest    0x080106b9    0x26  Code  Lc  zdo-channel.o [13]
ticksSinceLastPoll      0x20001350     0x1  Data  Lc  child-aging.o [13]
timeoutPools            0x0800fe69    0xd4  Code  Lc  mac-indirect.o [13]
tokenArraySize          0x0801939c    0x10  Data  Gb  token-def.o [10]
tokenCreators           0x0801935c    0x20  Data  Gb  token-def.o [10]
tokenDefaults           0x20000a2c    0x40  Data  Gb  token-def.o [10]
tokenIsCnt              0x0801937c    0x10  Data  Gb  token-def.o [10]
tokenSize               0x0801938c    0x10  Data  Gb  token-def.o [10]
tokensActive            0x20001475     0x1  Data  Gb  token.o [10]
totalTxBlocks           0x200008c5     0x1  Data  Lc  fragment.o [10]
transmitQueue           0x200009b8     0x8  Data  Lc  mac-arbiter.o [13]
trustCenterAllowJoins   0x20000aac     0x1  Data  Lc  trust-center.o [10]
trustCenterUsePreconfiguredKey
                        0x20000aad     0x1  Data  Lc  trust-center.o [10]
txFragments             0x200008c8     0xc  Data  Lc  fragment.o [10]
txWindowBase            0x200008c6     0x1  Data  Lc  fragment.o [10]
uartfrm                 0x20000ac4   0x1b4  Data  Gb  command.o [1]
unicastHead             0x20001428     0x1  Data  Lc  unicast-table.o [13]
uninitializedIsr        0x08014d45          Code  Gb  faults.o [10]
unsentMessageCount      0x200009b5     0x1  Data  Lc  mac-arbiter.o [13]
unsolicitedChannelReport
                        0x20000a0a     0x1  Data  Lc  zdo-channel.o [13]
vcoLastTuneValueAvailable
                        0x20000a6d     0x1  Data  Lc  analogue.o [13]
vcoTuneModDacError      0x0800ad15    0x48  Code  Lc  analogue-mod-dac.o [13]
vehicleAppHandler       0x08003e71    0xe2  Code  Gb  vehicle.o [1]
vehicleInit             0x0800345f   0x322  Code  Gb  vehicle.o [1]
vehicleMsEventHandler   0x08003fa9   0x116  Code  Gb  vehicle.o [1]
vehicleRouteTable       0x08003c61   0x1fe  Code  Gb  vehicle.o [1]
vehicleTimeEventHandler
                        0x080040f5    0xb4  Code  Gb  vehicle.o [1]
vsprintf                0x08014fed    0x28  Code  Gb  vsprintf.o [6]
walkDelayQueue          0x0800deb5    0xc0  Code  Lc  retry.o [13]
workhour                0x20000970     0x1  Data  Lc  ticker.o [10]
writeArray              0x08009b1f    0x1a  Code  Gb  form-and-join.o [10]
writeMessage            0x0800586f    0x58  Code  Lc  packet-buffer.o [13]
writePageCounters       0x08010fc5    0x6e  Code  Lc  sim-eeprom-internal.o [8]
writeTokenBlockData     0x08010881    0x52  Code  Gb  sim-eeprom-internal.o [8]
xorBufferBytesIntoBlock
                        0x08011a29    0x80  Code  Lc  crypto.o [13]
zigDevApsStruct         0x20001364     0x4  Data  Lc  zigbee-device-util.o [13]
zigDevRequestSequence   0x20001360     0x1  Data  Lc  zigbee-device-util.o [13]


[1] = G:\Workshops\renovate\lamps\build\obj
[2] = command line
[3] = alarm-library.a
[4] = binding-table-library.a
[5] = cbke-stub-library.a
[6] = dl7M_tl_in.a
[7] = end-device-bind-stub-library.a
[8] = hal-library.a
[9] = rt7M_tl.a
[10] = sealib.a
[11] = security-library-core.a
[12] = security-library-link-keys.a
[13] = zigbee-pro-stack.a

  97 062 bytes of readonly  code memory
   7 568 bytes of readonly  data memory
  14 812 bytes of readwrite data memory

Errors: none
Warnings: none
